
Allocating common symbols
Common symbol       size              file

tid2                0x4               main.o
ary1                0x320             main.o
ary2                0x320             main.o
g_heap              0x4               lib/malloc.o
tid1                0x4               main.o

Discarded input sections

 .drectve       0x00000000       0x54 main.o
 .drectve       0x00000000       0x18 lib/malloc.o

Memory Configuration

Name             Origin             Length             Attributes
*default*        0x00000000         0xffffffff

Linker script and memory map

                0x00400000                __image_base__ = 0x400000
                0x00000000                __dll__ = 0x0
                0x00400000                ___ImageBase = 0x400000
                0x00001000                __section_alignment__ = 0x1000
                0x00000200                __file_alignment__ = 0x200
                0x00000004                __major_os_version__ = 0x4
                0x00000000                __minor_os_version__ = 0x0
                0x00000001                __major_image_version__ = 0x1
                0x00000000                __minor_image_version__ = 0x0
                0x00000004                __major_subsystem_version__ = 0x4
                0x00000000                __minor_subsystem_version__ = 0x0
                0x00000003                __subsystem__ = 0x3
                0x00200000                __size_of_stack_reserve__ = 0x200000
                0x00001000                __size_of_stack_commit__ = 0x1000
                0x00100000                __size_of_heap_reserve__ = 0x100000
                0x00001000                __size_of_heap_commit__ = 0x1000
                0x00000000                __loader_flags__ = 0x0
                0x00000000                __dll_characteristics__ = 0x0
LOAD lib/crt0.o
LOAD lib/setjmp.o
LOAD lib/syscall-wrapper.o
LOAD vm86call.o
LOAD graphics.o
LOAD main.o
LOAD lib/sysconf.o
LOAD lib/math.o
LOAD lib/stdio.o
LOAD lib/stdlib.o
LOAD lib/qsort.o
LOAD ../lib/softfloat.o
LOAD ../lib/string.o
LOAD ../lib/memcpy.o
LOAD ../lib/memset.o
LOAD ../lib/snprintf.o
LOAD lib/malloc.o
LOAD ../lib/tlsf/tlsf.o
                0x00000380                . = SIZEOF_HEADERS
                0x00001000                . = ALIGN (__section_alignment__)

.text           0x00401000     0x4600
 *(.init)
 *(.text)
 .text          0x00401000        0x8 lib/crt0.o
                0x00401000                start
 .text          0x00401008       0x38 lib/setjmp.o
                0x00401008                setjmp
                0x00401022                longjmp
 .text          0x00401040       0xa0 lib/syscall-wrapper.o
                0x00401040                task_exit
                0x00401048                task_create
                0x00401050                task_getid
                0x00401058                task_yield
                0x00401060                task_wait
                0x00401068                reboot
                0x00401070                mmap
                0x00401078                munmap
                0x00401080                sleep
                0x00401088                nanosleep
                0x00401090                beep
                0x00401098                vm86
                0x004010a0                putchar
                0x004010a8                getchar
                0x004010b0                recv
                0x004010b8                send
                0x004010c0                ioctl
                0x004010c8                time
                0x004010d0                getpriority
                0x004010d8                setpriority
 .text          0x004010e0      0x13c vm86call.o
                0x004010e0                vm86call
 .text          0x0040121c      0xb84 graphics.o
                0x004013f4                list_graphic_modes
                0x004015f8                init_graphic
                0x0040193c                exit_graphic
                0x00401968                setPixel
                0x00401c58                line
 .text          0x00401da0      0x58c main.o
                0x00401da0                tsk_3
                0x00402018                __main
                0x00402068                sort_bubble1
                0x00402168                tsk_1
                0x004021c0                sort_bubble2
                0x004022d0                tsk_2
 .text          0x0040232c       0x18 lib/sysconf.o
                0x0040232c                sysconf
 .text          0x00402344      0x1d0 lib/math.o
                0x00402344                fabs
                0x00402358                floor
                0x004023a0                ceil
                0x004023fc                sin
                0x00402404                cos
                0x0040240c                sqrt
                0x00402414                log2
                0x00402424                atan2
                0x00402434                tan
                0x00402440                cot
                0x0040244c                pow
                0x004024bc                exp
                0x00402500                log
 .text          0x00402514      0x18c lib/stdio.o
                0x00402514                printf
                0x0040256c                fprintf
                0x004025c4                vprintf
                0x0040261c                vfprintf
                0x00402630                vsprintf
                0x0040265c                sprintf
                0x00402688                fputc
 .text          0x004026a0      0x658 lib/stdlib.o
                0x004026a0                exit
                0x004026a8                ldiv
                0x004026c4                div
                0x004026e0                rand_r
                0x00402780                rand
                0x0040283c                srand
                0x00402848                strtol
                0x00402a68                strtoul
                0x00402cd4                atol
 .text          0x00402cf8      0x840 lib/qsort.o
                0x00402cf8                qsort
 .text          0x00403538      0x204 ../lib/softfloat.o
                0x00403538                __udivmoddi4
                0x004035f0                __divdi3
                0x00403658                __moddi3
                0x004036cc                __udivdi3
                0x00403700                __umoddi3
 .text          0x0040373c      0x2a0 ../lib/string.o
                0x0040373c                memcmp
                0x00403764                memmove
                0x004037b4                memchr
                0x004037dc                strcat
                0x00403800                strcmp
                0x0040382c                strncmp
                0x00403878                strchr
                0x0040389c                strrchr
                0x004038c0                strstr
                0x00403960                strcpy
                0x00403980                strlen
                0x00403998                strncpy
 .text          0x004039dc      0x530 ../lib/memcpy.o
                0x004039dc                memcpy
 .text          0x00403f0c       0x9c ../lib/memset.o
                0x00403f0c                memset
 .text          0x00403fa8      0x940 ../lib/snprintf.o
                0x004041f8                vsnprintf
                0x004048b0                snprintf
 .text          0x004048e8       0x90 lib/malloc.o
                0x004048e8                malloc
                0x00404904                calloc
                0x00404914                memalign
                0x00404938                realloc
                0x0040495c                free
 .text          0x00404978      0x9b4 ../lib/tlsf/tlsf.o
                0x00404cf4                tlsf_check
                0x00404df8                tlsf_walk_pool
                0x00404e64                tlsf_block_size
                0x00404e78                tlsf_check_pool
                0x00404eb0                tlsf_size
                0x00404eb8                tlsf_align_size
                0x00404ec0                tlsf_block_size_min
                0x00404ec8                tlsf_block_size_max
                0x00404ed0                tlsf_pool_overhead
                0x00404ed8                tlsf_alloc_overhead
                0x00404ee0                tlsf_add_pool
                0x00404f30                tlsf_remove_pool
                0x00404f78                tlsf_create
                0x00404fc4                tlsf_create_with_pool
                0x00405040                tlsf_destroy
                0x00405044                tlsf_get_pool
                0x00405050                tlsf_malloc
                0x0040507c                tlsf_memalign
                0x0040515c                tlsf_free
                0x004051d0                tlsf_realloc
 *(SORT(.text$*))
 *(.text.*)
 .text.startup  0x0040532c      0x1a8 main.o
                0x0040532c                main
 *(.gnu.linkonce.t.*)
 *(.glue_7t)
 *(.glue_7)
                0x004054d4                ___CTOR_LIST__ = .
                0x004054d4                __CTOR_LIST__ = .
                0x004054d4        0x4 LONG 0xffffffff
 *(.ctors)
 *(.ctor)
 *(SORT(.ctors.*))
                0x004054d8        0x4 LONG 0x0
                0x004054dc                ___DTOR_LIST__ = .
                0x004054dc                __DTOR_LIST__ = .
                0x004054dc        0x4 LONG 0xffffffff
 *(.dtors)
 *(.dtor)
 *(SORT(.dtors.*))
                0x004054e0        0x4 LONG 0x0
 *(.fini)
 *(.gcc_exc)
                0x004054e4                PROVIDE (etext, .)
 *(.gcc_except_table)

.data           0x00406000      0x200
                0x00406000                __data_start__ = .
 *(.data)
 .data          0x00406000        0x0 lib/crt0.o
 .data          0x00406000        0x0 lib/setjmp.o
 .data          0x00406000        0x0 lib/syscall-wrapper.o
 .data          0x00406000        0x0 vm86call.o
 .data          0x00406000        0x4 graphics.o
 .data          0x00406004        0x0 main.o
 .data          0x00406004        0x0 lib/sysconf.o
 .data          0x00406004        0x0 lib/math.o
 .data          0x00406004        0x0 lib/stdio.o
 .data          0x00406004        0x4 lib/stdlib.o
 .data          0x00406008        0x0 lib/qsort.o
 .data          0x00406008        0x0 ../lib/softfloat.o
 .data          0x00406008        0x0 ../lib/string.o
 .data          0x00406008        0x0 ../lib/memcpy.o
 .data          0x00406008        0x0 ../lib/memset.o
 .data          0x00406008        0x0 ../lib/snprintf.o
 .data          0x00406008        0x0 lib/malloc.o
 .data          0x00406008        0x0 ../lib/tlsf/tlsf.o
 *(.data2)
 *(SORT(.data$*))
 *(.jcr)
                0x00406008                __data_end__ = .
 *(.data_cygwin_nocopy)

.rdata          0x00407000      0x600
 *(.rdata)
 .rdata         0x00407000       0x2c vm86call.o
 .rdata         0x0040702c      0x260 graphics.o
 *fill*         0x0040728c        0x4 
 .rdata         0x00407290        0x8 lib/math.o
 .rdata         0x00407298       0x20 ../lib/memcpy.o
 .rdata         0x004072b8      0x1dc ../lib/snprintf.o
 *(SORT(.rdata$*))
                0x00407494                __rt_psrelocs_start = .
 *(.rdata_runtime_pseudo_reloc)
                0x00407494                __rt_psrelocs_end = .
                0x00000000                __rt_psrelocs_size = (__rt_psrelocs_end - __rt_psrelocs_start)
                0x00407494                ___RUNTIME_PSEUDO_RELOC_LIST_END__ = .
                0x00407494                __RUNTIME_PSEUDO_RELOC_LIST_END__ = .
                0x00407494                ___RUNTIME_PSEUDO_RELOC_LIST__ = (. - __rt_psrelocs_size)
                0x00407494                __RUNTIME_PSEUDO_RELOC_LIST__ = (. - __rt_psrelocs_size)

.eh_frame       0x00408000     0x1400
 *(.eh_frame*)
 .eh_frame      0x00408000       0x70 vm86call.o
 .eh_frame      0x00408070      0x1d4 graphics.o
 .eh_frame      0x00408244      0x13c main.o
 .eh_frame      0x00408380       0x2c lib/sysconf.o
 .eh_frame      0x004083ac      0x150 lib/math.o
 .eh_frame      0x004084fc      0x118 lib/stdio.o
 .eh_frame      0x00408614      0x190 lib/stdlib.o
 .eh_frame      0x004087a4       0x70 lib/qsort.o
 .eh_frame      0x00408814      0x108 ../lib/softfloat.o
 .eh_frame      0x0040891c      0x1f8 ../lib/string.o
 .eh_frame      0x00408b14       0x70 ../lib/memcpy.o
 .eh_frame      0x00408b84       0x64 ../lib/memset.o
 .eh_frame      0x00408be8       0xb8 ../lib/snprintf.o
 .eh_frame      0x00408ca0       0x8c lib/malloc.o
 .eh_frame      0x00408d2c      0x4f4 ../lib/tlsf/tlsf.o

.pdata
 *(.pdata)

.bss            0x0040a000      0x9a8
                0x0040a000                __bss_start__ = .
 *(.bss)
 .bss           0x0040a000        0x0 lib/crt0.o
 .bss           0x0040a000        0x0 lib/setjmp.o
 .bss           0x0040a000        0x0 lib/syscall-wrapper.o
 .bss           0x0040a000        0x0 vm86call.o
 .bss           0x0040a000      0x340 graphics.o
                0x0040a000                g_graphic_dev
 .bss           0x0040a340        0x0 main.o
 .bss           0x0040a340        0x0 lib/sysconf.o
 .bss           0x0040a340        0x0 lib/math.o
 .bss           0x0040a340        0x0 lib/stdio.o
 .bss           0x0040a340        0x0 lib/stdlib.o
 .bss           0x0040a340        0x0 lib/qsort.o
 .bss           0x0040a340        0x0 ../lib/softfloat.o
 .bss           0x0040a340        0x0 ../lib/string.o
 .bss           0x0040a340        0x0 ../lib/memcpy.o
 .bss           0x0040a340        0x0 ../lib/memset.o
 .bss           0x0040a340        0x0 ../lib/snprintf.o
 .bss           0x0040a340        0x0 lib/malloc.o
 .bss           0x0040a340        0x0 ../lib/tlsf/tlsf.o
 *(COMMON)
 COMMON         0x0040a340      0x664 main.o
                0x0040a340                tid2
                0x0040a360                ary1
                0x0040a680                ary2
                0x0040a9a0                tid1
 COMMON         0x0040a9a4        0x4 lib/malloc.o
                0x0040a9a4                g_heap
                0x0040a9a8                __bss_end__ = .

.edata
 *(.edata)

/DISCARD/
 *(.debug$S)
 *(.debug$T)
 *(.debug$F)
 *(.drectve)
 *(.note.GNU-stack)
 *(.gnu.lto_*)

.idata          0x0040b000      0x200
 SORT(*)(.idata$2)
 SORT(*)(.idata$3)
                0x0040b000        0x4 LONG 0x0
                0x0040b004        0x4 LONG 0x0
                0x0040b008        0x4 LONG 0x0
                0x0040b00c        0x4 LONG 0x0
                0x0040b010        0x4 LONG 0x0
 SORT(*)(.idata$4)
                0x0040b014                __IAT_start__ = .
 SORT(*)(.idata$5)
                0x0040b014                __IAT_end__ = .
 SORT(*)(.idata$6)
 SORT(*)(.idata$7)

.CRT            0x0040c000        0x0
                0x0040c000                ___crt_xc_start__ = .
 *(SORT(.CRT$XC*))
                0x0040c000                ___crt_xc_end__ = .
                0x0040c000                ___crt_xi_start__ = .
 *(SORT(.CRT$XI*))
                0x0040c000                ___crt_xi_end__ = .
                0x0040c000                ___crt_xl_start__ = .
 *(SORT(.CRT$XL*))
                0x0040c000                ___crt_xp_start__ = .
 *(SORT(.CRT$XP*))
                0x0040c000                ___crt_xp_end__ = .
                0x0040c000                ___crt_xt_start__ = .
 *(SORT(.CRT$XT*))
                0x0040c000                ___crt_xt_end__ = .

.tls            0x0040c000        0x0
                0x0040c000                ___tls_start__ = .
 *(.tls)
 *(.tls$)
 *(SORT(.tls$*))
                0x0040c000                ___tls_end__ = .

.endjunk        0x0040c000        0x0
                0x0040c000                PROVIDE (end, .)
                0x0040c000                PROVIDE (_end, .)
                0x0040c000                __end__ = .

.rsrc
 *(.rsrc)
 *(SORT(.rsrc$*))

.reloc
 *(.reloc)

.stab
 *(.stab)

.stabstr
 *(.stabstr)

.debug_aranges  0x0040c000      0x200
 *(.debug_aranges)
 .debug_aranges
                0x0040c000       0x20 vm86call.o
 .debug_aranges
                0x0040c020       0x20 graphics.o
 .debug_aranges
                0x0040c040       0x28 main.o
 .debug_aranges
                0x0040c068       0x20 lib/sysconf.o
 .debug_aranges
                0x0040c088       0x20 lib/math.o
 .debug_aranges
                0x0040c0a8       0x20 lib/stdio.o
 .debug_aranges
                0x0040c0c8       0x20 lib/stdlib.o
 .debug_aranges
                0x0040c0e8       0x20 lib/qsort.o
 .debug_aranges
                0x0040c108       0x20 ../lib/softfloat.o
 .debug_aranges
                0x0040c128       0x20 ../lib/string.o
 .debug_aranges
                0x0040c148       0x20 ../lib/memcpy.o
 .debug_aranges
                0x0040c168       0x20 ../lib/memset.o
 .debug_aranges
                0x0040c188       0x20 ../lib/snprintf.o
 .debug_aranges
                0x0040c1a8       0x20 lib/malloc.o
 .debug_aranges
                0x0040c1c8       0x20 ../lib/tlsf/tlsf.o

.debug_pubnames
 *(.debug_pubnames)

.debug_pubtypes
 *(.debug_pubtypes)

.debug_info     0x0040d000     0x8c00
 *(.debug_info .gnu.linkonce.wi.*)
 .debug_info    0x0040d000      0x373 vm86call.o
 .debug_info    0x0040d373     0x12e6 graphics.o
 .debug_info    0x0040e659      0xd99 main.o
 .debug_info    0x0040f3f2       0xb2 lib/sysconf.o
 .debug_info    0x0040f4a4      0x3f0 lib/math.o
 .debug_info    0x0040f894      0x574 lib/stdio.o
 .debug_info    0x0040fe08      0x719 lib/stdlib.o
 .debug_info    0x00410521      0xe2a lib/qsort.o
 .debug_info    0x0041134b      0x37c ../lib/softfloat.o
 .debug_info    0x004116c7      0x5c4 ../lib/string.o
 .debug_info    0x00411c8b      0x2f7 ../lib/memcpy.o
 .debug_info    0x00411f82      0x1b1 ../lib/memset.o
 .debug_info    0x00412133      0x9d6 ../lib/snprintf.o
 .debug_info    0x00412b09      0x30d lib/malloc.o
 .debug_info    0x00412e16     0x2c9e ../lib/tlsf/tlsf.o

.debug_abbrev   0x00416000     0x1a00
 *(.debug_abbrev)
 .debug_abbrev  0x00416000      0x102 vm86call.o
 .debug_abbrev  0x00416102      0x319 graphics.o
 .debug_abbrev  0x0041641b      0x1fc main.o
 .debug_abbrev  0x00416617       0x4a lib/sysconf.o
 .debug_abbrev  0x00416661      0x10b lib/math.o
 .debug_abbrev  0x0041676c      0x169 lib/stdio.o
 .debug_abbrev  0x004168d5      0x219 lib/stdlib.o
 .debug_abbrev  0x00416aee      0x1c1 lib/qsort.o
 .debug_abbrev  0x00416caf      0x131 ../lib/softfloat.o
 .debug_abbrev  0x00416de0      0x17d ../lib/string.o
 .debug_abbrev  0x00416f5d       0xab ../lib/memcpy.o
 .debug_abbrev  0x00417008       0x85 ../lib/memset.o
 .debug_abbrev  0x0041708d      0x226 ../lib/snprintf.o
 .debug_abbrev  0x004172b3      0x106 lib/malloc.o
 .debug_abbrev  0x004173b9      0x4b6 ../lib/tlsf/tlsf.o

.debug_line     0x00418000     0x1800
 *(.debug_line)
 .debug_line    0x00418000       0xa3 vm86call.o
 .debug_line    0x004180a3      0x2c1 graphics.o
 .debug_line    0x00418364      0x1c6 main.o
 .debug_line    0x0041852a       0x3d lib/sysconf.o
 .debug_line    0x00418567       0x8b lib/math.o
 .debug_line    0x004185f2       0xd7 lib/stdio.o
 .debug_line    0x004186c9      0x210 lib/stdlib.o
 .debug_line    0x004188d9      0x229 lib/qsort.o
 .debug_line    0x00418b02       0xaa ../lib/softfloat.o
 .debug_line    0x00418bac      0x120 ../lib/string.o
 .debug_line    0x00418ccc      0x165 ../lib/memcpy.o
 .debug_line    0x00418e31       0xbf ../lib/memset.o
 .debug_line    0x00418ef0      0x296 ../lib/snprintf.o
 .debug_line    0x00419186       0x86 lib/malloc.o
 .debug_line    0x0041920c      0x454 ../lib/tlsf/tlsf.o

.debug_frame
 *(.debug_frame*)

.debug_str      0x0041a000      0x200
 *(.debug_str)
 .debug_str     0x0041a000       0x5a graphics.o
 .debug_str     0x0041a05a        0xa main.o
 .debug_str     0x0041a064        0x5 lib/stdio.o
 .debug_str     0x0041a069        0x9 lib/qsort.o
 .debug_str     0x0041a072       0x17 ../lib/memcpy.o
 .debug_str     0x0041a089       0x16 ../lib/snprintf.o
 .debug_str     0x0041a09f        0x6 lib/malloc.o
 .debug_str     0x0041a0a5       0x6e ../lib/tlsf/tlsf.o

.debug_loc      0x0041b000     0x9000
 *(.debug_loc)
 .debug_loc     0x0041b000      0x230 vm86call.o
 .debug_loc     0x0041b230      0xa06 graphics.o
 .debug_loc     0x0041bc36      0x598 main.o
 .debug_loc     0x0041c1ce      0x274 lib/math.o
 .debug_loc     0x0041c442      0x338 lib/stdio.o
 .debug_loc     0x0041c77a      0xd4d lib/stdlib.o
 .debug_loc     0x0041d4c7     0x16cc lib/qsort.o
 .debug_loc     0x0041eb93      0x514 ../lib/softfloat.o
 .debug_loc     0x0041f0a7      0x9e4 ../lib/string.o
 .debug_loc     0x0041fa8b      0x979 ../lib/memcpy.o
 .debug_loc     0x00420404      0x23e ../lib/memset.o
 .debug_loc     0x00420642     0x1562 ../lib/snprintf.o
 .debug_loc     0x00421ba4       0xb0 lib/malloc.o
 .debug_loc     0x00421c54     0x21b5 ../lib/tlsf/tlsf.o

.debug_macinfo
 *(.debug_macinfo)

.debug_weaknames
 *(.debug_weaknames)

.debug_funcnames
 *(.debug_funcnames)

.debug_typenames
 *(.debug_typenames)

.debug_varnames
 *(.debug_varnames)

.debug_macro
 *(.debug_macro)

.debug_ranges   0x00424000      0x800
 *(.debug_ranges)
 .debug_ranges  0x00424000       0xd8 graphics.o
 .debug_ranges  0x004240d8       0x18 main.o
 .debug_ranges  0x004240f0       0xb0 lib/stdlib.o
 .debug_ranges  0x004241a0      0x298 lib/qsort.o
 .debug_ranges  0x00424438       0x30 ../lib/softfloat.o
 .debug_ranges  0x00424468       0x40 ../lib/string.o
 .debug_ranges  0x004244a8       0x48 ../lib/memcpy.o
 .debug_ranges  0x004244f0       0xa0 ../lib/snprintf.o
 .debug_ranges  0x00424590      0x1d8 ../lib/tlsf/tlsf.o

.debug_types
 *(.debug_types .gnu.linkonce.wt.*)
OUTPUT(a.out pei-i386)
