
Allocating common symbols
Common symbol       size              file

tid2                0x4               main.o
ary1                0x320             main.o
ary2                0x320             main.o
g_heap              0x4               lib/malloc.o
tid1                0x4               main.o

Discarded input sections

 .drectve       0x00000000       0x54 main.o
 .drectve       0x00000000       0x18 lib/malloc.o

Memory Configuration

Name             Origin             Length             Attributes
*default*        0x00000000         0xffffffff

Linker script and memory map

                0x00400000                __image_base__ = 0x400000
                0x00000000                __dll__ = 0x0
                0x00400000                ___ImageBase = 0x400000
                0x00001000                __section_alignment__ = 0x1000
                0x00000200                __file_alignment__ = 0x200
                0x00000004                __major_os_version__ = 0x4
                0x00000000                __minor_os_version__ = 0x0
                0x00000001                __major_image_version__ = 0x1
                0x00000000                __minor_image_version__ = 0x0
                0x00000004                __major_subsystem_version__ = 0x4
                0x00000000                __minor_subsystem_version__ = 0x0
                0x00000003                __subsystem__ = 0x3
                0x00200000                __size_of_stack_reserve__ = 0x200000
                0x00001000                __size_of_stack_commit__ = 0x1000
                0x00100000                __size_of_heap_reserve__ = 0x100000
                0x00001000                __size_of_heap_commit__ = 0x1000
                0x00000000                __loader_flags__ = 0x0
                0x00000000                __dll_characteristics__ = 0x0
LOAD lib/crt0.o
LOAD lib/setjmp.o
LOAD lib/syscall-wrapper.o
LOAD vm86call.o
LOAD graphics.o
LOAD main.o
LOAD lib/sysconf.o
LOAD lib/math.o
LOAD lib/stdio.o
LOAD lib/stdlib.o
LOAD lib/qsort.o
LOAD ../lib/softfloat.o
LOAD ../lib/string.o
LOAD ../lib/memcpy.o
LOAD ../lib/memset.o
LOAD ../lib/snprintf.o
LOAD lib/malloc.o
LOAD ../lib/tlsf/tlsf.o
                0x00000380                . = SIZEOF_HEADERS
                0x00001000                . = ALIGN (__section_alignment__)

.text           0x00401000     0x6400
 *(.init)
 *(.text)
 .text          0x00401000        0x8 lib/crt0.o
                0x00401000                start
 .text          0x00401008       0x38 lib/setjmp.o
                0x00401008                setjmp
                0x00401022                longjmp
 .text          0x00401040       0xa0 lib/syscall-wrapper.o
                0x00401040                task_exit
                0x00401048                task_create
                0x00401050                task_getid
                0x00401058                task_yield
                0x00401060                task_wait
                0x00401068                reboot
                0x00401070                mmap
                0x00401078                munmap
                0x00401080                sleep
                0x00401088                nanosleep
                0x00401090                beep
                0x00401098                vm86
                0x004010a0                putchar
                0x004010a8                getchar
                0x004010b0                recv
                0x004010b8                send
                0x004010c0                ioctl
                0x004010c8                time
                0x004010d0                getpriority
                0x004010d8                setpriority
 .text          0x004010e0      0x240 vm86call.o
                0x004010e0                vm86call
 .text          0x00401320      0xdd0 graphics.o
                0x004015ba                list_graphic_modes
                0x00401809                init_graphic
                0x00401b02                exit_graphic
                0x00401b33                setPixel
                0x00401f24                line
 .text          0x004020f0      0xb08 main.o
                0x004020f0                __main
                0x0040214c                main
                0x0040234f                tsk_1
                0x004023c5                tsk_2
                0x00402441                sort_bubble1
                0x004025ec                sort_bubble2
                0x004027a9                tsk_3
 .text          0x00402bf8       0x1c lib/sysconf.o
                0x00402bf8                sysconf
 .text          0x00402c14      0x41c lib/math.o
                0x00402c14                fabs
                0x00402c4d                floor
                0x00402cc8                ceil
                0x00402d2b                sin
                0x00402d62                cos
                0x00402d99                sqrt
                0x00402dd0                log2
                0x00402e16                atan2
                0x00402e5c                tan
                0x00402e95                cot
                0x00402ed0                pow
                0x00402f77                exp
                0x00402fe7                log
 .text          0x00403030      0x1cc lib/stdio.o
                0x00403030                printf
                0x0040309d                fprintf
                0x0040310a                vprintf
                0x0040316b                vfprintf
                0x00403185                vsprintf
                0x004031ae                sprintf
                0x004031e3                fputc
 .text          0x004031fc      0x648 lib/stdlib.o
                0x004031fc                exit
                0x0040320f                ldiv
                0x00403250                div
                0x00403388                rand_r
                0x004033b1                rand
                0x004033c5                srand
                0x00403482                strtol
                0x00403662                strtoul
                0x0040381f                atol
 .text          0x00403844      0x710 lib/qsort.o
                0x00403961                qsort
 .text          0x00403f54      0x360 ../lib/softfloat.o
                0x00403f54                __udivmoddi4
                0x00404096                __divdi3
                0x0040414c                __moddi3
                0x00404206                __udivdi3
                0x00404259                __umoddi3
 .text          0x004042b4      0x3c4 ../lib/string.o
                0x004042b4                memcmp
                0x00404307                memmove
                0x0040439a                memchr
                0x004043e0                strcat
                0x00404427                strcmp
                0x00404476                strncmp
                0x004044d7                strchr
                0x00404501                strrchr
                0x0040453d                strstr
                0x004045b0                strcpy
                0x004045e3                strlen
                0x00404610                strncpy
 .text          0x00404678      0xb24 ../lib/memcpy.o
                0x00404678                memcpy
 .text          0x0040519c       0x8c ../lib/memset.o
                0x0040519c                memset
 .text          0x00405228      0xc00 ../lib/snprintf.o
                0x00405da9                vsnprintf
                0x00405de7                snprintf
 .text          0x00405e28       0x98 lib/malloc.o
                0x00405e28                malloc
                0x00405e44                calloc
                0x00405e5b                memalign
                0x00405e7e                realloc
                0x00405ea1                free
 .text          0x00405ec0     0x1514 ../lib/tlsf/tlsf.o
                0x00406ab2                tlsf_check
                0x00406c99                tlsf_walk_pool
                0x00406d45                tlsf_block_size
                0x00406d7f                tlsf_check_pool
                0x00406db6                tlsf_size
                0x00406dbc                tlsf_align_size
                0x00406dc2                tlsf_block_size_min
                0x00406dc8                tlsf_block_size_max
                0x00406dce                tlsf_pool_overhead
                0x00406dd6                tlsf_alloc_overhead
                0x00406ddc                tlsf_add_pool
                0x00406ede                tlsf_remove_pool
                0x00406f60                tlsf_create
                0x00406f89                tlsf_create_with_pool
                0x00406fd2                tlsf_destroy
                0x00406fd3                tlsf_get_pool
                0x00406fdf                tlsf_malloc
                0x0040703a                tlsf_memalign
                0x004071b6                tlsf_free
                0x0040722c                tlsf_realloc
 *(SORT(.text$*))
 *(.text.*)
 *(.gnu.linkonce.t.*)
 *(.glue_7t)
 *(.glue_7)
                0x004073d4                ___CTOR_LIST__ = .
                0x004073d4                __CTOR_LIST__ = .
                0x004073d4        0x4 LONG 0xffffffff
 *(.ctors)
 *(.ctor)
 *(SORT(.ctors.*))
                0x004073d8        0x4 LONG 0x0
                0x004073dc                ___DTOR_LIST__ = .
                0x004073dc                __DTOR_LIST__ = .
                0x004073dc        0x4 LONG 0xffffffff
 *(.dtors)
 *(.dtor)
 *(SORT(.dtors.*))
                0x004073e0        0x4 LONG 0x0
 *(.fini)
 *(.gcc_exc)
                0x004073e4                PROVIDE (etext, .)
 *(.gcc_except_table)

.data           0x00408000      0x200
                0x00408000                __data_start__ = .
 *(.data)
 .data          0x00408000        0x0 lib/crt0.o
 .data          0x00408000        0x0 lib/setjmp.o
 .data          0x00408000        0x0 lib/syscall-wrapper.o
 .data          0x00408000        0x0 vm86call.o
 .data          0x00408000        0x4 graphics.o
 .data          0x00408004        0x0 main.o
 .data          0x00408004        0x0 lib/sysconf.o
 .data          0x00408004        0x0 lib/math.o
 .data          0x00408004        0x0 lib/stdio.o
 .data          0x00408004        0x4 lib/stdlib.o
 .data          0x00408008        0x0 lib/qsort.o
 .data          0x00408008        0x0 ../lib/softfloat.o
 .data          0x00408008        0x0 ../lib/string.o
 .data          0x00408008        0x0 ../lib/memcpy.o
 .data          0x00408008        0x0 ../lib/memset.o
 .data          0x00408008        0x0 ../lib/snprintf.o
 .data          0x00408008        0x0 lib/malloc.o
 .data          0x00408008        0x0 ../lib/tlsf/tlsf.o
 *(.data2)
 *(SORT(.data$*))
 *(.jcr)
                0x00408008                __data_end__ = .
 *(.data_cygwin_nocopy)

.rdata          0x00409000      0x600
 *(.rdata)
 .rdata         0x00409000       0x2c vm86call.o
 .rdata         0x0040902c      0x264 graphics.o
 .rdata         0x00409290       0x10 lib/math.o
 .rdata         0x004092a0       0xa0 ../lib/memcpy.o
 .rdata         0x00409340      0x1e0 ../lib/snprintf.o
 .rdata         0x00409520       0x18 ../lib/tlsf/tlsf.o
 *(SORT(.rdata$*))
                0x00409538                __rt_psrelocs_start = .
 *(.rdata_runtime_pseudo_reloc)
                0x00409538                __rt_psrelocs_end = .
                0x00000000                __rt_psrelocs_size = (__rt_psrelocs_end - __rt_psrelocs_start)
                0x00409538                ___RUNTIME_PSEUDO_RELOC_LIST_END__ = .
                0x00409538                __RUNTIME_PSEUDO_RELOC_LIST_END__ = .
                0x00409538                ___RUNTIME_PSEUDO_RELOC_LIST__ = (. - __rt_psrelocs_size)
                0x00409538                __RUNTIME_PSEUDO_RELOC_LIST__ = (. - __rt_psrelocs_size)

.eh_frame       0x0040a000     0x1400
 *(.eh_frame*)
 .eh_frame      0x0040a000       0x40 vm86call.o
 .eh_frame      0x0040a040      0x1ac graphics.o
 .eh_frame      0x0040a1ec       0xf4 main.o
 .eh_frame      0x0040a2e0       0x38 lib/sysconf.o
 .eh_frame      0x0040a318      0x1c4 lib/math.o
 .eh_frame      0x0040a4dc       0xf8 lib/stdio.o
 .eh_frame      0x0040a5d4      0x1fc lib/stdlib.o
 .eh_frame      0x0040a7d0       0x80 lib/qsort.o
 .eh_frame      0x0040a850       0xb4 ../lib/softfloat.o
 .eh_frame      0x0040a904      0x130 ../lib/string.o
 .eh_frame      0x0040aa34       0x34 ../lib/memcpy.o
 .eh_frame      0x0040aa68       0x50 ../lib/memset.o
 .eh_frame      0x0040aab8       0xd0 ../lib/snprintf.o
 .eh_frame      0x0040ab88       0xb8 lib/malloc.o
 .eh_frame      0x0040ac40      0x678 ../lib/tlsf/tlsf.o

.pdata
 *(.pdata)

.bss            0x0040c000      0x9a8
                0x0040c000                __bss_start__ = .
 *(.bss)
 .bss           0x0040c000        0x0 lib/crt0.o
 .bss           0x0040c000        0x0 lib/setjmp.o
 .bss           0x0040c000        0x0 lib/syscall-wrapper.o
 .bss           0x0040c000        0x0 vm86call.o
 .bss           0x0040c000      0x340 graphics.o
                0x0040c000                g_graphic_dev
 .bss           0x0040c340        0x0 main.o
 .bss           0x0040c340        0x0 lib/sysconf.o
 .bss           0x0040c340        0x0 lib/math.o
 .bss           0x0040c340        0x0 lib/stdio.o
 .bss           0x0040c340        0x0 lib/stdlib.o
 .bss           0x0040c340        0x0 lib/qsort.o
 .bss           0x0040c340        0x0 ../lib/softfloat.o
 .bss           0x0040c340        0x0 ../lib/string.o
 .bss           0x0040c340        0x0 ../lib/memcpy.o
 .bss           0x0040c340        0x0 ../lib/memset.o
 .bss           0x0040c340        0x0 ../lib/snprintf.o
 .bss           0x0040c340        0x0 lib/malloc.o
 .bss           0x0040c340        0x0 ../lib/tlsf/tlsf.o
 *(COMMON)
 COMMON         0x0040c340      0x664 main.o
                0x0040c340                tid2
                0x0040c360                ary1
                0x0040c680                ary2
                0x0040c9a0                tid1
 COMMON         0x0040c9a4        0x4 lib/malloc.o
                0x0040c9a4                g_heap
                0x0040c9a8                __bss_end__ = .

.edata
 *(.edata)

/DISCARD/
 *(.debug$S)
 *(.debug$T)
 *(.debug$F)
 *(.drectve)
 *(.note.GNU-stack)
 *(.gnu.lto_*)

.idata          0x0040d000      0x200
 SORT(*)(.idata$2)
 SORT(*)(.idata$3)
                0x0040d000        0x4 LONG 0x0
                0x0040d004        0x4 LONG 0x0
                0x0040d008        0x4 LONG 0x0
                0x0040d00c        0x4 LONG 0x0
                0x0040d010        0x4 LONG 0x0
 SORT(*)(.idata$4)
                0x0040d014                __IAT_start__ = .
 SORT(*)(.idata$5)
                0x0040d014                __IAT_end__ = .
 SORT(*)(.idata$6)
 SORT(*)(.idata$7)

.CRT            0x0040e000        0x0
                0x0040e000                ___crt_xc_start__ = .
 *(SORT(.CRT$XC*))
                0x0040e000                ___crt_xc_end__ = .
                0x0040e000                ___crt_xi_start__ = .
 *(SORT(.CRT$XI*))
                0x0040e000                ___crt_xi_end__ = .
                0x0040e000                ___crt_xl_start__ = .
 *(SORT(.CRT$XL*))
                0x0040e000                ___crt_xp_start__ = .
 *(SORT(.CRT$XP*))
                0x0040e000                ___crt_xp_end__ = .
                0x0040e000                ___crt_xt_start__ = .
 *(SORT(.CRT$XT*))
                0x0040e000                ___crt_xt_end__ = .

.tls            0x0040e000        0x0
                0x0040e000                ___tls_start__ = .
 *(.tls)
 *(.tls$)
 *(SORT(.tls$*))
                0x0040e000                ___tls_end__ = .

.endjunk        0x0040e000        0x0
                0x0040e000                PROVIDE (end, .)
                0x0040e000                PROVIDE (_end, .)
                0x0040e000                __end__ = .

.rsrc
 *(.rsrc)
 *(SORT(.rsrc$*))

.reloc
 *(.reloc)

.stab
 *(.stab)

.stabstr
 *(.stabstr)

.debug_aranges  0x0040e000      0x200
 *(.debug_aranges)
 .debug_aranges
                0x0040e000       0x20 vm86call.o
 .debug_aranges
                0x0040e020       0x20 graphics.o
 .debug_aranges
                0x0040e040       0x20 main.o
 .debug_aranges
                0x0040e060       0x20 lib/sysconf.o
 .debug_aranges
                0x0040e080       0x20 lib/math.o
 .debug_aranges
                0x0040e0a0       0x20 lib/stdio.o
 .debug_aranges
                0x0040e0c0       0x20 lib/stdlib.o
 .debug_aranges
                0x0040e0e0       0x20 lib/qsort.o
 .debug_aranges
                0x0040e100       0x20 ../lib/softfloat.o
 .debug_aranges
                0x0040e120       0x20 ../lib/string.o
 .debug_aranges
                0x0040e140       0x20 ../lib/memcpy.o
 .debug_aranges
                0x0040e160       0x20 ../lib/memset.o
 .debug_aranges
                0x0040e180       0x20 ../lib/snprintf.o
 .debug_aranges
                0x0040e1a0       0x20 lib/malloc.o
 .debug_aranges
                0x0040e1c0       0x20 ../lib/tlsf/tlsf.o

.debug_pubnames
 *(.debug_pubnames)

.debug_pubtypes
 *(.debug_pubtypes)

.debug_info     0x0040f000     0x5800
 *(.debug_info .gnu.linkonce.wi.*)
 .debug_info    0x0040f000      0x2f6 vm86call.o
 .debug_info    0x0040f2f6      0xcb3 graphics.o
 .debug_info    0x0040ffa9      0x65c main.o
 .debug_info    0x00410605       0xb1 lib/sysconf.o
 .debug_info    0x004106b6      0x3b4 lib/math.o
 .debug_info    0x00410a6a      0x3f3 lib/stdio.o
 .debug_info    0x00410e5d      0x5e3 lib/stdlib.o
 .debug_info    0x00411440      0x3bb lib/qsort.o
 .debug_info    0x004117fb      0x2d0 ../lib/softfloat.o
 .debug_info    0x00411acb      0x4cb ../lib/string.o
 .debug_info    0x00411f96      0x2f1 ../lib/memcpy.o
 .debug_info    0x00412287      0x1a5 ../lib/memset.o
 .debug_info    0x0041242c      0x5ba ../lib/snprintf.o
 .debug_info    0x004129e6      0x206 lib/malloc.o
 .debug_info    0x00412bec     0x1b47 ../lib/tlsf/tlsf.o

.debug_abbrev   0x00415000     0x1000
 *(.debug_abbrev)
 .debug_abbrev  0x00415000       0x96 vm86call.o
 .debug_abbrev  0x00415096      0x194 graphics.o
 .debug_abbrev  0x0041522a      0x10f main.o
 .debug_abbrev  0x00415339       0x4a lib/sysconf.o
 .debug_abbrev  0x00415383       0x73 lib/math.o
 .debug_abbrev  0x004153f6       0xec lib/stdio.o
 .debug_abbrev  0x004154e2      0x16a lib/stdlib.o
 .debug_abbrev  0x0041564c       0xfc lib/qsort.o
 .debug_abbrev  0x00415748       0xa5 ../lib/softfloat.o
 .debug_abbrev  0x004157ed       0xd4 ../lib/string.o
 .debug_abbrev  0x004158c1       0x9e ../lib/memcpy.o
 .debug_abbrev  0x0041595f       0x76 ../lib/memset.o
 .debug_abbrev  0x004159d5      0x173 ../lib/snprintf.o
 .debug_abbrev  0x00415b48       0x98 lib/malloc.o
 .debug_abbrev  0x00415be0      0x2e1 ../lib/tlsf/tlsf.o

.debug_line     0x00416000     0x1800
 *(.debug_line)
 .debug_line    0x00416000       0x9d vm86call.o
 .debug_line    0x0041609d      0x29f graphics.o
 .debug_line    0x0041633c      0x1f4 main.o
 .debug_line    0x00416530       0x3f lib/sysconf.o
 .debug_line    0x0041656f       0xa8 lib/math.o
 .debug_line    0x00416617       0xc2 lib/stdio.o
 .debug_line    0x004166d9      0x287 lib/stdlib.o
 .debug_line    0x00416960      0x1bb lib/qsort.o
 .debug_line    0x00416b1b       0xb3 ../lib/softfloat.o
 .debug_line    0x00416bce      0x149 ../lib/string.o
 .debug_line    0x00416d17      0x205 ../lib/memcpy.o
 .debug_line    0x00416f1c       0xac ../lib/memset.o
 .debug_line    0x00416fc8      0x261 ../lib/snprintf.o
 .debug_line    0x00417229       0x87 lib/malloc.o
 .debug_line    0x004172b0      0x3c6 ../lib/tlsf/tlsf.o

.debug_frame
 *(.debug_frame*)

.debug_str      0x00418000      0x200
 *(.debug_str)
 .debug_str     0x00418000       0x5a graphics.o
 .debug_str     0x0041805a        0xa main.o
 .debug_str     0x00418064        0x5 lib/stdio.o
 .debug_str     0x00418069        0x9 lib/qsort.o
 .debug_str     0x00418072       0x17 ../lib/memcpy.o
 .debug_str     0x00418089       0x16 ../lib/snprintf.o
 .debug_str     0x0041809f        0x6 lib/malloc.o
 .debug_str     0x004180a5       0x6e ../lib/tlsf/tlsf.o

.debug_loc      0x00419000     0x1c00
 *(.debug_loc)
 .debug_loc     0x00419000       0x38 vm86call.o
 .debug_loc     0x00419038      0x230 graphics.o
 .debug_loc     0x00419268      0x170 main.o
 .debug_loc     0x004193d8       0x38 lib/sysconf.o
 .debug_loc     0x00419410      0x2d8 lib/math.o
 .debug_loc     0x004196e8      0x188 lib/stdio.o
 .debug_loc     0x00419870      0x310 lib/stdlib.o
 .debug_loc     0x00419b80       0xa8 lib/qsort.o
 .debug_loc     0x00419c28      0x127 ../lib/softfloat.o
 .debug_loc     0x00419d4f      0x1b8 ../lib/string.o
 .debug_loc     0x00419f07       0x2d ../lib/memcpy.o
 .debug_loc     0x00419f34       0x74 ../lib/memset.o
 .debug_loc     0x00419fa8      0x122 ../lib/snprintf.o
 .debug_loc     0x0041a0ca      0x118 lib/malloc.o
 .debug_loc     0x0041a1e2      0x8d3 ../lib/tlsf/tlsf.o

.debug_macinfo
 *(.debug_macinfo)

.debug_weaknames
 *(.debug_weaknames)

.debug_funcnames
 *(.debug_funcnames)

.debug_typenames
 *(.debug_typenames)

.debug_varnames
 *(.debug_varnames)

.debug_macro
 *(.debug_macro)

.debug_ranges   0x0041b000      0x200
 *(.debug_ranges)
 .debug_ranges  0x0041b000       0x18 main.o

.debug_types
 *(.debug_types .gnu.linkonce.wt.*)
OUTPUT(a.out pei-i386)
