
Allocating common symbols
Common symbol       size              file

tid2                0x4               main.o
ary1                0x320             main.o
ary2                0x320             main.o
g_heap              0x4               lib/malloc.o
tid1                0x4               main.o

Discarded input sections

 .drectve       0x00000000       0x54 main.o
 .drectve       0x00000000       0x18 lib/malloc.o

Memory Configuration

Name             Origin             Length             Attributes
*default*        0x00000000         0xffffffff

Linker script and memory map

                0x00400000                __image_base__ = 0x400000
                0x00000000                __dll__ = 0x0
                0x00400000                ___ImageBase = 0x400000
                0x00001000                __section_alignment__ = 0x1000
                0x00000200                __file_alignment__ = 0x200
                0x00000004                __major_os_version__ = 0x4
                0x00000000                __minor_os_version__ = 0x0
                0x00000001                __major_image_version__ = 0x1
                0x00000000                __minor_image_version__ = 0x0
                0x00000004                __major_subsystem_version__ = 0x4
                0x00000000                __minor_subsystem_version__ = 0x0
                0x00000003                __subsystem__ = 0x3
                0x00200000                __size_of_stack_reserve__ = 0x200000
                0x00001000                __size_of_stack_commit__ = 0x1000
                0x00100000                __size_of_heap_reserve__ = 0x100000
                0x00001000                __size_of_heap_commit__ = 0x1000
                0x00000000                __loader_flags__ = 0x0
                0x00000000                __dll_characteristics__ = 0x0
LOAD lib/crt0.o
LOAD lib/setjmp.o
LOAD lib/syscall-wrapper.o
LOAD vm86call.o
LOAD graphics.o
LOAD main.o
LOAD lib/sysconf.o
LOAD lib/math.o
LOAD lib/stdio.o
LOAD lib/stdlib.o
LOAD lib/qsort.o
LOAD ../lib/softfloat.o
LOAD ../lib/string.o
LOAD ../lib/memcpy.o
LOAD ../lib/memset.o
LOAD ../lib/snprintf.o
LOAD lib/malloc.o
LOAD ../lib/tlsf/tlsf.o
                0x00000380                . = SIZEOF_HEADERS
                0x00001000                . = ALIGN (__section_alignment__)

.text           0x00401000     0x5600
 *(.init)
 *(.text)
 .text          0x00401000        0x8 lib/crt0.o
                0x00401000                start
 .text          0x00401008       0x38 lib/setjmp.o
                0x00401008                setjmp
                0x00401022                longjmp
 .text          0x00401040       0xc0 lib/syscall-wrapper.o
                0x00401040                task_exit
                0x00401048                task_create
                0x00401050                task_getid
                0x00401058                task_yield
                0x00401060                task_wait
                0x00401068                reboot
                0x00401070                mmap
                0x00401078                munmap
                0x00401080                sleep
                0x00401088                nanosleep
                0x00401090                beep
                0x00401098                vm86
                0x004010a0                putchar
                0x004010a8                getchar
                0x004010b0                recv
                0x004010b8                send
                0x004010c0                ioctl
                0x004010c8                time
                0x004010d0                getpriority
                0x004010d8                setpriority
                0x004010e0                sem_create
                0x004010e8                sem_destroy
                0x004010f0                sem_wait
                0x004010f8                sem_signal
 .text          0x00401100      0x13c vm86call.o
                0x00401100                vm86call
 .text          0x0040123c      0xba0 graphics.o
                0x00401414                list_graphic_modes
                0x00401618                init_graphic
                0x0040195c                exit_graphic
                0x004019a4                setPixel
                0x00401c94                line
 .text          0x00401ddc      0x58c main.o
                0x00401ddc                tsk_3
                0x00402054                __main
                0x004020a4                sort_bubble1
                0x004021a4                tsk_1
                0x004021fc                sort_bubble2
                0x0040230c                tsk_2
 .text          0x00402368       0x18 lib/sysconf.o
                0x00402368                sysconf
 .text          0x00402380      0x398 lib/math.o
                0x00402380                fabs
                0x00402394                floor
                0x004023dc                ceil
                0x00402438                sin
                0x00402440                cos
                0x00402448                sqrt
                0x00402450                log2
                0x00402460                atan2
                0x00402470                tan
                0x0040247c                cot
                0x00402488                pow
                0x004024f8                exp
                0x0040253c                log
                0x00402550                atan
 .text          0x00402718      0x18c lib/stdio.o
                0x00402718                printf
                0x00402770                fprintf
                0x004027c8                vprintf
                0x00402820                vfprintf
                0x00402834                vsprintf
                0x00402860                sprintf
                0x0040288c                fputc
 .text          0x004028a4      0x694 lib/stdlib.o
                0x004028a4                exit
                0x004028ac                ldiv
                0x004028c8                div
                0x004028e4                rand_r
                0x00402984                rand
                0x00402a40                srand
                0x00402a4c                strtol
                0x00402c6c                strtoul
                0x00402ed8                atol
                0x00402efc                strdup
 .text          0x00402f38      0x840 lib/qsort.o
                0x00402f38                qsort
 .text          0x00403778      0x204 ../lib/softfloat.o
                0x00403778                __udivmoddi4
                0x00403830                __divdi3
                0x00403898                __moddi3
                0x0040390c                __udivdi3
                0x00403940                __umoddi3
 .text          0x0040397c      0x358 ../lib/string.o
                0x0040397c                memcmp
                0x004039a4                memmove
                0x004039f4                memchr
                0x00403a1c                strcat
                0x00403a40                strcmp
                0x00403a6c                strncmp
                0x00403ab8                strchr
                0x00403adc                strrchr
                0x00403b00                strstr
                0x00403ba0                strcpy
                0x00403bc0                strlen
                0x00403bd8                strncpy
                0x00403c1c                strcasecmp
                0x00403c64                strncasecmp
 .text          0x00403cd4      0x530 ../lib/memcpy.o
                0x00403cd4                memcpy
 .text          0x00404204       0x9c ../lib/memset.o
                0x00404204                memset
 .text          0x004042a0     0x1680 ../lib/snprintf.o
                0x00405204                vsnprintf
                0x004058f4                snprintf
 .text          0x00405920       0xb8 lib/malloc.o
                0x00405920                malloc
                0x0040593c                calloc
                0x00405974                memalign
                0x00405998                realloc
                0x004059bc                free
 .text          0x004059d8      0x9b4 ../lib/tlsf/tlsf.o
                0x00405d54                tlsf_check
                0x00405e58                tlsf_walk_pool
                0x00405ec4                tlsf_block_size
                0x00405ed8                tlsf_check_pool
                0x00405f10                tlsf_size
                0x00405f18                tlsf_align_size
                0x00405f20                tlsf_block_size_min
                0x00405f28                tlsf_block_size_max
                0x00405f30                tlsf_pool_overhead
                0x00405f38                tlsf_alloc_overhead
                0x00405f40                tlsf_add_pool
                0x00405f90                tlsf_remove_pool
                0x00405fd8                tlsf_create
                0x00406024                tlsf_create_with_pool
                0x004060a0                tlsf_destroy
                0x004060a4                tlsf_get_pool
                0x004060b0                tlsf_malloc
                0x004060dc                tlsf_memalign
                0x004061bc                tlsf_free
                0x00406230                tlsf_realloc
 *(SORT(.text$*))
 *(.text.*)
 .text.startup  0x0040638c      0x1a8 main.o
                0x0040638c                main
 *(.gnu.linkonce.t.*)
 *(.glue_7t)
 *(.glue_7)
                0x00406534                ___CTOR_LIST__ = .
                0x00406534                __CTOR_LIST__ = .
                0x00406534        0x4 LONG 0xffffffff
 *(.ctors)
 *(.ctor)
 *(SORT(.ctors.*))
                0x00406538        0x4 LONG 0x0
                0x0040653c                ___DTOR_LIST__ = .
                0x0040653c                __DTOR_LIST__ = .
                0x0040653c        0x4 LONG 0xffffffff
 *(.dtors)
 *(.dtor)
 *(SORT(.dtors.*))
                0x00406540        0x4 LONG 0x0
 *(.fini)
 *(.gcc_exc)
                0x00406544                PROVIDE (etext, .)
 *(.gcc_except_table)

.data           0x00407000      0x200
                0x00407000                __data_start__ = .
 *(.data)
 .data          0x00407000        0x0 lib/crt0.o
 .data          0x00407000        0x0 lib/setjmp.o
 .data          0x00407000        0x0 lib/syscall-wrapper.o
 .data          0x00407000        0x0 vm86call.o
 .data          0x00407000        0x4 graphics.o
 .data          0x00407004        0x0 main.o
 .data          0x00407004        0x0 lib/sysconf.o
 .data          0x00407004        0x0 lib/math.o
 .data          0x00407004        0x0 lib/stdio.o
 .data          0x00407004        0x4 lib/stdlib.o
 .data          0x00407008        0x0 lib/qsort.o
 .data          0x00407008        0x0 ../lib/softfloat.o
 .data          0x00407008        0x0 ../lib/string.o
 .data          0x00407008        0x0 ../lib/memcpy.o
 .data          0x00407008        0x0 ../lib/memset.o
 .data          0x00407008        0x0 ../lib/snprintf.o
 .data          0x00407008        0x0 lib/malloc.o
 .data          0x00407008        0x0 ../lib/tlsf/tlsf.o
 *(.data2)
 *(SORT(.data$*))
 *(.jcr)
                0x00407008                __data_end__ = .
 *(.data_cygwin_nocopy)

.rdata          0x00408000      0x800
 *(.rdata)
 .rdata         0x00408000       0x2c vm86call.o
 .rdata         0x0040802c      0x260 graphics.o
 *fill*         0x0040828c       0x14 
 .rdata         0x004082a0       0xe0 lib/math.o
 .rdata         0x00408380      0x100 ../lib/string.o
 .rdata         0x00408480       0x20 ../lib/memcpy.o
 .rdata         0x004084a0      0x328 ../lib/snprintf.o
 *(SORT(.rdata$*))
                0x004087c8                __rt_psrelocs_start = .
 *(.rdata_runtime_pseudo_reloc)
                0x004087c8                __rt_psrelocs_end = .
                0x00000000                __rt_psrelocs_size = (__rt_psrelocs_end - __rt_psrelocs_start)
                0x004087c8                ___RUNTIME_PSEUDO_RELOC_LIST_END__ = .
                0x004087c8                __RUNTIME_PSEUDO_RELOC_LIST_END__ = .
                0x004087c8                ___RUNTIME_PSEUDO_RELOC_LIST__ = (. - __rt_psrelocs_size)
                0x004087c8                __RUNTIME_PSEUDO_RELOC_LIST__ = (. - __rt_psrelocs_size)

.eh_frame       0x00409000     0x1400
 *(.eh_frame*)
 .eh_frame      0x00409000       0x70 vm86call.o
 .eh_frame      0x00409070      0x1d4 graphics.o
 .eh_frame      0x00409244      0x13c main.o
 .eh_frame      0x00409380       0x2c lib/sysconf.o
 .eh_frame      0x004093ac      0x180 lib/math.o
 .eh_frame      0x0040952c      0x118 lib/stdio.o
 .eh_frame      0x00409644      0x1bc lib/stdlib.o
 .eh_frame      0x00409800       0x70 lib/qsort.o
 .eh_frame      0x00409870      0x108 ../lib/softfloat.o
 .eh_frame      0x00409978      0x268 ../lib/string.o
 .eh_frame      0x00409be0       0x70 ../lib/memcpy.o
 .eh_frame      0x00409c50       0x64 ../lib/memset.o
 .eh_frame      0x00409cb4      0x130 ../lib/snprintf.o
 .eh_frame      0x00409de4       0xa4 lib/malloc.o
 .eh_frame      0x00409e88      0x4f4 ../lib/tlsf/tlsf.o

.pdata
 *(.pdata)

.bss            0x0040b000      0x9a8
                0x0040b000                __bss_start__ = .
 *(.bss)
 .bss           0x0040b000        0x0 lib/crt0.o
 .bss           0x0040b000        0x0 lib/setjmp.o
 .bss           0x0040b000        0x0 lib/syscall-wrapper.o
 .bss           0x0040b000        0x0 vm86call.o
 .bss           0x0040b000      0x340 graphics.o
                0x0040b000                g_graphic_dev
 .bss           0x0040b340        0x0 main.o
 .bss           0x0040b340        0x0 lib/sysconf.o
 .bss           0x0040b340        0x0 lib/math.o
 .bss           0x0040b340        0x0 lib/stdio.o
 .bss           0x0040b340        0x0 lib/stdlib.o
 .bss           0x0040b340        0x0 lib/qsort.o
 .bss           0x0040b340        0x0 ../lib/softfloat.o
 .bss           0x0040b340        0x0 ../lib/string.o
 .bss           0x0040b340        0x0 ../lib/memcpy.o
 .bss           0x0040b340        0x0 ../lib/memset.o
 .bss           0x0040b340        0x0 ../lib/snprintf.o
 .bss           0x0040b340        0x0 lib/malloc.o
 .bss           0x0040b340        0x0 ../lib/tlsf/tlsf.o
 *(COMMON)
 COMMON         0x0040b340      0x664 main.o
                0x0040b340                tid2
                0x0040b360                ary1
                0x0040b680                ary2
                0x0040b9a0                tid1
 COMMON         0x0040b9a4        0x4 lib/malloc.o
                0x0040b9a4                g_heap
                0x0040b9a8                __bss_end__ = .

.edata
 *(.edata)

/DISCARD/
 *(.debug$S)
 *(.debug$T)
 *(.debug$F)
 *(.drectve)
 *(.note.GNU-stack)
 *(.gnu.lto_*)

.idata          0x0040c000      0x200
 SORT(*)(.idata$2)
 SORT(*)(.idata$3)
                0x0040c000        0x4 LONG 0x0
                0x0040c004        0x4 LONG 0x0
                0x0040c008        0x4 LONG 0x0
                0x0040c00c        0x4 LONG 0x0
                0x0040c010        0x4 LONG 0x0
 SORT(*)(.idata$4)
                0x0040c014                __IAT_start__ = .
 SORT(*)(.idata$5)
                0x0040c014                __IAT_end__ = .
 SORT(*)(.idata$6)
 SORT(*)(.idata$7)

.CRT            0x0040d000        0x0
                0x0040d000                ___crt_xc_start__ = .
 *(SORT(.CRT$XC*))
                0x0040d000                ___crt_xc_end__ = .
                0x0040d000                ___crt_xi_start__ = .
 *(SORT(.CRT$XI*))
                0x0040d000                ___crt_xi_end__ = .
                0x0040d000                ___crt_xl_start__ = .
 *(SORT(.CRT$XL*))
                0x0040d000                ___crt_xp_start__ = .
 *(SORT(.CRT$XP*))
                0x0040d000                ___crt_xp_end__ = .
                0x0040d000                ___crt_xt_start__ = .
 *(SORT(.CRT$XT*))
                0x0040d000                ___crt_xt_end__ = .

.tls            0x0040d000        0x0
                0x0040d000                ___tls_start__ = .
 *(.tls)
 *(.tls$)
 *(SORT(.tls$*))
                0x0040d000                ___tls_end__ = .

.endjunk        0x0040d000        0x0
                0x0040d000                PROVIDE (end, .)
                0x0040d000                PROVIDE (_end, .)
                0x0040d000                __end__ = .

.rsrc
 *(.rsrc)
 *(SORT(.rsrc$*))

.reloc
 *(.reloc)

.stab
 *(.stab)

.stabstr
 *(.stabstr)

.debug_aranges  0x0040d000      0x200
 *(.debug_aranges)
 .debug_aranges
                0x0040d000       0x20 vm86call.o
 .debug_aranges
                0x0040d020       0x20 graphics.o
 .debug_aranges
                0x0040d040       0x28 main.o
 .debug_aranges
                0x0040d068       0x20 lib/sysconf.o
 .debug_aranges
                0x0040d088       0x20 lib/math.o
 .debug_aranges
                0x0040d0a8       0x20 lib/stdio.o
 .debug_aranges
                0x0040d0c8       0x20 lib/stdlib.o
 .debug_aranges
                0x0040d0e8       0x20 lib/qsort.o
 .debug_aranges
                0x0040d108       0x20 ../lib/softfloat.o
 .debug_aranges
                0x0040d128       0x20 ../lib/string.o
 .debug_aranges
                0x0040d148       0x20 ../lib/memcpy.o
 .debug_aranges
                0x0040d168       0x20 ../lib/memset.o
 .debug_aranges
                0x0040d188       0x20 ../lib/snprintf.o
 .debug_aranges
                0x0040d1a8       0x20 lib/malloc.o
 .debug_aranges
                0x0040d1c8       0x20 ../lib/tlsf/tlsf.o

.debug_pubnames
 *(.debug_pubnames)

.debug_pubtypes
 *(.debug_pubtypes)

.debug_info     0x0040e000     0x9600
 *(.debug_info .gnu.linkonce.wi.*)
 .debug_info    0x0040e000      0x373 vm86call.o
 .debug_info    0x0040e373     0x132b graphics.o
 .debug_info    0x0040f69e      0xd77 main.o
 .debug_info    0x00410415       0xb0 lib/sysconf.o
 .debug_info    0x004104c5      0x5f9 lib/math.o
 .debug_info    0x00410abe      0x572 lib/stdio.o
 .debug_info    0x00411030      0x81f lib/stdlib.o
 .debug_info    0x0041184f      0xe28 lib/qsort.o
 .debug_info    0x00412677      0x37b ../lib/softfloat.o
 .debug_info    0x004129f2      0x6cc ../lib/string.o
 .debug_info    0x004130be      0x2f6 ../lib/memcpy.o
 .debug_info    0x004133b4      0x1b0 ../lib/memset.o
 .debug_info    0x00413564      0xec4 ../lib/snprintf.o
 .debug_info    0x00414428      0x35a lib/malloc.o
 .debug_info    0x00414782     0x2c9d ../lib/tlsf/tlsf.o

.debug_abbrev   0x00418000     0x1a00
 *(.debug_abbrev)
 .debug_abbrev  0x00418000      0x102 vm86call.o
 .debug_abbrev  0x00418102      0x319 graphics.o
 .debug_abbrev  0x0041841b      0x1fc main.o
 .debug_abbrev  0x00418617       0x4a lib/sysconf.o
 .debug_abbrev  0x00418661      0x19b lib/math.o
 .debug_abbrev  0x004187fc      0x169 lib/stdio.o
 .debug_abbrev  0x00418965      0x234 lib/stdlib.o
 .debug_abbrev  0x00418b99      0x1c1 lib/qsort.o
 .debug_abbrev  0x00418d5a      0x131 ../lib/softfloat.o
 .debug_abbrev  0x00418e8b      0x184 ../lib/string.o
 .debug_abbrev  0x0041900f       0xab ../lib/memcpy.o
 .debug_abbrev  0x004190ba       0x85 ../lib/memset.o
 .debug_abbrev  0x0041913f      0x21d ../lib/snprintf.o
 .debug_abbrev  0x0041935c       0xf8 lib/malloc.o
 .debug_abbrev  0x00419454      0x4b6 ../lib/tlsf/tlsf.o

.debug_line     0x0041a000     0x1c00
 *(.debug_line)
 .debug_line    0x0041a000       0xa3 vm86call.o
 .debug_line    0x0041a0a3      0x2cf graphics.o
 .debug_line    0x0041a372      0x1c6 main.o
 .debug_line    0x0041a538       0x3d lib/sysconf.o
 .debug_line    0x0041a575       0xfc lib/math.o
 .debug_line    0x0041a671       0xd7 lib/stdio.o
 .debug_line    0x0041a748      0x248 lib/stdlib.o
 .debug_line    0x0041a990      0x229 lib/qsort.o
 .debug_line    0x0041abb9       0xaa ../lib/softfloat.o
 .debug_line    0x0041ac63      0x14e ../lib/string.o
 .debug_line    0x0041adb1      0x167 ../lib/memcpy.o
 .debug_line    0x0041af18       0xbf ../lib/memset.o
 .debug_line    0x0041afd7      0x654 ../lib/snprintf.o
 .debug_line    0x0041b62b       0xa1 lib/malloc.o
 .debug_line    0x0041b6cc      0x454 ../lib/tlsf/tlsf.o

.debug_frame
 *(.debug_frame*)

.debug_str      0x0041c000      0x200
 *(.debug_str)
 .debug_str     0x0041c000       0x5a graphics.o
 .debug_str     0x0041c05a        0xa main.o
 .debug_str     0x0041c064        0x5 lib/stdio.o
 .debug_str     0x0041c069        0x9 lib/qsort.o
 .debug_str     0x0041c072       0x17 ../lib/memcpy.o
 .debug_str     0x0041c089       0x53 ../lib/snprintf.o
 .debug_str     0x0041c0dc        0x6 lib/malloc.o
 .debug_str     0x0041c0e2       0x6e ../lib/tlsf/tlsf.o

.debug_loc      0x0041d000     0xaa00
 *(.debug_loc)
 .debug_loc     0x0041d000      0x230 vm86call.o
 .debug_loc     0x0041d230      0xa06 graphics.o
 .debug_loc     0x0041dc36      0x598 main.o
 .debug_loc     0x0041e1ce      0x49b lib/math.o
 .debug_loc     0x0041e669      0x338 lib/stdio.o
 .debug_loc     0x0041e9a1      0xdf1 lib/stdlib.o
 .debug_loc     0x0041f792     0x16cc lib/qsort.o
 .debug_loc     0x00420e5e      0x514 ../lib/softfloat.o
 .debug_loc     0x00421372      0xc06 ../lib/string.o
 .debug_loc     0x00421f78      0x979 ../lib/memcpy.o
 .debug_loc     0x004228f1      0x23e ../lib/memset.o
 .debug_loc     0x00422b2f     0x2b75 ../lib/snprintf.o
 .debug_loc     0x004256a4      0x135 lib/malloc.o
 .debug_loc     0x004257d9     0x21a0 ../lib/tlsf/tlsf.o

.debug_macinfo
 *(.debug_macinfo)

.debug_weaknames
 *(.debug_weaknames)

.debug_funcnames
 *(.debug_funcnames)

.debug_typenames
 *(.debug_typenames)

.debug_varnames
 *(.debug_varnames)

.debug_macro
 *(.debug_macro)

.debug_ranges   0x00428000      0xa00
 *(.debug_ranges)
 .debug_ranges  0x00428000       0xd8 graphics.o
 .debug_ranges  0x004280d8       0x18 main.o
 .debug_ranges  0x004280f0       0x38 lib/math.o
 .debug_ranges  0x00428128       0xb0 lib/stdlib.o
 .debug_ranges  0x004281d8      0x298 lib/qsort.o
 .debug_ranges  0x00428470       0x30 ../lib/softfloat.o
 .debug_ranges  0x004284a0       0x40 ../lib/string.o
 .debug_ranges  0x004284e0       0x48 ../lib/memcpy.o
 .debug_ranges  0x00428528      0x1b0 ../lib/snprintf.o
 .debug_ranges  0x004286d8      0x1d8 ../lib/tlsf/tlsf.o

.debug_types
 *(.debug_types .gnu.linkonce.wt.*)
OUTPUT(a.out pei-i386)
