
Allocating common symbols
Common symbol       size              file

ary                 0x4b0             main.o
g_heap              0x4               lib/malloc.o

Discarded input sections

 .drectve       0x00000000       0x14 main.o
 .drectve       0x00000000       0x18 lib/malloc.o

Memory Configuration

Name             Origin             Length             Attributes
*default*        0x00000000         0xffffffff

Linker script and memory map

                0x00400000                __image_base__ = 0x400000
                0x00000000                __dll__ = 0x0
                0x00400000                ___ImageBase = 0x400000
                0x00001000                __section_alignment__ = 0x1000
                0x00000200                __file_alignment__ = 0x200
                0x00000004                __major_os_version__ = 0x4
                0x00000000                __minor_os_version__ = 0x0
                0x00000001                __major_image_version__ = 0x1
                0x00000000                __minor_image_version__ = 0x0
                0x00000004                __major_subsystem_version__ = 0x4
                0x00000000                __minor_subsystem_version__ = 0x0
                0x00000003                __subsystem__ = 0x3
                0x00200000                __size_of_stack_reserve__ = 0x200000
                0x00001000                __size_of_stack_commit__ = 0x1000
                0x00100000                __size_of_heap_reserve__ = 0x100000
                0x00001000                __size_of_heap_commit__ = 0x1000
                0x00000000                __loader_flags__ = 0x0
                0x00000000                __dll_characteristics__ = 0x0
LOAD lib/crt0.o
LOAD lib/setjmp.o
LOAD lib/syscall-wrapper.o
LOAD vm86call.o
LOAD graphics.o
LOAD main.o
LOAD list_utils.o
LOAD lib/sysconf.o
LOAD lib/math.o
LOAD lib/stdio.o
LOAD lib/stdlib.o
LOAD lib/qsort.o
LOAD ../lib/softfloat.o
LOAD ../lib/string.o
LOAD ../lib/memcpy.o
LOAD ../lib/memset.o
LOAD ../lib/snprintf.o
LOAD lib/malloc.o
LOAD ../lib/tlsf/tlsf.o
                0x00000380                . = SIZEOF_HEADERS
                0x00001000                . = ALIGN (__section_alignment__)

.text           0x00401000     0x4200
 *(.init)
 *(.text)
 .text          0x00401000        0x8 lib/crt0.o
                0x00401000                start
 .text          0x00401008       0x38 lib/setjmp.o
                0x00401008                setjmp
                0x00401022                longjmp
 .text          0x00401040       0x90 lib/syscall-wrapper.o
                0x00401040                task_exit
                0x00401048                task_create
                0x00401050                task_getid
                0x00401058                task_yield
                0x00401060                task_wait
                0x00401068                reboot
                0x00401070                mmap
                0x00401078                munmap
                0x00401080                sleep
                0x00401088                nanosleep
                0x00401090                beep
                0x00401098                vm86
                0x004010a0                putchar
                0x004010a8                getchar
                0x004010b0                recv
                0x004010b8                send
                0x004010c0                ioctl
                0x004010c8                time
 .text          0x004010d0      0x13c vm86call.o
                0x004010d0                vm86call
 .text          0x0040120c      0xb84 graphics.o
                0x004013e4                list_graphic_modes
                0x004015e8                init_graphic
                0x0040192c                exit_graphic
                0x00401958                setPixel
                0x00401c48                line
 .text          0x00401d90      0x268 main.o
                0x00401d90                __main
                0x00401de0                sort_bubble
                0x00401eb4                sort_bubble2
                0x00401fa0                tsk_foo
 .text          0x00401ff8       0x58 list_utils.o
                0x00401ff8                generate_random_list
 .text          0x00402050       0x18 lib/sysconf.o
                0x00402050                sysconf
 .text          0x00402068      0x1dc lib/math.o
                0x00402068                fabs
                0x0040207c                floor
                0x004020c4                ceil
                0x00402120                sin
                0x00402128                cos
                0x00402130                sqrt
                0x00402138                log2
                0x00402148                atan2
                0x00402158                tan
                0x00402164                cot
                0x00402170                pow
                0x004021e0                exp
                0x00402224                log
 .text          0x00402244      0x18c lib/stdio.o
                0x00402244                printf
                0x0040229c                fprintf
                0x004022f4                vprintf
                0x0040234c                vfprintf
                0x00402360                vsprintf
                0x0040238c                sprintf
                0x004023b8                fputc
 .text          0x004023d0      0x658 lib/stdlib.o
                0x004023d0                exit
                0x004023d8                ldiv
                0x004023f4                div
                0x00402410                rand_r
                0x004024b0                rand
                0x0040256c                srand
                0x00402578                strtol
                0x00402798                strtoul
                0x00402a04                atol
 .text          0x00402a28      0x840 lib/qsort.o
                0x00402a28                qsort
 .text          0x00403268      0x204 ../lib/softfloat.o
                0x00403268                __udivmoddi4
                0x00403320                __divdi3
                0x00403388                __moddi3
                0x004033fc                __udivdi3
                0x00403430                __umoddi3
 .text          0x0040346c      0x2a0 ../lib/string.o
                0x0040346c                memcmp
                0x00403494                memmove
                0x004034e4                memchr
                0x0040350c                strcat
                0x00403530                strcmp
                0x0040355c                strncmp
                0x004035a8                strchr
                0x004035cc                strrchr
                0x004035f0                strstr
                0x00403690                strcpy
                0x004036b0                strlen
                0x004036c8                strncpy
 .text          0x0040370c      0x530 ../lib/memcpy.o
                0x0040370c                memcpy
 .text          0x00403c3c       0x9c ../lib/memset.o
                0x00403c3c                memset
 .text          0x00403cd8      0x940 ../lib/snprintf.o
                0x00403f28                vsnprintf
                0x004045e0                snprintf
 .text          0x00404618       0x90 lib/malloc.o
                0x00404618                malloc
                0x00404634                calloc
                0x00404644                memalign
                0x00404668                realloc
                0x0040468c                free
 .text          0x004046a8      0x9b4 ../lib/tlsf/tlsf.o
                0x00404a24                tlsf_check
                0x00404b28                tlsf_walk_pool
                0x00404b94                tlsf_block_size
                0x00404ba8                tlsf_check_pool
                0x00404be0                tlsf_size
                0x00404be8                tlsf_align_size
                0x00404bf0                tlsf_block_size_min
                0x00404bf8                tlsf_block_size_max
                0x00404c00                tlsf_pool_overhead
                0x00404c08                tlsf_alloc_overhead
                0x00404c10                tlsf_add_pool
                0x00404c60                tlsf_remove_pool
                0x00404ca8                tlsf_create
                0x00404cf4                tlsf_create_with_pool
                0x00404d70                tlsf_destroy
                0x00404d74                tlsf_get_pool
                0x00404d80                tlsf_malloc
                0x00404dac                tlsf_memalign
                0x00404e8c                tlsf_free
                0x00404f00                tlsf_realloc
 *(SORT(.text$*))
 *(.text.*)
 .text.startup  0x0040505c       0xc4 main.o
                0x0040505c                main
 *(.gnu.linkonce.t.*)
 *(.glue_7t)
 *(.glue_7)
                0x00405120                ___CTOR_LIST__ = .
                0x00405120                __CTOR_LIST__ = .
                0x00405120        0x4 LONG 0xffffffff
 *(.ctors)
 *(.ctor)
 *(SORT(.ctors.*))
                0x00405124        0x4 LONG 0x0
                0x00405128                ___DTOR_LIST__ = .
                0x00405128                __DTOR_LIST__ = .
                0x00405128        0x4 LONG 0xffffffff
 *(.dtors)
 *(.dtor)
 *(SORT(.dtors.*))
                0x0040512c        0x4 LONG 0x0
 *(.fini)
 *(.gcc_exc)
                0x00405130                PROVIDE (etext, .)
 *(.gcc_except_table)

.data           0x00406000      0x200
                0x00406000                __data_start__ = .
 *(.data)
 .data          0x00406000        0x0 lib/crt0.o
 .data          0x00406000        0x0 lib/setjmp.o
 .data          0x00406000        0x0 lib/syscall-wrapper.o
 .data          0x00406000        0x0 vm86call.o
 .data          0x00406000        0x4 graphics.o
 .data          0x00406004        0x0 main.o
 .data          0x00406004        0x0 list_utils.o
 .data          0x00406004        0x0 lib/sysconf.o
 .data          0x00406004        0x0 lib/math.o
 .data          0x00406004        0x0 lib/stdio.o
 .data          0x00406004        0x4 lib/stdlib.o
 .data          0x00406008        0x0 lib/qsort.o
 .data          0x00406008        0x0 ../lib/softfloat.o
 .data          0x00406008        0x0 ../lib/string.o
 .data          0x00406008        0x0 ../lib/memcpy.o
 .data          0x00406008        0x0 ../lib/memset.o
 .data          0x00406008        0x0 ../lib/snprintf.o
 .data          0x00406008        0x0 lib/malloc.o
 .data          0x00406008        0x0 ../lib/tlsf/tlsf.o
 *(.data2)
 *(SORT(.data$*))
 *(.jcr)
                0x00406008                __data_end__ = .
 *(.data_cygwin_nocopy)

.rdata          0x00407000      0x600
 *(.rdata)
 .rdata         0x00407000       0x2c vm86call.o
 .rdata         0x0040702c      0x260 graphics.o
 *fill*         0x0040728c        0x4 
 .rdata         0x00407290       0x10 lib/math.o
 .rdata         0x004072a0       0x20 ../lib/memcpy.o
 .rdata         0x004072c0      0x1dc ../lib/snprintf.o
 *(SORT(.rdata$*))
                0x0040749c                __rt_psrelocs_start = .
 *(.rdata_runtime_pseudo_reloc)
                0x0040749c                __rt_psrelocs_end = .
                0x00000000                __rt_psrelocs_size = (__rt_psrelocs_end - __rt_psrelocs_start)
                0x0040749c                ___RUNTIME_PSEUDO_RELOC_LIST_END__ = .
                0x0040749c                __RUNTIME_PSEUDO_RELOC_LIST_END__ = .
                0x0040749c                ___RUNTIME_PSEUDO_RELOC_LIST__ = (. - __rt_psrelocs_size)
                0x0040749c                __RUNTIME_PSEUDO_RELOC_LIST__ = (. - __rt_psrelocs_size)

.eh_frame       0x00408000     0x1400
 *(.eh_frame*)
 .eh_frame      0x00408000       0x70 vm86call.o
 .eh_frame      0x00408070      0x1d4 graphics.o
 .eh_frame      0x00408244       0xec main.o
 .eh_frame      0x00408330       0x54 list_utils.o
 .eh_frame      0x00408384       0x2c lib/sysconf.o
 .eh_frame      0x004083b0      0x154 lib/math.o
 .eh_frame      0x00408504      0x118 lib/stdio.o
 .eh_frame      0x0040861c      0x190 lib/stdlib.o
 .eh_frame      0x004087ac       0x70 lib/qsort.o
 .eh_frame      0x0040881c      0x108 ../lib/softfloat.o
 .eh_frame      0x00408924      0x1f8 ../lib/string.o
 .eh_frame      0x00408b1c       0x70 ../lib/memcpy.o
 .eh_frame      0x00408b8c       0x64 ../lib/memset.o
 .eh_frame      0x00408bf0       0xb8 ../lib/snprintf.o
 .eh_frame      0x00408ca8       0x8c lib/malloc.o
 .eh_frame      0x00408d34      0x4f4 ../lib/tlsf/tlsf.o

.pdata
 *(.pdata)

.bss            0x0040a000      0x7f4
                0x0040a000                __bss_start__ = .
 *(.bss)
 .bss           0x0040a000        0x0 lib/crt0.o
 .bss           0x0040a000        0x0 lib/setjmp.o
 .bss           0x0040a000        0x0 lib/syscall-wrapper.o
 .bss           0x0040a000        0x0 vm86call.o
 .bss           0x0040a000      0x340 graphics.o
                0x0040a000                g_graphic_dev
 .bss           0x0040a340        0x0 main.o
 .bss           0x0040a340        0x0 list_utils.o
 .bss           0x0040a340        0x0 lib/sysconf.o
 .bss           0x0040a340        0x0 lib/math.o
 .bss           0x0040a340        0x0 lib/stdio.o
 .bss           0x0040a340        0x0 lib/stdlib.o
 .bss           0x0040a340        0x0 lib/qsort.o
 .bss           0x0040a340        0x0 ../lib/softfloat.o
 .bss           0x0040a340        0x0 ../lib/string.o
 .bss           0x0040a340        0x0 ../lib/memcpy.o
 .bss           0x0040a340        0x0 ../lib/memset.o
 .bss           0x0040a340        0x0 ../lib/snprintf.o
 .bss           0x0040a340        0x0 lib/malloc.o
 .bss           0x0040a340        0x0 ../lib/tlsf/tlsf.o
 *(COMMON)
 COMMON         0x0040a340      0x4b0 main.o
                0x0040a340                ary
 COMMON         0x0040a7f0        0x4 lib/malloc.o
                0x0040a7f0                g_heap
                0x0040a7f4                __bss_end__ = .

.edata
 *(.edata)

/DISCARD/
 *(.debug$S)
 *(.debug$T)
 *(.debug$F)
 *(.drectve)
 *(.note.GNU-stack)
 *(.gnu.lto_*)

.idata          0x0040b000      0x200
 SORT(*)(.idata$2)
 SORT(*)(.idata$3)
                0x0040b000        0x4 LONG 0x0
                0x0040b004        0x4 LONG 0x0
                0x0040b008        0x4 LONG 0x0
                0x0040b00c        0x4 LONG 0x0
                0x0040b010        0x4 LONG 0x0
 SORT(*)(.idata$4)
                0x0040b014                __IAT_start__ = .
 SORT(*)(.idata$5)
                0x0040b014                __IAT_end__ = .
 SORT(*)(.idata$6)
 SORT(*)(.idata$7)

.CRT            0x0040c000        0x0
                0x0040c000                ___crt_xc_start__ = .
 *(SORT(.CRT$XC*))
                0x0040c000                ___crt_xc_end__ = .
                0x0040c000                ___crt_xi_start__ = .
 *(SORT(.CRT$XI*))
                0x0040c000                ___crt_xi_end__ = .
                0x0040c000                ___crt_xl_start__ = .
 *(SORT(.CRT$XL*))
                0x0040c000                ___crt_xp_start__ = .
 *(SORT(.CRT$XP*))
                0x0040c000                ___crt_xp_end__ = .
                0x0040c000                ___crt_xt_start__ = .
 *(SORT(.CRT$XT*))
                0x0040c000                ___crt_xt_end__ = .

.tls            0x0040c000        0x0
                0x0040c000                ___tls_start__ = .
 *(.tls)
 *(.tls$)
 *(SORT(.tls$*))
                0x0040c000                ___tls_end__ = .

.endjunk        0x0040c000        0x0
                0x0040c000                PROVIDE (end, .)
                0x0040c000                PROVIDE (_end, .)
                0x0040c000                __end__ = .

.rsrc
 *(.rsrc)
 *(SORT(.rsrc$*))

.reloc
 *(.reloc)

.stab
 *(.stab)

.stabstr
 *(.stabstr)

.debug_aranges  0x0040c000      0x400
 *(.debug_aranges)
 .debug_aranges
                0x0040c000       0x20 vm86call.o
 .debug_aranges
                0x0040c020       0x20 graphics.o
 .debug_aranges
                0x0040c040       0x28 main.o
 .debug_aranges
                0x0040c068       0x20 list_utils.o
 .debug_aranges
                0x0040c088       0x20 lib/sysconf.o
 .debug_aranges
                0x0040c0a8       0x20 lib/math.o
 .debug_aranges
                0x0040c0c8       0x20 lib/stdio.o
 .debug_aranges
                0x0040c0e8       0x20 lib/stdlib.o
 .debug_aranges
                0x0040c108       0x20 lib/qsort.o
 .debug_aranges
                0x0040c128       0x20 ../lib/softfloat.o
 .debug_aranges
                0x0040c148       0x20 ../lib/string.o
 .debug_aranges
                0x0040c168       0x20 ../lib/memcpy.o
 .debug_aranges
                0x0040c188       0x20 ../lib/memset.o
 .debug_aranges
                0x0040c1a8       0x20 ../lib/snprintf.o
 .debug_aranges
                0x0040c1c8       0x20 lib/malloc.o
 .debug_aranges
                0x0040c1e8       0x20 ../lib/tlsf/tlsf.o

.debug_pubnames
 *(.debug_pubnames)

.debug_pubtypes
 *(.debug_pubtypes)

.debug_info     0x0040d000     0x8800
 *(.debug_info .gnu.linkonce.wi.*)
 .debug_info    0x0040d000      0x373 vm86call.o
 .debug_info    0x0040d373     0x12e6 graphics.o
 .debug_info    0x0040e659      0x7b6 main.o
 .debug_info    0x0040ee0f      0x23b list_utils.o
 .debug_info    0x0040f04a       0xb0 lib/sysconf.o
 .debug_info    0x0040f0fa      0x3ef lib/math.o
 .debug_info    0x0040f4e9      0x572 lib/stdio.o
 .debug_info    0x0040fa5b      0x717 lib/stdlib.o
 .debug_info    0x00410172      0xe28 lib/qsort.o
 .debug_info    0x00410f9a      0x37a ../lib/softfloat.o
 .debug_info    0x00411314      0x5c2 ../lib/string.o
 .debug_info    0x004118d6      0x2f5 ../lib/memcpy.o
 .debug_info    0x00411bcb      0x1af ../lib/memset.o
 .debug_info    0x00411d7a      0x9d4 ../lib/snprintf.o
 .debug_info    0x0041274e      0x30b lib/malloc.o
 .debug_info    0x00412a59     0x2c9c ../lib/tlsf/tlsf.o

.debug_abbrev   0x00416000     0x1a00
 *(.debug_abbrev)
 .debug_abbrev  0x00416000      0x102 vm86call.o
 .debug_abbrev  0x00416102      0x319 graphics.o
 .debug_abbrev  0x0041641b      0x1e1 main.o
 .debug_abbrev  0x004165fc       0xea list_utils.o
 .debug_abbrev  0x004166e6       0x4a lib/sysconf.o
 .debug_abbrev  0x00416730      0x10b lib/math.o
 .debug_abbrev  0x0041683b      0x169 lib/stdio.o
 .debug_abbrev  0x004169a4      0x219 lib/stdlib.o
 .debug_abbrev  0x00416bbd      0x1c1 lib/qsort.o
 .debug_abbrev  0x00416d7e      0x131 ../lib/softfloat.o
 .debug_abbrev  0x00416eaf      0x17d ../lib/string.o
 .debug_abbrev  0x0041702c       0xab ../lib/memcpy.o
 .debug_abbrev  0x004170d7       0x85 ../lib/memset.o
 .debug_abbrev  0x0041715c      0x226 ../lib/snprintf.o
 .debug_abbrev  0x00417382      0x106 lib/malloc.o
 .debug_abbrev  0x00417488      0x4b6 ../lib/tlsf/tlsf.o

.debug_line     0x00418000     0x1800
 *(.debug_line)
 .debug_line    0x00418000       0xa3 vm86call.o
 .debug_line    0x004180a3      0x2c1 graphics.o
 .debug_line    0x00418364      0x128 main.o
 .debug_line    0x0041848c       0x7a list_utils.o
 .debug_line    0x00418506       0x3d lib/sysconf.o
 .debug_line    0x00418543       0x8b lib/math.o
 .debug_line    0x004185ce       0xd7 lib/stdio.o
 .debug_line    0x004186a5      0x210 lib/stdlib.o
 .debug_line    0x004188b5      0x229 lib/qsort.o
 .debug_line    0x00418ade       0xaa ../lib/softfloat.o
 .debug_line    0x00418b88      0x120 ../lib/string.o
 .debug_line    0x00418ca8      0x165 ../lib/memcpy.o
 .debug_line    0x00418e0d       0xbf ../lib/memset.o
 .debug_line    0x00418ecc      0x296 ../lib/snprintf.o
 .debug_line    0x00419162       0x86 lib/malloc.o
 .debug_line    0x004191e8      0x454 ../lib/tlsf/tlsf.o

.debug_frame
 *(.debug_frame*)

.debug_str      0x0041a000      0x200
 *(.debug_str)
 .debug_str     0x0041a000       0x5a graphics.o
 .debug_str     0x0041a05a        0xd main.o
 .debug_str     0x0041a067        0x5 lib/stdio.o
 .debug_str     0x0041a06c        0x9 lib/qsort.o
 .debug_str     0x0041a075       0x17 ../lib/memcpy.o
 .debug_str     0x0041a08c       0x16 ../lib/snprintf.o
 .debug_str     0x0041a0a2        0x6 lib/malloc.o
 .debug_str     0x0041a0a8       0x6e ../lib/tlsf/tlsf.o

.debug_loc      0x0041b000     0x8e00
 *(.debug_loc)
 .debug_loc     0x0041b000      0x230 vm86call.o
 .debug_loc     0x0041b230      0xa06 graphics.o
 .debug_loc     0x0041bc36      0x379 main.o
 .debug_loc     0x0041bfaf       0xd4 list_utils.o
 .debug_loc     0x0041c083      0x2a0 lib/math.o
 .debug_loc     0x0041c323      0x338 lib/stdio.o
 .debug_loc     0x0041c65b      0xd4d lib/stdlib.o
 .debug_loc     0x0041d3a8     0x16cc lib/qsort.o
 .debug_loc     0x0041ea74      0x514 ../lib/softfloat.o
 .debug_loc     0x0041ef88      0x9e4 ../lib/string.o
 .debug_loc     0x0041f96c      0x979 ../lib/memcpy.o
 .debug_loc     0x004202e5      0x23e ../lib/memset.o
 .debug_loc     0x00420523     0x1562 ../lib/snprintf.o
 .debug_loc     0x00421a85       0xb0 lib/malloc.o
 .debug_loc     0x00421b35     0x21b5 ../lib/tlsf/tlsf.o

.debug_macinfo
 *(.debug_macinfo)

.debug_weaknames
 *(.debug_weaknames)

.debug_funcnames
 *(.debug_funcnames)

.debug_typenames
 *(.debug_typenames)

.debug_varnames
 *(.debug_varnames)

.debug_macro
 *(.debug_macro)

.debug_ranges   0x00424000      0x800
 *(.debug_ranges)
 .debug_ranges  0x00424000       0xd8 graphics.o
 .debug_ranges  0x004240d8       0x18 main.o
 .debug_ranges  0x004240f0       0xb0 lib/stdlib.o
 .debug_ranges  0x004241a0      0x298 lib/qsort.o
 .debug_ranges  0x00424438       0x30 ../lib/softfloat.o
 .debug_ranges  0x00424468       0x40 ../lib/string.o
 .debug_ranges  0x004244a8       0x48 ../lib/memcpy.o
 .debug_ranges  0x004244f0       0xa0 ../lib/snprintf.o
 .debug_ranges  0x00424590      0x1d8 ../lib/tlsf/tlsf.o

.debug_types
 *(.debug_types .gnu.linkonce.wt.*)
OUTPUT(a.out pei-i386)
