
Allocating common symbols
Common symbol       size              file

g_heap              0x4               lib/malloc.o

Discarded input sections

 .drectve       0x00000000       0x18 lib/malloc.o

Memory Configuration

Name             Origin             Length             Attributes
*default*        0x00000000         0xffffffff

Linker script and memory map

                0x00400000                __image_base__ = 0x400000
                0x00000000                __dll__ = 0x0
                0x00400000                ___ImageBase = 0x400000
                0x00001000                __section_alignment__ = 0x1000
                0x00000200                __file_alignment__ = 0x200
                0x00000004                __major_os_version__ = 0x4
                0x00000000                __minor_os_version__ = 0x0
                0x00000001                __major_image_version__ = 0x1
                0x00000000                __minor_image_version__ = 0x0
                0x00000004                __major_subsystem_version__ = 0x4
                0x00000000                __minor_subsystem_version__ = 0x0
                0x00000003                __subsystem__ = 0x3
                0x00200000                __size_of_stack_reserve__ = 0x200000
                0x00001000                __size_of_stack_commit__ = 0x1000
                0x00100000                __size_of_heap_reserve__ = 0x100000
                0x00001000                __size_of_heap_commit__ = 0x1000
                0x00000000                __loader_flags__ = 0x0
                0x00000000                __dll_characteristics__ = 0x0
LOAD lib/crt0.o
LOAD lib/setjmp.o
LOAD lib/syscall-wrapper.o
LOAD vm86call.o
LOAD graphics.o
LOAD main.o
LOAD list_utils.o
LOAD lib/sysconf.o
LOAD lib/math.o
LOAD lib/stdio.o
LOAD lib/stdlib.o
LOAD lib/qsort.o
LOAD ../lib/softfloat.o
LOAD ../lib/string.o
LOAD ../lib/memcpy.o
LOAD ../lib/memset.o
LOAD ../lib/snprintf.o
LOAD lib/malloc.o
LOAD ../lib/tlsf/tlsf.o
                0x00000380                . = SIZEOF_HEADERS
                0x00001000                . = ALIGN (__section_alignment__)

.text           0x00401000     0x6000
 *(.init)
 *(.text)
 .text          0x00401000        0x8 lib/crt0.o
                0x00401000                start
 .text          0x00401008       0x38 lib/setjmp.o
                0x00401008                setjmp
                0x00401022                longjmp
 .text          0x00401040       0x90 lib/syscall-wrapper.o
                0x00401040                task_exit
                0x00401048                task_create
                0x00401050                task_getid
                0x00401058                task_yield
                0x00401060                task_wait
                0x00401068                reboot
                0x00401070                mmap
                0x00401078                munmap
                0x00401080                sleep
                0x00401088                nanosleep
                0x00401090                beep
                0x00401098                vm86
                0x004010a0                putchar
                0x004010a8                getchar
                0x004010b0                recv
                0x004010b8                send
                0x004010c0                ioctl
                0x004010c8                time
 .text          0x004010d0      0x13c vm86call.o
                0x004010d0                vm86call
 .text          0x0040120c      0xb84 graphics.o
                0x004013e4                list_graphic_modes
                0x004015e8                init_graphic
                0x0040192c                exit_graphic
                0x00401958                setPixel
                0x00401c48                line
 .text          0x00401d90      0x7d8 main.o
                0x00401d90                sort_thread_3
                0x00401dfc                sort_thread_2
                0x00401e6c                sort_thread_1
                0x00401fa0                partition
                0x00401ff8                quickSort
                0x00402044                sort_thread_4
                0x00402090                merge
                0x004021bc                mergeSort
                0x00402224                sort_thread_5
                0x00402270                heapify
                0x004022d0                heapSort
                0x00402334                sort_thread_6
                0x00402378                shellSort
                0x00402444                sort_thread_7
                0x00402488                create_sort_threads
                0x00402518                __main
 .text          0x00402568       0x98 list_utils.o
                0x00402568                generate_random_list
 .text          0x00402600       0x1c lib/sysconf.o
                0x00402600                sysconf
 .text          0x0040261c      0x414 lib/math.o
                0x0040261c                fabs
                0x00402655                floor
                0x004026d0                ceil
                0x00402733                sin
                0x0040276a                cos
                0x004027a1                sqrt
                0x004027d8                log2
                0x0040281e                atan2
                0x00402864                tan
                0x0040289d                cot
                0x004028d8                pow
                0x0040297f                exp
                0x004029ef                log
 .text          0x00402a30      0x1cc lib/stdio.o
                0x00402a30                printf
                0x00402a9d                fprintf
                0x00402b0a                vprintf
                0x00402b6b                vfprintf
                0x00402b85                vsprintf
                0x00402bae                sprintf
                0x00402be3                fputc
 .text          0x00402bfc      0x648 lib/stdlib.o
                0x00402bfc                exit
                0x00402c0f                ldiv
                0x00402c50                div
                0x00402d88                rand_r
                0x00402db1                rand
                0x00402dc5                srand
                0x00402e82                strtol
                0x00403062                strtoul
                0x0040321f                atol
 .text          0x00403244      0x710 lib/qsort.o
                0x00403361                qsort
 .text          0x00403954      0x360 ../lib/softfloat.o
                0x00403954                __udivmoddi4
                0x00403a96                __divdi3
                0x00403b4c                __moddi3
                0x00403c06                __udivdi3
                0x00403c59                __umoddi3
 .text          0x00403cb4      0x3c4 ../lib/string.o
                0x00403cb4                memcmp
                0x00403d07                memmove
                0x00403d9a                memchr
                0x00403de0                strcat
                0x00403e27                strcmp
                0x00403e76                strncmp
                0x00403ed7                strchr
                0x00403f01                strrchr
                0x00403f3d                strstr
                0x00403fb0                strcpy
                0x00403fe3                strlen
                0x00404010                strncpy
 .text          0x00404078      0xb24 ../lib/memcpy.o
                0x00404078                memcpy
 .text          0x00404b9c       0x8c ../lib/memset.o
                0x00404b9c                memset
 .text          0x00404c28      0xc00 ../lib/snprintf.o
                0x004057a9                vsnprintf
                0x004057e7                snprintf
 .text          0x00405828       0x98 lib/malloc.o
                0x00405828                malloc
                0x00405844                calloc
                0x0040585b                memalign
                0x0040587e                realloc
                0x004058a1                free
 .text          0x004058c0     0x1514 ../lib/tlsf/tlsf.o
                0x004064b2                tlsf_check
                0x00406699                tlsf_walk_pool
                0x00406745                tlsf_block_size
                0x0040677f                tlsf_check_pool
                0x004067b6                tlsf_size
                0x004067bc                tlsf_align_size
                0x004067c2                tlsf_block_size_min
                0x004067c8                tlsf_block_size_max
                0x004067ce                tlsf_pool_overhead
                0x004067d6                tlsf_alloc_overhead
                0x004067dc                tlsf_add_pool
                0x004068de                tlsf_remove_pool
                0x00406960                tlsf_create
                0x00406989                tlsf_create_with_pool
                0x004069d2                tlsf_destroy
                0x004069d3                tlsf_get_pool
                0x004069df                tlsf_malloc
                0x00406a3a                tlsf_memalign
                0x00406bb6                tlsf_free
                0x00406c2c                tlsf_realloc
 *(SORT(.text$*))
 *(.text.*)
 .text.startup  0x00406dd4      0x148 main.o
                0x00406dd4                main
 *(.gnu.linkonce.t.*)
 *(.glue_7t)
 *(.glue_7)
                0x00406f1c                ___CTOR_LIST__ = .
                0x00406f1c                __CTOR_LIST__ = .
                0x00406f1c        0x4 LONG 0xffffffff
 *(.ctors)
 *(.ctor)
 *(SORT(.ctors.*))
                0x00406f20        0x4 LONG 0x0
                0x00406f24                ___DTOR_LIST__ = .
                0x00406f24                __DTOR_LIST__ = .
                0x00406f24        0x4 LONG 0xffffffff
 *(.dtors)
 *(.dtor)
 *(SORT(.dtors.*))
                0x00406f28        0x4 LONG 0x0
 *(.fini)
 *(.gcc_exc)
                0x00406f2c                PROVIDE (etext, .)
 *(.gcc_except_table)

.data           0x00407000      0x200
                0x00407000                __data_start__ = .
 *(.data)
 .data          0x00407000        0x0 lib/crt0.o
 .data          0x00407000        0x0 lib/setjmp.o
 .data          0x00407000        0x0 lib/syscall-wrapper.o
 .data          0x00407000        0x0 vm86call.o
 .data          0x00407000        0x4 graphics.o
 .data          0x00407004       0x1c main.o
                0x00407004                sort_functions
 .data          0x00407020        0x0 list_utils.o
 .data          0x00407020        0x0 lib/sysconf.o
 .data          0x00407020        0x0 lib/math.o
 .data          0x00407020        0x0 lib/stdio.o
 .data          0x00407020        0x4 lib/stdlib.o
 .data          0x00407024        0x0 lib/qsort.o
 .data          0x00407024        0x0 ../lib/softfloat.o
 .data          0x00407024        0x0 ../lib/string.o
 .data          0x00407024        0x0 ../lib/memcpy.o
 .data          0x00407024        0x0 ../lib/memset.o
 .data          0x00407024        0x0 ../lib/snprintf.o
 .data          0x00407024        0x0 lib/malloc.o
 .data          0x00407024        0x0 ../lib/tlsf/tlsf.o
 *(.data2)
 *(SORT(.data$*))
 *(.jcr)
                0x00407024                __data_end__ = .
 *(.data_cygwin_nocopy)

.rdata          0x00408000      0x800
 *(.rdata)
 .rdata         0x00408000       0x2c vm86call.o
 .rdata         0x0040802c      0x260 graphics.o
 .rdata         0x0040828c      0x114 main.o
 .rdata         0x004083a0        0x8 lib/math.o
 .rdata         0x004083a8       0xa0 ../lib/memcpy.o
 .rdata         0x00408448      0x1e0 ../lib/snprintf.o
 .rdata         0x00408628       0x18 ../lib/tlsf/tlsf.o
 *(SORT(.rdata$*))
                0x00408640                __rt_psrelocs_start = .
 *(.rdata_runtime_pseudo_reloc)
                0x00408640                __rt_psrelocs_end = .
                0x00000000                __rt_psrelocs_size = (__rt_psrelocs_end - __rt_psrelocs_start)
                0x00408640                ___RUNTIME_PSEUDO_RELOC_LIST_END__ = .
                0x00408640                __RUNTIME_PSEUDO_RELOC_LIST_END__ = .
                0x00408640                ___RUNTIME_PSEUDO_RELOC_LIST__ = (. - __rt_psrelocs_size)
                0x00408640                __RUNTIME_PSEUDO_RELOC_LIST__ = (. - __rt_psrelocs_size)

.eh_frame       0x00409000     0x1600
 *(.eh_frame*)
 .eh_frame      0x00409000       0x70 vm86call.o
 .eh_frame      0x00409070      0x1d4 graphics.o
 .eh_frame      0x00409244      0x328 main.o
 .eh_frame      0x0040956c       0x54 list_utils.o
 .eh_frame      0x004095c0       0x38 lib/sysconf.o
 .eh_frame      0x004095f8      0x1c4 lib/math.o
 .eh_frame      0x004097bc       0xf8 lib/stdio.o
 .eh_frame      0x004098b4      0x1fc lib/stdlib.o
 .eh_frame      0x00409ab0       0x80 lib/qsort.o
 .eh_frame      0x00409b30       0xb4 ../lib/softfloat.o
 .eh_frame      0x00409be4      0x130 ../lib/string.o
 .eh_frame      0x00409d14       0x34 ../lib/memcpy.o
 .eh_frame      0x00409d48       0x50 ../lib/memset.o
 .eh_frame      0x00409d98       0xd0 ../lib/snprintf.o
 .eh_frame      0x00409e68       0xb8 lib/malloc.o
 .eh_frame      0x00409f20      0x678 ../lib/tlsf/tlsf.o

.pdata
 *(.pdata)

.bss            0x0040b000      0x344
                0x0040b000                __bss_start__ = .
 *(.bss)
 .bss           0x0040b000        0x0 lib/crt0.o
 .bss           0x0040b000        0x0 lib/setjmp.o
 .bss           0x0040b000        0x0 lib/syscall-wrapper.o
 .bss           0x0040b000        0x0 vm86call.o
 .bss           0x0040b000      0x340 graphics.o
                0x0040b000                g_graphic_dev
 .bss           0x0040b340        0x0 main.o
 .bss           0x0040b340        0x0 list_utils.o
 .bss           0x0040b340        0x0 lib/sysconf.o
 .bss           0x0040b340        0x0 lib/math.o
 .bss           0x0040b340        0x0 lib/stdio.o
 .bss           0x0040b340        0x0 lib/stdlib.o
 .bss           0x0040b340        0x0 lib/qsort.o
 .bss           0x0040b340        0x0 ../lib/softfloat.o
 .bss           0x0040b340        0x0 ../lib/string.o
 .bss           0x0040b340        0x0 ../lib/memcpy.o
 .bss           0x0040b340        0x0 ../lib/memset.o
 .bss           0x0040b340        0x0 ../lib/snprintf.o
 .bss           0x0040b340        0x0 lib/malloc.o
 .bss           0x0040b340        0x0 ../lib/tlsf/tlsf.o
 *(COMMON)
 COMMON         0x0040b340        0x4 lib/malloc.o
                0x0040b340                g_heap
                0x0040b344                __bss_end__ = .

.edata
 *(.edata)

/DISCARD/
 *(.debug$S)
 *(.debug$T)
 *(.debug$F)
 *(.drectve)
 *(.note.GNU-stack)
 *(.gnu.lto_*)

.idata          0x0040c000      0x200
 SORT(*)(.idata$2)
 SORT(*)(.idata$3)
                0x0040c000        0x4 LONG 0x0
                0x0040c004        0x4 LONG 0x0
                0x0040c008        0x4 LONG 0x0
                0x0040c00c        0x4 LONG 0x0
                0x0040c010        0x4 LONG 0x0
 SORT(*)(.idata$4)
                0x0040c014                __IAT_start__ = .
 SORT(*)(.idata$5)
                0x0040c014                __IAT_end__ = .
 SORT(*)(.idata$6)
 SORT(*)(.idata$7)

.CRT            0x0040d000        0x0
                0x0040d000                ___crt_xc_start__ = .
 *(SORT(.CRT$XC*))
                0x0040d000                ___crt_xc_end__ = .
                0x0040d000                ___crt_xi_start__ = .
 *(SORT(.CRT$XI*))
                0x0040d000                ___crt_xi_end__ = .
                0x0040d000                ___crt_xl_start__ = .
 *(SORT(.CRT$XL*))
                0x0040d000                ___crt_xp_start__ = .
 *(SORT(.CRT$XP*))
                0x0040d000                ___crt_xp_end__ = .
                0x0040d000                ___crt_xt_start__ = .
 *(SORT(.CRT$XT*))
                0x0040d000                ___crt_xt_end__ = .

.tls            0x0040d000        0x0
                0x0040d000                ___tls_start__ = .
 *(.tls)
 *(.tls$)
 *(SORT(.tls$*))
                0x0040d000                ___tls_end__ = .

.endjunk        0x0040d000        0x0
                0x0040d000                PROVIDE (end, .)
                0x0040d000                PROVIDE (_end, .)
                0x0040d000                __end__ = .

.rsrc
 *(.rsrc)
 *(SORT(.rsrc$*))

.reloc
 *(.reloc)

.stab
 *(.stab)

.stabstr
 *(.stabstr)

.debug_aranges  0x0040d000      0x400
 *(.debug_aranges)
 .debug_aranges
                0x0040d000       0x20 vm86call.o
 .debug_aranges
                0x0040d020       0x20 graphics.o
 .debug_aranges
                0x0040d040       0x28 main.o
 .debug_aranges
                0x0040d068       0x20 list_utils.o
 .debug_aranges
                0x0040d088       0x20 lib/sysconf.o
 .debug_aranges
                0x0040d0a8       0x20 lib/math.o
 .debug_aranges
                0x0040d0c8       0x20 lib/stdio.o
 .debug_aranges
                0x0040d0e8       0x20 lib/stdlib.o
 .debug_aranges
                0x0040d108       0x20 lib/qsort.o
 .debug_aranges
                0x0040d128       0x20 ../lib/softfloat.o
 .debug_aranges
                0x0040d148       0x20 ../lib/string.o
 .debug_aranges
                0x0040d168       0x20 ../lib/memcpy.o
 .debug_aranges
                0x0040d188       0x20 ../lib/memset.o
 .debug_aranges
                0x0040d1a8       0x20 ../lib/snprintf.o
 .debug_aranges
                0x0040d1c8       0x20 lib/malloc.o
 .debug_aranges
                0x0040d1e8       0x20 ../lib/tlsf/tlsf.o

.debug_pubnames
 *(.debug_pubnames)

.debug_pubtypes
 *(.debug_pubtypes)

.debug_info     0x0040e000     0x6e00
 *(.debug_info .gnu.linkonce.wi.*)
 .debug_info    0x0040e000      0x373 vm86call.o
 .debug_info    0x0040e373     0x12e6 graphics.o
 .debug_info    0x0040f659     0x135a main.o
 .debug_info    0x004109b3      0x2ec list_utils.o
 .debug_info    0x00410c9f       0x93 lib/sysconf.o
 .debug_info    0x00410d32      0x396 lib/math.o
 .debug_info    0x004110c8      0x3d5 lib/stdio.o
 .debug_info    0x0041149d      0x5c5 lib/stdlib.o
 .debug_info    0x00411a62      0x39d lib/qsort.o
 .debug_info    0x00411dff      0x2b2 ../lib/softfloat.o
 .debug_info    0x004120b1      0x4ad ../lib/string.o
 .debug_info    0x0041255e      0x2d3 ../lib/memcpy.o
 .debug_info    0x00412831      0x187 ../lib/memset.o
 .debug_info    0x004129b8      0x59c ../lib/snprintf.o
 .debug_info    0x00412f54      0x1e8 lib/malloc.o
 .debug_info    0x0041313c     0x1b29 ../lib/tlsf/tlsf.o

.debug_abbrev   0x00415000     0x1400
 *(.debug_abbrev)
 .debug_abbrev  0x00415000      0x102 vm86call.o
 .debug_abbrev  0x00415102      0x319 graphics.o
 .debug_abbrev  0x0041541b      0x2e2 main.o
 .debug_abbrev  0x004156fd      0x111 list_utils.o
 .debug_abbrev  0x0041580e       0x4a lib/sysconf.o
 .debug_abbrev  0x00415858       0x73 lib/math.o
 .debug_abbrev  0x004158cb       0xec lib/stdio.o
 .debug_abbrev  0x004159b7      0x16a lib/stdlib.o
 .debug_abbrev  0x00415b21       0xfc lib/qsort.o
 .debug_abbrev  0x00415c1d       0xa5 ../lib/softfloat.o
 .debug_abbrev  0x00415cc2       0xd4 ../lib/string.o
 .debug_abbrev  0x00415d96       0x9e ../lib/memcpy.o
 .debug_abbrev  0x00415e34       0x76 ../lib/memset.o
 .debug_abbrev  0x00415eaa      0x173 ../lib/snprintf.o
 .debug_abbrev  0x0041601d       0x98 lib/malloc.o
 .debug_abbrev  0x004160b5      0x2e1 ../lib/tlsf/tlsf.o

.debug_line     0x00417000     0x1800
 *(.debug_line)
 .debug_line    0x00417000       0xa3 vm86call.o
 .debug_line    0x004170a3      0x2c1 graphics.o
 .debug_line    0x00417364      0x29c main.o
 .debug_line    0x00417600       0xb9 list_utils.o
 .debug_line    0x004176b9       0x3f lib/sysconf.o
 .debug_line    0x004176f8       0xa8 lib/math.o
 .debug_line    0x004177a0       0xc2 lib/stdio.o
 .debug_line    0x00417862      0x287 lib/stdlib.o
 .debug_line    0x00417ae9      0x1bb lib/qsort.o
 .debug_line    0x00417ca4       0xb3 ../lib/softfloat.o
 .debug_line    0x00417d57      0x149 ../lib/string.o
 .debug_line    0x00417ea0      0x205 ../lib/memcpy.o
 .debug_line    0x004180a5       0xac ../lib/memset.o
 .debug_line    0x00418151      0x261 ../lib/snprintf.o
 .debug_line    0x004183b2       0x87 lib/malloc.o
 .debug_line    0x00418439      0x3c6 ../lib/tlsf/tlsf.o

.debug_frame
 *(.debug_frame*)

.debug_str      0x00419000      0x200
 *(.debug_str)
 .debug_str     0x00419000       0x5a graphics.o
 .debug_str     0x0041905a        0xf main.o
 .debug_str     0x00419069        0x5 lib/stdio.o
 .debug_str     0x0041906e        0x9 lib/qsort.o
 .debug_str     0x00419077       0x17 ../lib/memcpy.o
 .debug_str     0x0041908e       0x16 ../lib/snprintf.o
 .debug_str     0x004190a4        0x6 lib/malloc.o
 .debug_str     0x004190aa       0x6e ../lib/tlsf/tlsf.o

.debug_loc      0x0041a000     0x3400
 *(.debug_loc)
 .debug_loc     0x0041a000      0x230 vm86call.o
 .debug_loc     0x0041a230      0xa06 graphics.o
 .debug_loc     0x0041ac36      0xe26 main.o
 .debug_loc     0x0041ba5c       0xfd list_utils.o
 .debug_loc     0x0041bb59       0x38 lib/sysconf.o
 .debug_loc     0x0041bb91      0x2d8 lib/math.o
 .debug_loc     0x0041be69      0x188 lib/stdio.o
 .debug_loc     0x0041bff1      0x310 lib/stdlib.o
 .debug_loc     0x0041c301       0xa8 lib/qsort.o
 .debug_loc     0x0041c3a9      0x127 ../lib/softfloat.o
 .debug_loc     0x0041c4d0      0x1b8 ../lib/string.o
 .debug_loc     0x0041c688       0x2d ../lib/memcpy.o
 .debug_loc     0x0041c6b5       0x74 ../lib/memset.o
 .debug_loc     0x0041c729      0x122 ../lib/snprintf.o
 .debug_loc     0x0041c84b      0x118 lib/malloc.o
 .debug_loc     0x0041c963      0x8d3 ../lib/tlsf/tlsf.o

.debug_macinfo
 *(.debug_macinfo)

.debug_weaknames
 *(.debug_weaknames)

.debug_funcnames
 *(.debug_funcnames)

.debug_typenames
 *(.debug_typenames)

.debug_varnames
 *(.debug_varnames)

.debug_macro
 *(.debug_macro)

.debug_ranges   0x0041e000      0x200
 *(.debug_ranges)
 .debug_ranges  0x0041e000       0xd8 graphics.o
 .debug_ranges  0x0041e0d8       0x78 main.o

.debug_types
 *(.debug_types .gnu.linkonce.wt.*)
OUTPUT(a.out pei-i386)
