
Allocating common symbols
Common symbol       size              file

Ary                 0x320             main.o
tid_control         0x4               main.o
tid_producer        0x4               main.o
tid_consumer        0x4               main.o
tempAry             0x320             main.o
g_heap              0x4               lib/malloc.o

Discarded input sections

 .drectve       0x00000000       0x84 main.o
 .drectve       0x00000000       0x18 lib/malloc.o

Memory Configuration

Name             Origin             Length             Attributes
*default*        0x00000000         0xffffffff

Linker script and memory map

                0x00400000                __image_base__ = 0x400000
                0x00000000                __dll__ = 0x0
                0x00400000                ___ImageBase = 0x400000
                0x00001000                __section_alignment__ = 0x1000
                0x00000200                __file_alignment__ = 0x200
                0x00000004                __major_os_version__ = 0x4
                0x00000000                __minor_os_version__ = 0x0
                0x00000001                __major_image_version__ = 0x1
                0x00000000                __minor_image_version__ = 0x0
                0x00000004                __major_subsystem_version__ = 0x4
                0x00000000                __minor_subsystem_version__ = 0x0
                0x00000003                __subsystem__ = 0x3
                0x00200000                __size_of_stack_reserve__ = 0x200000
                0x00001000                __size_of_stack_commit__ = 0x1000
                0x00100000                __size_of_heap_reserve__ = 0x100000
                0x00001000                __size_of_heap_commit__ = 0x1000
                0x00000000                __loader_flags__ = 0x0
                0x00000000                __dll_characteristics__ = 0x0
LOAD lib/crt0.o
LOAD lib/setjmp.o
LOAD lib/syscall-wrapper.o
LOAD vm86call.o
LOAD graphics.o
LOAD main.o
LOAD lib/sysconf.o
LOAD lib/math.o
LOAD lib/stdio.o
LOAD lib/stdlib.o
LOAD lib/qsort.o
LOAD ../lib/softfloat.o
LOAD ../lib/string.o
LOAD ../lib/memcpy.o
LOAD ../lib/memset.o
LOAD ../lib/snprintf.o
LOAD lib/malloc.o
LOAD ../lib/tlsf/tlsf.o
                0x00000380                . = SIZEOF_HEADERS
                0x00001000                . = ALIGN (__section_alignment__)

.text           0x00401000     0x5600
 *(.init)
 *(.text)
 .text          0x00401000        0x8 lib/crt0.o
                0x00401000                start
 .text          0x00401008       0x38 lib/setjmp.o
                0x00401008                setjmp
                0x00401022                longjmp
 .text          0x00401040       0xc0 lib/syscall-wrapper.o
                0x00401040                task_exit
                0x00401048                task_create
                0x00401050                task_getid
                0x00401058                task_yield
                0x00401060                task_wait
                0x00401068                reboot
                0x00401070                mmap
                0x00401078                munmap
                0x00401080                sleep
                0x00401088                nanosleep
                0x00401090                beep
                0x00401098                vm86
                0x004010a0                putchar
                0x004010a8                getchar
                0x004010b0                recv
                0x004010b8                send
                0x004010c0                ioctl
                0x004010c8                time
                0x004010d0                getpriority
                0x004010d8                setpriority
                0x004010e0                sem_create
                0x004010e8                sem_destroy
                0x004010f0                sem_wait
                0x004010f8                sem_signal
 .text          0x00401100      0x13c vm86call.o
                0x00401100                vm86call
 .text          0x0040123c      0xba0 graphics.o
                0x00401414                list_graphic_modes
                0x00401618                init_graphic
                0x0040195c                exit_graphic
                0x004019a4                setPixel
                0x00401c94                line
 .text          0x00401ddc      0x584 main.o
                0x00401ddc                tsk_control
                0x00402054                tsk_producer
                0x00402158                __main
                0x004021a8                sort_bubble
                0x00402288                tsk_consumer
 .text          0x00402360       0x18 lib/sysconf.o
                0x00402360                sysconf
 .text          0x00402378      0x398 lib/math.o
                0x00402378                fabs
                0x0040238c                floor
                0x004023d4                ceil
                0x00402430                sin
                0x00402438                cos
                0x00402440                sqrt
                0x00402448                log2
                0x00402458                atan2
                0x00402468                tan
                0x00402474                cot
                0x00402480                pow
                0x004024f0                exp
                0x00402534                log
                0x00402548                atan
 .text          0x00402710      0x18c lib/stdio.o
                0x00402710                printf
                0x00402768                fprintf
                0x004027c0                vprintf
                0x00402818                vfprintf
                0x0040282c                vsprintf
                0x00402858                sprintf
                0x00402884                fputc
 .text          0x0040289c      0x694 lib/stdlib.o
                0x0040289c                exit
                0x004028a4                ldiv
                0x004028c0                div
                0x004028dc                rand_r
                0x0040297c                rand
                0x00402a38                srand
                0x00402a44                strtol
                0x00402c64                strtoul
                0x00402ed0                atol
                0x00402ef4                strdup
 .text          0x00402f30      0x840 lib/qsort.o
                0x00402f30                qsort
 .text          0x00403770      0x204 ../lib/softfloat.o
                0x00403770                __udivmoddi4
                0x00403828                __divdi3
                0x00403890                __moddi3
                0x00403904                __udivdi3
                0x00403938                __umoddi3
 .text          0x00403974      0x358 ../lib/string.o
                0x00403974                memcmp
                0x0040399c                memmove
                0x004039ec                memchr
                0x00403a14                strcat
                0x00403a38                strcmp
                0x00403a64                strncmp
                0x00403ab0                strchr
                0x00403ad4                strrchr
                0x00403af8                strstr
                0x00403b98                strcpy
                0x00403bb8                strlen
                0x00403bd0                strncpy
                0x00403c14                strcasecmp
                0x00403c5c                strncasecmp
 .text          0x00403ccc      0x530 ../lib/memcpy.o
                0x00403ccc                memcpy
 .text          0x004041fc       0x9c ../lib/memset.o
                0x004041fc                memset
 .text          0x00404298     0x1680 ../lib/snprintf.o
                0x004051fc                vsnprintf
                0x004058ec                snprintf
 .text          0x00405918       0xb8 lib/malloc.o
                0x00405918                malloc
                0x00405934                calloc
                0x0040596c                memalign
                0x00405990                realloc
                0x004059b4                free
 .text          0x004059d0      0x9b4 ../lib/tlsf/tlsf.o
                0x00405d4c                tlsf_check
                0x00405e50                tlsf_walk_pool
                0x00405ebc                tlsf_block_size
                0x00405ed0                tlsf_check_pool
                0x00405f08                tlsf_size
                0x00405f10                tlsf_align_size
                0x00405f18                tlsf_block_size_min
                0x00405f20                tlsf_block_size_max
                0x00405f28                tlsf_pool_overhead
                0x00405f30                tlsf_alloc_overhead
                0x00405f38                tlsf_add_pool
                0x00405f88                tlsf_remove_pool
                0x00405fd0                tlsf_create
                0x0040601c                tlsf_create_with_pool
                0x00406098                tlsf_destroy
                0x0040609c                tlsf_get_pool
                0x004060a8                tlsf_malloc
                0x004060d4                tlsf_memalign
                0x004061b4                tlsf_free
                0x00406228                tlsf_realloc
 *(SORT(.text$*))
 *(.text.*)
 .text.startup  0x00406384      0x19c main.o
                0x00406384                main
 *(.gnu.linkonce.t.*)
 *(.glue_7t)
 *(.glue_7)
                0x00406520                ___CTOR_LIST__ = .
                0x00406520                __CTOR_LIST__ = .
                0x00406520        0x4 LONG 0xffffffff
 *(.ctors)
 *(.ctor)
 *(SORT(.ctors.*))
                0x00406524        0x4 LONG 0x0
                0x00406528                ___DTOR_LIST__ = .
                0x00406528                __DTOR_LIST__ = .
                0x00406528        0x4 LONG 0xffffffff
 *(.dtors)
 *(.dtor)
 *(SORT(.dtors.*))
                0x0040652c        0x4 LONG 0x0
 *(.fini)
 *(.gcc_exc)
                0x00406530                PROVIDE (etext, .)
 *(.gcc_except_table)

.data           0x00407000      0x200
                0x00407000                __data_start__ = .
 *(.data)
 .data          0x00407000        0x0 lib/crt0.o
 .data          0x00407000        0x0 lib/setjmp.o
 .data          0x00407000        0x0 lib/syscall-wrapper.o
 .data          0x00407000        0x0 vm86call.o
 .data          0x00407000        0x4 graphics.o
 .data          0x00407004        0x0 main.o
 .data          0x00407004        0x0 lib/sysconf.o
 .data          0x00407004        0x0 lib/math.o
 .data          0x00407004        0x0 lib/stdio.o
 .data          0x00407004        0x4 lib/stdlib.o
 .data          0x00407008        0x0 lib/qsort.o
 .data          0x00407008        0x0 ../lib/softfloat.o
 .data          0x00407008        0x0 ../lib/string.o
 .data          0x00407008        0x0 ../lib/memcpy.o
 .data          0x00407008        0x0 ../lib/memset.o
 .data          0x00407008        0x0 ../lib/snprintf.o
 .data          0x00407008        0x0 lib/malloc.o
 .data          0x00407008        0x0 ../lib/tlsf/tlsf.o
 *(.data2)
 *(SORT(.data$*))
 *(.jcr)
                0x00407008                __data_end__ = .
 *(.data_cygwin_nocopy)

.rdata          0x00408000      0x800
 *(.rdata)
 .rdata         0x00408000       0x2c vm86call.o
 .rdata         0x0040802c      0x260 graphics.o
 *fill*         0x0040828c       0x14 
 .rdata         0x004082a0       0xe0 lib/math.o
 .rdata         0x00408380      0x100 ../lib/string.o
 .rdata         0x00408480       0x20 ../lib/memcpy.o
 .rdata         0x004084a0      0x328 ../lib/snprintf.o
 *(SORT(.rdata$*))
                0x004087c8                __rt_psrelocs_start = .
 *(.rdata_runtime_pseudo_reloc)
                0x004087c8                __rt_psrelocs_end = .
                0x00000000                __rt_psrelocs_size = (__rt_psrelocs_end - __rt_psrelocs_start)
                0x004087c8                ___RUNTIME_PSEUDO_RELOC_LIST_END__ = .
                0x004087c8                __RUNTIME_PSEUDO_RELOC_LIST_END__ = .
                0x004087c8                ___RUNTIME_PSEUDO_RELOC_LIST__ = (. - __rt_psrelocs_size)
                0x004087c8                __RUNTIME_PSEUDO_RELOC_LIST__ = (. - __rt_psrelocs_size)

.eh_frame       0x00409000     0x1400
 *(.eh_frame*)
 .eh_frame      0x00409000       0x70 vm86call.o
 .eh_frame      0x00409070      0x1d4 graphics.o
 .eh_frame      0x00409244      0x100 main.o
 .eh_frame      0x00409344       0x2c lib/sysconf.o
 .eh_frame      0x00409370      0x180 lib/math.o
 .eh_frame      0x004094f0      0x118 lib/stdio.o
 .eh_frame      0x00409608      0x1bc lib/stdlib.o
 .eh_frame      0x004097c4       0x70 lib/qsort.o
 .eh_frame      0x00409834      0x108 ../lib/softfloat.o
 .eh_frame      0x0040993c      0x268 ../lib/string.o
 .eh_frame      0x00409ba4       0x70 ../lib/memcpy.o
 .eh_frame      0x00409c14       0x64 ../lib/memset.o
 .eh_frame      0x00409c78      0x130 ../lib/snprintf.o
 .eh_frame      0x00409da8       0xa4 lib/malloc.o
 .eh_frame      0x00409e4c      0x4f4 ../lib/tlsf/tlsf.o

.pdata
 *(.pdata)

.bss            0x0040b000      0x9c4
                0x0040b000                __bss_start__ = .
 *(.bss)
 .bss           0x0040b000        0x0 lib/crt0.o
 .bss           0x0040b000        0x0 lib/setjmp.o
 .bss           0x0040b000        0x0 lib/syscall-wrapper.o
 .bss           0x0040b000        0x0 vm86call.o
 .bss           0x0040b000      0x340 graphics.o
                0x0040b000                g_graphic_dev
 .bss           0x0040b340        0x8 main.o
                0x0040b340                curConsumer
                0x0040b344                curProducer
 .bss           0x0040b348        0x0 lib/sysconf.o
 .bss           0x0040b348        0x0 lib/math.o
 .bss           0x0040b348        0x0 lib/stdio.o
 .bss           0x0040b348        0x0 lib/stdlib.o
 .bss           0x0040b348        0x0 lib/qsort.o
 .bss           0x0040b348        0x0 ../lib/softfloat.o
 .bss           0x0040b348        0x0 ../lib/string.o
 .bss           0x0040b348        0x0 ../lib/memcpy.o
 .bss           0x0040b348        0x0 ../lib/memset.o
 .bss           0x0040b348        0x0 ../lib/snprintf.o
 .bss           0x0040b348        0x0 lib/malloc.o
 .bss           0x0040b348        0x0 ../lib/tlsf/tlsf.o
 *(COMMON)
 *fill*         0x0040b348       0x18 
 COMMON         0x0040b360      0x660 main.o
                0x0040b360                Ary
                0x0040b680                tid_control
                0x0040b684                tid_producer
                0x0040b688                tid_consumer
                0x0040b6a0                tempAry
 COMMON         0x0040b9c0        0x4 lib/malloc.o
                0x0040b9c0                g_heap
                0x0040b9c4                __bss_end__ = .

.edata
 *(.edata)

/DISCARD/
 *(.debug$S)
 *(.debug$T)
 *(.debug$F)
 *(.drectve)
 *(.note.GNU-stack)
 *(.gnu.lto_*)

.idata          0x0040c000      0x200
 SORT(*)(.idata$2)
 SORT(*)(.idata$3)
                0x0040c000        0x4 LONG 0x0
                0x0040c004        0x4 LONG 0x0
                0x0040c008        0x4 LONG 0x0
                0x0040c00c        0x4 LONG 0x0
                0x0040c010        0x4 LONG 0x0
 SORT(*)(.idata$4)
                0x0040c014                __IAT_start__ = .
 SORT(*)(.idata$5)
                0x0040c014                __IAT_end__ = .
 SORT(*)(.idata$6)
 SORT(*)(.idata$7)

.CRT            0x0040d000        0x0
                0x0040d000                ___crt_xc_start__ = .
 *(SORT(.CRT$XC*))
                0x0040d000                ___crt_xc_end__ = .
                0x0040d000                ___crt_xi_start__ = .
 *(SORT(.CRT$XI*))
                0x0040d000                ___crt_xi_end__ = .
                0x0040d000                ___crt_xl_start__ = .
 *(SORT(.CRT$XL*))
                0x0040d000                ___crt_xp_start__ = .
 *(SORT(.CRT$XP*))
                0x0040d000                ___crt_xp_end__ = .
                0x0040d000                ___crt_xt_start__ = .
 *(SORT(.CRT$XT*))
                0x0040d000                ___crt_xt_end__ = .

.tls            0x0040d000        0x0
                0x0040d000                ___tls_start__ = .
 *(.tls)
 *(.tls$)
 *(SORT(.tls$*))
                0x0040d000                ___tls_end__ = .

.endjunk        0x0040d000        0x0
                0x0040d000                PROVIDE (end, .)
                0x0040d000                PROVIDE (_end, .)
                0x0040d000                __end__ = .

.rsrc
 *(.rsrc)
 *(SORT(.rsrc$*))

.reloc
 *(.reloc)

.stab
 *(.stab)

.stabstr
 *(.stabstr)

.debug_aranges  0x0040d000      0x200
 *(.debug_aranges)
 .debug_aranges
                0x0040d000       0x20 vm86call.o
 .debug_aranges
                0x0040d020       0x20 graphics.o
 .debug_aranges
                0x0040d040       0x28 main.o
 .debug_aranges
                0x0040d068       0x20 lib/sysconf.o
 .debug_aranges
                0x0040d088       0x20 lib/math.o
 .debug_aranges
                0x0040d0a8       0x20 lib/stdio.o
 .debug_aranges
                0x0040d0c8       0x20 lib/stdlib.o
 .debug_aranges
                0x0040d0e8       0x20 lib/qsort.o
 .debug_aranges
                0x0040d108       0x20 ../lib/softfloat.o
 .debug_aranges
                0x0040d128       0x20 ../lib/string.o
 .debug_aranges
                0x0040d148       0x20 ../lib/memcpy.o
 .debug_aranges
                0x0040d168       0x20 ../lib/memset.o
 .debug_aranges
                0x0040d188       0x20 ../lib/snprintf.o
 .debug_aranges
                0x0040d1a8       0x20 lib/malloc.o
 .debug_aranges
                0x0040d1c8       0x20 ../lib/tlsf/tlsf.o

.debug_pubnames
 *(.debug_pubnames)

.debug_pubtypes
 *(.debug_pubtypes)

.debug_info     0x0040e000     0x9400
 *(.debug_info .gnu.linkonce.wi.*)
 .debug_info    0x0040e000      0x373 vm86call.o
 .debug_info    0x0040e373     0x132b graphics.o
 .debug_info    0x0040f69e      0xd29 main.o
 .debug_info    0x004103c7       0xb0 lib/sysconf.o
 .debug_info    0x00410477      0x5f9 lib/math.o
 .debug_info    0x00410a70      0x572 lib/stdio.o
 .debug_info    0x00410fe2      0x81f lib/stdlib.o
 .debug_info    0x00411801      0xe28 lib/qsort.o
 .debug_info    0x00412629      0x37b ../lib/softfloat.o
 .debug_info    0x004129a4      0x6cc ../lib/string.o
 .debug_info    0x00413070      0x2f6 ../lib/memcpy.o
 .debug_info    0x00413366      0x1b0 ../lib/memset.o
 .debug_info    0x00413516      0xec4 ../lib/snprintf.o
 .debug_info    0x004143da      0x35a lib/malloc.o
 .debug_info    0x00414734     0x2c9d ../lib/tlsf/tlsf.o

.debug_abbrev   0x00418000     0x1a00
 *(.debug_abbrev)
 .debug_abbrev  0x00418000      0x102 vm86call.o
 .debug_abbrev  0x00418102      0x319 graphics.o
 .debug_abbrev  0x0041841b      0x21b main.o
 .debug_abbrev  0x00418636       0x4a lib/sysconf.o
 .debug_abbrev  0x00418680      0x19b lib/math.o
 .debug_abbrev  0x0041881b      0x169 lib/stdio.o
 .debug_abbrev  0x00418984      0x234 lib/stdlib.o
 .debug_abbrev  0x00418bb8      0x1c1 lib/qsort.o
 .debug_abbrev  0x00418d79      0x131 ../lib/softfloat.o
 .debug_abbrev  0x00418eaa      0x184 ../lib/string.o
 .debug_abbrev  0x0041902e       0xab ../lib/memcpy.o
 .debug_abbrev  0x004190d9       0x85 ../lib/memset.o
 .debug_abbrev  0x0041915e      0x21d ../lib/snprintf.o
 .debug_abbrev  0x0041937b       0xf8 lib/malloc.o
 .debug_abbrev  0x00419473      0x4b6 ../lib/tlsf/tlsf.o

.debug_line     0x0041a000     0x1c00
 *(.debug_line)
 .debug_line    0x0041a000       0xa3 vm86call.o
 .debug_line    0x0041a0a3      0x2cf graphics.o
 .debug_line    0x0041a372      0x1b1 main.o
 .debug_line    0x0041a523       0x3d lib/sysconf.o
 .debug_line    0x0041a560       0xfc lib/math.o
 .debug_line    0x0041a65c       0xd7 lib/stdio.o
 .debug_line    0x0041a733      0x248 lib/stdlib.o
 .debug_line    0x0041a97b      0x229 lib/qsort.o
 .debug_line    0x0041aba4       0xaa ../lib/softfloat.o
 .debug_line    0x0041ac4e      0x14e ../lib/string.o
 .debug_line    0x0041ad9c      0x167 ../lib/memcpy.o
 .debug_line    0x0041af03       0xbf ../lib/memset.o
 .debug_line    0x0041afc2      0x654 ../lib/snprintf.o
 .debug_line    0x0041b616       0xa1 lib/malloc.o
 .debug_line    0x0041b6b7      0x454 ../lib/tlsf/tlsf.o

.debug_frame
 *(.debug_frame*)

.debug_str      0x0041c000      0x200
 *(.debug_str)
 .debug_str     0x0041c000       0x5a graphics.o
 .debug_str     0x0041c05a       0x16 main.o
 .debug_str     0x0041c070        0x5 lib/stdio.o
 .debug_str     0x0041c075        0x9 lib/qsort.o
 .debug_str     0x0041c07e       0x17 ../lib/memcpy.o
 .debug_str     0x0041c095       0x53 ../lib/snprintf.o
 .debug_str     0x0041c0e8        0x6 lib/malloc.o
 .debug_str     0x0041c0ee       0x6e ../lib/tlsf/tlsf.o

.debug_loc      0x0041d000     0xaa00
 *(.debug_loc)
 .debug_loc     0x0041d000      0x230 vm86call.o
 .debug_loc     0x0041d230      0xa06 graphics.o
 .debug_loc     0x0041dc36      0x479 main.o
 .debug_loc     0x0041e0af      0x49b lib/math.o
 .debug_loc     0x0041e54a      0x338 lib/stdio.o
 .debug_loc     0x0041e882      0xdf1 lib/stdlib.o
 .debug_loc     0x0041f673     0x16cc lib/qsort.o
 .debug_loc     0x00420d3f      0x514 ../lib/softfloat.o
 .debug_loc     0x00421253      0xc06 ../lib/string.o
 .debug_loc     0x00421e59      0x979 ../lib/memcpy.o
 .debug_loc     0x004227d2      0x23e ../lib/memset.o
 .debug_loc     0x00422a10     0x2b75 ../lib/snprintf.o
 .debug_loc     0x00425585      0x135 lib/malloc.o
 .debug_loc     0x004256ba     0x21a0 ../lib/tlsf/tlsf.o

.debug_macinfo
 *(.debug_macinfo)

.debug_weaknames
 *(.debug_weaknames)

.debug_funcnames
 *(.debug_funcnames)

.debug_typenames
 *(.debug_typenames)

.debug_varnames
 *(.debug_varnames)

.debug_macro
 *(.debug_macro)

.debug_ranges   0x00428000      0xa00
 *(.debug_ranges)
 .debug_ranges  0x00428000       0xd8 graphics.o
 .debug_ranges  0x004280d8       0x18 main.o
 .debug_ranges  0x004280f0       0x38 lib/math.o
 .debug_ranges  0x00428128       0xb0 lib/stdlib.o
 .debug_ranges  0x004281d8      0x298 lib/qsort.o
 .debug_ranges  0x00428470       0x30 ../lib/softfloat.o
 .debug_ranges  0x004284a0       0x40 ../lib/string.o
 .debug_ranges  0x004284e0       0x48 ../lib/memcpy.o
 .debug_ranges  0x00428528      0x1b0 ../lib/snprintf.o
 .debug_ranges  0x004286d8      0x1d8 ../lib/tlsf/tlsf.o

.debug_types
 *(.debug_types .gnu.linkonce.wt.*)
OUTPUT(a.out pei-i386)
