
Allocating common symbols
Common symbol       size              file

tid2                0x4               main.o
ary1                0x320             main.o
ary2                0x320             main.o
g_heap              0x4               lib/malloc.o
tid1                0x4               main.o

Discarded input sections

 .drectve       0x00000000       0x54 main.o
 .drectve       0x00000000       0x18 lib/malloc.o

Memory Configuration

Name             Origin             Length             Attributes
*default*        0x00000000         0xffffffff

Linker script and memory map

                0x00400000                __image_base__ = 0x400000
                0x00000000                __dll__ = 0x0
                0x00400000                ___ImageBase = 0x400000
                0x00001000                __section_alignment__ = 0x1000
                0x00000200                __file_alignment__ = 0x200
                0x00000004                __major_os_version__ = 0x4
                0x00000000                __minor_os_version__ = 0x0
                0x00000001                __major_image_version__ = 0x1
                0x00000000                __minor_image_version__ = 0x0
                0x00000004                __major_subsystem_version__ = 0x4
                0x00000000                __minor_subsystem_version__ = 0x0
                0x00000003                __subsystem__ = 0x3
                0x00200000                __size_of_stack_reserve__ = 0x200000
                0x00001000                __size_of_stack_commit__ = 0x1000
                0x00100000                __size_of_heap_reserve__ = 0x100000
                0x00001000                __size_of_heap_commit__ = 0x1000
                0x00000000                __loader_flags__ = 0x0
                0x00000000                __dll_characteristics__ = 0x0
LOAD lib/crt0.o
LOAD lib/setjmp.o
LOAD lib/syscall-wrapper.o
LOAD vm86call.o
LOAD graphics.o
LOAD main.o
LOAD lib/sysconf.o
LOAD lib/math.o
LOAD lib/stdio.o
LOAD lib/stdlib.o
LOAD lib/qsort.o
LOAD ../lib/softfloat.o
LOAD ../lib/string.o
LOAD ../lib/memcpy.o
LOAD ../lib/memset.o
LOAD ../lib/snprintf.o
LOAD lib/malloc.o
LOAD ../lib/tlsf/tlsf.o
                0x00000420                . = SIZEOF_HEADERS
                0x00001000                . = ALIGN (__section_alignment__)

.text           0x00401000     0x4c00
 *(.init)
 *(.text)
 .text          0x00401000        0x8 lib/crt0.o
                0x00401000                start
 .text          0x00401008       0x38 lib/setjmp.o
                0x00401008                setjmp
                0x00401022                longjmp
 .text          0x00401040       0x90 lib/syscall-wrapper.o
                0x00401040                task_exit
                0x00401048                task_create
                0x00401050                task_getid
                0x00401058                task_yield
                0x00401060                task_wait
                0x00401068                reboot
                0x00401070                mmap
                0x00401078                munmap
                0x00401080                sleep
                0x00401088                nanosleep
                0x00401090                beep
                0x00401098                vm86
                0x004010a0                putchar
                0x004010a8                getchar
                0x004010b0                recv
                0x004010b8                send
                0x004010c0                ioctl
                0x004010c8                time
 .text          0x004010d0      0x13c vm86call.o
                0x004010d0                vm86call
 .text          0x0040120c      0xb84 graphics.o
                0x004013e4                list_graphic_modes
                0x004015e8                init_graphic
                0x0040192c                exit_graphic
                0x00401958                setPixel
                0x00401c48                line
 .text          0x00401d90      0x574 main.o
                0x00401d90                tsk_3
                0x00401ff0                __main
                0x00402040                sort_bubble1
                0x00402140                tsk_1
                0x00402198                sort_bubble2
                0x004022a8                tsk_2
 .text          0x00402304       0x18 lib/sysconf.o
                0x00402304                sysconf
 .text          0x0040231c      0x1dc lib/math.o
                0x0040231c                fabs
                0x00402330                floor
                0x00402378                ceil
                0x004023d4                sin
                0x004023dc                cos
                0x004023e4                sqrt
                0x004023ec                log2
                0x004023fc                atan2
                0x0040240c                tan
                0x00402418                cot
                0x00402424                pow
                0x00402494                exp
                0x004024d8                log
 .text          0x004024f8      0x18c lib/stdio.o
                0x004024f8                printf
                0x00402550                fprintf
                0x004025a8                vprintf
                0x00402600                vfprintf
                0x00402614                vsprintf
                0x00402640                sprintf
                0x0040266c                fputc
 .text          0x00402684      0x658 lib/stdlib.o
                0x00402684                exit
                0x0040268c                ldiv
                0x004026a8                div
                0x004026c4                rand_r
                0x00402764                rand
                0x00402820                srand
                0x0040282c                strtol
                0x00402a4c                strtoul
                0x00402cb8                atol
 .text          0x00402cdc      0x840 lib/qsort.o
                0x00402cdc                qsort
 *fill*         0x0040351c        0x4 
 .text          0x00403520      0x550 ../lib/softfloat.o
                0x00403520                __udivmoddi4
                0x00403630                __divdi3
                0x004037c0                __moddi3
                0x00403910                __udivdi3
                0x004039e0                __umoddi3
 .text          0x00403a70      0x380 ../lib/string.o
                0x00403a70                memcmp
                0x00403ab0                memmove
                0x00403b10                memchr
                0x00403b40                strcat
                0x00403b80                strcmp
                0x00403bc0                strncmp
                0x00403c10                strchr
                0x00403c40                strrchr
                0x00403c70                strstr
                0x00403d10                strcpy
                0x00403d50                strlen
                0x00403d80                strncpy
 .text          0x00403df0      0x560 ../lib/memcpy.o
                0x00403df0                memcpy
 .text          0x00404350       0xf0 ../lib/memset.o
                0x00404350                memset
 .text          0x00404440      0x8f0 ../lib/snprintf.o
                0x00404cc0                vsnprintf
                0x00404cf0                snprintf
 .text          0x00404d30       0x90 lib/malloc.o
                0x00404d30                malloc
                0x00404d4c                calloc
                0x00404d5c                memalign
                0x00404d80                realloc
                0x00404da4                free
 .text          0x00404dc0      0xc10 ../lib/tlsf/tlsf.o
                0x00405200                tlsf_check
                0x00405360                tlsf_walk_pool
                0x004053d0                tlsf_block_size
                0x004053f0                tlsf_check_pool
                0x00405420                tlsf_size
                0x00405430                tlsf_align_size
                0x00405440                tlsf_block_size_min
                0x00405450                tlsf_block_size_max
                0x00405460                tlsf_pool_overhead
                0x00405470                tlsf_alloc_overhead
                0x00405480                tlsf_add_pool
                0x004054f0                tlsf_remove_pool
                0x00405570                tlsf_create
                0x004055e0                tlsf_create_with_pool
                0x00405680                tlsf_destroy
                0x00405690                tlsf_get_pool
                0x004056a0                tlsf_malloc
                0x00405710                tlsf_memalign
                0x00405850                tlsf_free
                0x00405870                tlsf_realloc
 *(SORT(.text$*))
 *(.text.*)
 .text.startup  0x004059d0      0x1a8 main.o
                0x004059d0                main
 *(.gnu.linkonce.t.*)
 *(.glue_7t)
 *(.glue_7)
                0x00405b78                ___CTOR_LIST__ = .
                0x00405b78                __CTOR_LIST__ = .
                0x00405b78        0x4 LONG 0xffffffff
 *(.ctors)
 *(.ctor)
 *(SORT(.ctors.*))
                0x00405b7c        0x4 LONG 0x0
                0x00405b80                ___DTOR_LIST__ = .
                0x00405b80                __DTOR_LIST__ = .
                0x00405b80        0x4 LONG 0xffffffff
 *(.dtors)
 *(.dtor)
 *(SORT(.dtors.*))
                0x00405b84        0x4 LONG 0x0
 *(.fini)
 *(.gcc_exc)
                0x00405b88                PROVIDE (etext, .)
 *(.gcc_except_table)

.data           0x00406000      0x200
                0x00406000                __data_start__ = .
 *(.data)
 .data          0x00406000        0x0 lib/crt0.o
 .data          0x00406000        0x0 lib/setjmp.o
 .data          0x00406000        0x0 lib/syscall-wrapper.o
 .data          0x00406000        0x0 vm86call.o
 .data          0x00406000        0x4 graphics.o
 .data          0x00406004        0x0 main.o
 .data          0x00406004        0x0 lib/sysconf.o
 .data          0x00406004        0x0 lib/math.o
 .data          0x00406004        0x0 lib/stdio.o
 .data          0x00406004        0x4 lib/stdlib.o
 .data          0x00406008        0x0 lib/qsort.o
 .data          0x00406008        0x0 ../lib/softfloat.o
 .data          0x00406008        0x0 ../lib/string.o
 .data          0x00406008        0x0 ../lib/memcpy.o
 .data          0x00406008        0x0 ../lib/memset.o
 .data          0x00406008        0x0 ../lib/snprintf.o
 .data          0x00406008        0x0 lib/malloc.o
 .data          0x00406008        0x0 ../lib/tlsf/tlsf.o
 *(.data2)
 *(SORT(.data$*))
 *(.jcr)
                0x00406008                __data_end__ = .
 *(.data_cygwin_nocopy)

.rdata          0x00407000      0x800
 *(.rdata)
 .rdata         0x00407000       0x2c vm86call.o
 .rdata         0x0040702c      0x260 graphics.o
 *fill*         0x0040728c        0x4 
 .rdata         0x00407290       0x10 lib/math.o
 .rdata         0x004072a0       0x20 ../lib/memcpy.o
 .rdata         0x004072c0      0x1dc ../lib/snprintf.o
 *(SORT(.rdata$*))
 .rdata$zzz     0x0040749c       0x44 ../lib/softfloat.o
 .rdata$zzz     0x004074e0       0x44 ../lib/string.o
 .rdata$zzz     0x00407524       0x44 ../lib/memcpy.o
 .rdata$zzz     0x00407568       0x44 ../lib/memset.o
 .rdata$zzz     0x004075ac       0x44 ../lib/snprintf.o
 .rdata$zzz     0x004075f0       0x44 ../lib/tlsf/tlsf.o
                0x00407634                __rt_psrelocs_start = .
 *(.rdata_runtime_pseudo_reloc)
                0x00407634                __rt_psrelocs_end = .
                0x00000000                __rt_psrelocs_size = (__rt_psrelocs_end - __rt_psrelocs_start)
                0x00407634                ___RUNTIME_PSEUDO_RELOC_LIST_END__ = .
                0x00407634                __RUNTIME_PSEUDO_RELOC_LIST_END__ = .
                0x00407634                ___RUNTIME_PSEUDO_RELOC_LIST__ = (. - __rt_psrelocs_size)
                0x00407634                __RUNTIME_PSEUDO_RELOC_LIST__ = (. - __rt_psrelocs_size)

.eh_frame       0x00408000      0xa00
 *(.eh_frame*)
 .eh_frame      0x00408000       0x70 vm86call.o
 .eh_frame      0x00408070      0x1d4 graphics.o
 .eh_frame      0x00408244      0x13c main.o
 .eh_frame      0x00408380       0x2c lib/sysconf.o
 .eh_frame      0x004083ac      0x154 lib/math.o
 .eh_frame      0x00408500      0x118 lib/stdio.o
 .eh_frame      0x00408618      0x190 lib/stdlib.o
 .eh_frame      0x004087a8       0x70 lib/qsort.o
 .eh_frame      0x00408818       0x8c lib/malloc.o

.pdata
 *(.pdata)

.bss            0x00409000      0x9a8
                0x00409000                __bss_start__ = .
 *(.bss)
 .bss           0x00409000        0x0 lib/crt0.o
 .bss           0x00409000        0x0 lib/setjmp.o
 .bss           0x00409000        0x0 lib/syscall-wrapper.o
 .bss           0x00409000        0x0 vm86call.o
 .bss           0x00409000      0x340 graphics.o
                0x00409000                g_graphic_dev
 .bss           0x00409340        0x0 main.o
 .bss           0x00409340        0x0 lib/sysconf.o
 .bss           0x00409340        0x0 lib/math.o
 .bss           0x00409340        0x0 lib/stdio.o
 .bss           0x00409340        0x0 lib/stdlib.o
 .bss           0x00409340        0x0 lib/qsort.o
 .bss           0x00409340        0x0 ../lib/softfloat.o
 .bss           0x00409340        0x0 ../lib/string.o
 .bss           0x00409340        0x0 ../lib/memcpy.o
 .bss           0x00409340        0x0 ../lib/memset.o
 .bss           0x00409340        0x0 ../lib/snprintf.o
 .bss           0x00409340        0x0 lib/malloc.o
 .bss           0x00409340        0x0 ../lib/tlsf/tlsf.o
 *(COMMON)
 COMMON         0x00409340      0x664 main.o
                0x00409340                tid2
                0x00409360                ary1
                0x00409680                ary2
                0x004099a0                tid1
 COMMON         0x004099a4        0x4 lib/malloc.o
                0x004099a4                g_heap
                0x004099a8                __bss_end__ = .

.edata
 *(.edata)

/DISCARD/
 *(.debug$S)
 *(.debug$T)
 *(.debug$F)
 *(.drectve)
 *(.note.GNU-stack)
 *(.gnu.lto_*)

.idata          0x0040a000      0x200
 SORT(*)(.idata$2)
 SORT(*)(.idata$3)
                0x0040a000        0x4 LONG 0x0
                0x0040a004        0x4 LONG 0x0
                0x0040a008        0x4 LONG 0x0
                0x0040a00c        0x4 LONG 0x0
                0x0040a010        0x4 LONG 0x0
 SORT(*)(.idata$4)
                0x0040a014                __IAT_start__ = .
 SORT(*)(.idata$5)
                0x0040a014                __IAT_end__ = .
 SORT(*)(.idata$6)
 SORT(*)(.idata$7)

.CRT            0x0040b000        0x0
                0x0040b000                ___crt_xc_start__ = .
 *(SORT(.CRT$XC*))
                0x0040b000                ___crt_xc_end__ = .
                0x0040b000                ___crt_xi_start__ = .
 *(SORT(.CRT$XI*))
                0x0040b000                ___crt_xi_end__ = .
                0x0040b000                ___crt_xl_start__ = .
 *(SORT(.CRT$XL*))
                0x0040b000                ___crt_xp_start__ = .
 *(SORT(.CRT$XP*))
                0x0040b000                ___crt_xp_end__ = .
                0x0040b000                ___crt_xt_start__ = .
 *(SORT(.CRT$XT*))
                0x0040b000                ___crt_xt_end__ = .

.tls            0x0040b000        0x0
                0x0040b000                ___tls_start__ = .
 *(.tls)
 *(.tls$)
 *(SORT(.tls$*))
                0x0040b000                ___tls_end__ = .

.endjunk        0x0040b000        0x0
                0x0040b000                PROVIDE (end, .)
                0x0040b000                PROVIDE (_end, .)
                0x0040b000                __end__ = .

.rsrc
 *(.rsrc)
 *(SORT(.rsrc$*))

.reloc
 *(.reloc)

.stab
 *(.stab)

.stabstr
 *(.stabstr)

.debug_aranges  0x0040b000      0x200
 *(.debug_aranges)
 .debug_aranges
                0x0040b000       0x20 vm86call.o
 .debug_aranges
                0x0040b020       0x20 graphics.o
 .debug_aranges
                0x0040b040       0x28 main.o
 .debug_aranges
                0x0040b068       0x20 lib/sysconf.o
 .debug_aranges
                0x0040b088       0x20 lib/math.o
 .debug_aranges
                0x0040b0a8       0x20 lib/stdio.o
 .debug_aranges
                0x0040b0c8       0x20 lib/stdlib.o
 .debug_aranges
                0x0040b0e8       0x20 lib/qsort.o
 .debug_aranges
                0x0040b108       0x20 ../lib/softfloat.o
 .debug_aranges
                0x0040b128       0x20 ../lib/string.o
 .debug_aranges
                0x0040b148       0x20 ../lib/memcpy.o
 .debug_aranges
                0x0040b168       0x20 ../lib/memset.o
 .debug_aranges
                0x0040b188       0x20 ../lib/snprintf.o
 .debug_aranges
                0x0040b1a8       0x20 lib/malloc.o
 .debug_aranges
                0x0040b1c8       0x20 ../lib/tlsf/tlsf.o

.debug_pubnames
 *(.debug_pubnames)

.debug_pubtypes
 *(.debug_pubtypes)

.debug_info     0x0040c000     0xa200
 *(.debug_info .gnu.linkonce.wi.*)
 .debug_info    0x0040c000      0x373 vm86call.o
 .debug_info    0x0040c373     0x12e6 graphics.o
 .debug_info    0x0040d659      0xd8f main.o
 .debug_info    0x0040e3e8       0xb0 lib/sysconf.o
 .debug_info    0x0040e498      0x3ef lib/math.o
 .debug_info    0x0040e887      0x572 lib/stdio.o
 .debug_info    0x0040edf9      0x717 lib/stdlib.o
 .debug_info    0x0040f510      0xe28 lib/qsort.o
 .debug_info    0x00410338      0x618 ../lib/softfloat.o
 .debug_info    0x00410950      0x6d9 ../lib/string.o
 .debug_info    0x00411029      0x39a ../lib/memcpy.o
 .debug_info    0x004113c3      0x225 ../lib/memset.o
 .debug_info    0x004115e8      0xb50 ../lib/snprintf.o
 .debug_info    0x00412138      0x30b lib/malloc.o
 .debug_info    0x00412443     0x3c85 ../lib/tlsf/tlsf.o

.debug_abbrev   0x00417000     0x1a00
 *(.debug_abbrev)
 .debug_abbrev  0x00417000      0x102 vm86call.o
 .debug_abbrev  0x00417102      0x319 graphics.o
 .debug_abbrev  0x0041741b      0x1fc main.o
 .debug_abbrev  0x00417617       0x4a lib/sysconf.o
 .debug_abbrev  0x00417661      0x10b lib/math.o
 .debug_abbrev  0x0041776c      0x169 lib/stdio.o
 .debug_abbrev  0x004178d5      0x219 lib/stdlib.o
 .debug_abbrev  0x00417aee      0x1c1 lib/qsort.o
 .debug_abbrev  0x00417caf      0x164 ../lib/softfloat.o
 .debug_abbrev  0x00417e13      0x182 ../lib/string.o
 .debug_abbrev  0x00417f95       0xb3 ../lib/memcpy.o
 .debug_abbrev  0x00418048       0x85 ../lib/memset.o
 .debug_abbrev  0x004180cd      0x2f1 ../lib/snprintf.o
 .debug_abbrev  0x004183be      0x106 lib/malloc.o
 .debug_abbrev  0x004184c4      0x51f ../lib/tlsf/tlsf.o

.debug_line     0x00419000     0x4200
 *(.debug_line)
 .debug_line    0x00419000       0xa3 vm86call.o
 .debug_line    0x004190a3      0x2c1 graphics.o
 .debug_line    0x00419364      0x1c1 main.o
 .debug_line    0x00419525       0x3d lib/sysconf.o
 .debug_line    0x00419562       0x8b lib/math.o
 .debug_line    0x004195ed       0xd7 lib/stdio.o
 .debug_line    0x004196c4      0x210 lib/stdlib.o
 .debug_line    0x004198d4      0x229 lib/qsort.o
 .debug_line    0x00419afd      0x4ed ../lib/softfloat.o
 .debug_line    0x00419fea      0x49b ../lib/string.o
 .debug_line    0x0041a485      0x7f4 ../lib/memcpy.o
 .debug_line    0x0041ac79      0x1b3 ../lib/memset.o
 .debug_line    0x0041ae2c      0x930 ../lib/snprintf.o
 .debug_line    0x0041b75c       0x86 lib/malloc.o
 .debug_line    0x0041b7e2     0x183b ../lib/tlsf/tlsf.o

.debug_frame    0x0041e000      0xc00
 *(.debug_frame*)
 .debug_frame   0x0041e000      0x178 ../lib/softfloat.o
 .debug_frame   0x0041e178      0x1d0 ../lib/string.o
 .debug_frame   0x0041e348       0xb0 ../lib/memcpy.o
 .debug_frame   0x0041e3f8       0x4c ../lib/memset.o
 .debug_frame   0x0041e444      0x150 ../lib/snprintf.o
 .debug_frame   0x0041e594      0x524 ../lib/tlsf/tlsf.o

.debug_str      0x0041f000      0x200
 *(.debug_str)
 .debug_str     0x0041f000       0x5a graphics.o
 .debug_str     0x0041f05a        0xa main.o
 .debug_str     0x0041f064        0x5 lib/stdio.o
 .debug_str     0x0041f069        0x9 lib/qsort.o
 .debug_str     0x0041f072        0x0 ../lib/softfloat.o
 .debug_str     0x0041f072        0x0 ../lib/string.o
 .debug_str     0x0041f072       0x17 ../lib/memcpy.o
 .debug_str     0x0041f089        0x0 ../lib/memset.o
 .debug_str     0x0041f089       0x16 ../lib/snprintf.o
 .debug_str     0x0041f09f        0x6 lib/malloc.o
 .debug_str     0x0041f0a5       0x6e ../lib/tlsf/tlsf.o

.debug_loc      0x00420000     0x3e00
 *(.debug_loc)
 .debug_loc     0x00420000      0x230 vm86call.o
 .debug_loc     0x00420230      0xa06 graphics.o
 .debug_loc     0x00420c36      0x598 main.o
 .debug_loc     0x004211ce      0x2a0 lib/math.o
 .debug_loc     0x0042146e      0x338 lib/stdio.o
 .debug_loc     0x004217a6      0xd4d lib/stdlib.o
 .debug_loc     0x004224f3     0x16cc lib/qsort.o
 .debug_loc     0x00423bbf       0xb0 lib/malloc.o

.debug_macinfo
 *(.debug_macinfo)

.debug_weaknames
 *(.debug_weaknames)

.debug_funcnames
 *(.debug_funcnames)

.debug_typenames
 *(.debug_typenames)

.debug_varnames
 *(.debug_varnames)

.debug_macro
 *(.debug_macro)

.debug_ranges   0x00424000      0x600
 *(.debug_ranges)
 .debug_ranges  0x00424000       0xd8 graphics.o
 .debug_ranges  0x004240d8       0x18 main.o
 .debug_ranges  0x004240f0       0xb0 lib/stdlib.o
 .debug_ranges  0x004241a0      0x298 lib/qsort.o

.debug_types
 *(.debug_types .gnu.linkonce.wt.*)
OUTPUT(a.out pei-i386)

.debug_loclists
                0x00000000     0x5200
 .debug_loclists
                0x00000000      0x7fe ../lib/softfloat.o
 .debug_loclists
                0x000007fe      0x622 ../lib/string.o
 .debug_loclists
                0x00000e20      0xb65 ../lib/memcpy.o
 .debug_loclists
                0x00001985      0x15f ../lib/memset.o
 .debug_loclists
                0x00001ae4     0x1082 ../lib/snprintf.o
 .debug_loclists
                0x00002b66     0x24dc ../lib/tlsf/tlsf.o

.debug_rnglists
                0x00000000      0x800
 .debug_rnglists
                0x00000000       0xad ../lib/softfloat.o
 .debug_rnglists
                0x000000ad       0x29 ../lib/string.o
 .debug_rnglists
                0x000000d6       0x4a ../lib/memcpy.o
 .debug_rnglists
                0x00000120       0x72 ../lib/snprintf.o
 .debug_rnglists
                0x00000192      0x4f9 ../lib/tlsf/tlsf.o

.debug_line_str
                0x00000000      0x600
 .debug_line_str
                0x00000000       0xb8 ../lib/softfloat.o
 .debug_line_str
                0x000000b8       0xb2 ../lib/string.o
 .debug_line_str
                0x0000016a       0xb2 ../lib/memcpy.o
 .debug_line_str
                0x0000021c       0xc6 ../lib/memset.o
 .debug_line_str
                0x000002e2       0xdd ../lib/snprintf.o
 .debug_line_str
                0x000003bf       0xd1 ../lib/tlsf/tlsf.o
