
Allocating common symbols
Common symbol       size              file

tid2                0x4               main.o
ary1                0x320             main.o
ary2                0x320             main.o
g_heap              0x4               lib/malloc.o
tid1                0x4               main.o

Discarded input sections

 .drectve       0x00000000       0x54 main.o
 .drectve       0x00000000       0x18 lib/malloc.o

Memory Configuration

Name             Origin             Length             Attributes
*default*        0x00000000         0xffffffff

Linker script and memory map

                0x00400000                __image_base__ = 0x400000
                0x00000000                __dll__ = 0x0
                0x00400000                ___ImageBase = 0x400000
                0x00001000                __section_alignment__ = 0x1000
                0x00000200                __file_alignment__ = 0x200
                0x00000004                __major_os_version__ = 0x4
                0x00000000                __minor_os_version__ = 0x0
                0x00000001                __major_image_version__ = 0x1
                0x00000000                __minor_image_version__ = 0x0
                0x00000004                __major_subsystem_version__ = 0x4
                0x00000000                __minor_subsystem_version__ = 0x0
                0x00000003                __subsystem__ = 0x3
                0x00200000                __size_of_stack_reserve__ = 0x200000
                0x00001000                __size_of_stack_commit__ = 0x1000
                0x00100000                __size_of_heap_reserve__ = 0x100000
                0x00001000                __size_of_heap_commit__ = 0x1000
                0x00000000                __loader_flags__ = 0x0
                0x00000000                __dll_characteristics__ = 0x0
LOAD lib/crt0.o
LOAD lib/setjmp.o
LOAD lib/syscall-wrapper.o
LOAD vm86call.o
LOAD graphics.o
LOAD main.o
LOAD lib/sysconf.o
LOAD lib/math.o
LOAD lib/stdio.o
LOAD lib/stdlib.o
LOAD lib/qsort.o
LOAD ../lib/softfloat.o
LOAD ../lib/string.o
LOAD ../lib/memcpy.o
LOAD ../lib/memset.o
LOAD ../lib/snprintf.o
LOAD lib/malloc.o
LOAD ../lib/tlsf/tlsf.o
                0x00000380                . = SIZEOF_HEADERS
                0x00001000                . = ALIGN (__section_alignment__)

.text           0x00401000     0x6000
 *(.init)
 *(.text)
 .text          0x00401000        0x8 lib/crt0.o
                0x00401000                start
 .text          0x00401008       0x38 lib/setjmp.o
                0x00401008                setjmp
                0x00401022                longjmp
 .text          0x00401040       0xa0 lib/syscall-wrapper.o
                0x00401040                task_exit
                0x00401048                task_create
                0x00401050                task_getid
                0x00401058                task_yield
                0x00401060                task_wait
                0x00401068                reboot
                0x00401070                mmap
                0x00401078                munmap
                0x00401080                sleep
                0x00401088                nanosleep
                0x00401090                beep
                0x00401098                vm86
                0x004010a0                putchar
                0x004010a8                getchar
                0x004010b0                recv
                0x004010b8                send
                0x004010c0                ioctl
                0x004010c8                time
                0x004010d0                getpriority
                0x004010d8                setpriority
 .text          0x004010e0      0x240 vm86call.o
                0x004010e0                vm86call
 .text          0x00401320      0xdd0 graphics.o
                0x004015ba                list_graphic_modes
                0x00401809                init_graphic
                0x00401b02                exit_graphic
                0x00401b33                setPixel
                0x00401f24                line
 .text          0x004020f0      0x574 main.o
                0x004020f0                __main
                0x00402140                sort_bubble1
                0x00402240                tsk_1
                0x00402298                sort_bubble2
                0x004023a8                tsk_2
                0x00402404                tsk_3
 .text          0x00402664       0x1c lib/sysconf.o
                0x00402664                sysconf
 .text          0x00402680      0x41c lib/math.o
                0x00402680                fabs
                0x004026b9                floor
                0x00402734                ceil
                0x00402797                sin
                0x004027ce                cos
                0x00402805                sqrt
                0x0040283c                log2
                0x00402882                atan2
                0x004028c8                tan
                0x00402901                cot
                0x0040293c                pow
                0x004029e3                exp
                0x00402a53                log
 .text          0x00402a9c      0x1cc lib/stdio.o
                0x00402a9c                printf
                0x00402b09                fprintf
                0x00402b76                vprintf
                0x00402bd7                vfprintf
                0x00402bf1                vsprintf
                0x00402c1a                sprintf
                0x00402c4f                fputc
 .text          0x00402c68      0x648 lib/stdlib.o
                0x00402c68                exit
                0x00402c7b                ldiv
                0x00402cbc                div
                0x00402df4                rand_r
                0x00402e1d                rand
                0x00402e31                srand
                0x00402eee                strtol
                0x004030ce                strtoul
                0x0040328b                atol
 .text          0x004032b0      0x710 lib/qsort.o
                0x004033cd                qsort
 .text          0x004039c0      0x360 ../lib/softfloat.o
                0x004039c0                __udivmoddi4
                0x00403b02                __divdi3
                0x00403bb8                __moddi3
                0x00403c72                __udivdi3
                0x00403cc5                __umoddi3
 .text          0x00403d20      0x3c4 ../lib/string.o
                0x00403d20                memcmp
                0x00403d73                memmove
                0x00403e06                memchr
                0x00403e4c                strcat
                0x00403e93                strcmp
                0x00403ee2                strncmp
                0x00403f43                strchr
                0x00403f6d                strrchr
                0x00403fa9                strstr
                0x0040401c                strcpy
                0x0040404f                strlen
                0x0040407c                strncpy
 .text          0x004040e4      0xb24 ../lib/memcpy.o
                0x004040e4                memcpy
 .text          0x00404c08       0x8c ../lib/memset.o
                0x00404c08                memset
 .text          0x00404c94      0xc00 ../lib/snprintf.o
                0x00405815                vsnprintf
                0x00405853                snprintf
 .text          0x00405894       0x98 lib/malloc.o
                0x00405894                malloc
                0x004058b0                calloc
                0x004058c7                memalign
                0x004058ea                realloc
                0x0040590d                free
 .text          0x0040592c     0x1514 ../lib/tlsf/tlsf.o
                0x0040651e                tlsf_check
                0x00406705                tlsf_walk_pool
                0x004067b1                tlsf_block_size
                0x004067eb                tlsf_check_pool
                0x00406822                tlsf_size
                0x00406828                tlsf_align_size
                0x0040682e                tlsf_block_size_min
                0x00406834                tlsf_block_size_max
                0x0040683a                tlsf_pool_overhead
                0x00406842                tlsf_alloc_overhead
                0x00406848                tlsf_add_pool
                0x0040694a                tlsf_remove_pool
                0x004069cc                tlsf_create
                0x004069f5                tlsf_create_with_pool
                0x00406a3e                tlsf_destroy
                0x00406a3f                tlsf_get_pool
                0x00406a4b                tlsf_malloc
                0x00406aa6                tlsf_memalign
                0x00406c22                tlsf_free
                0x00406c98                tlsf_realloc
 *(SORT(.text$*))
 *(.text.*)
 .text.startup  0x00406e40       0x9c main.o
                0x00406e40                main
 *(.gnu.linkonce.t.*)
 *(.glue_7t)
 *(.glue_7)
                0x00406edc                ___CTOR_LIST__ = .
                0x00406edc                __CTOR_LIST__ = .
                0x00406edc        0x4 LONG 0xffffffff
 *(.ctors)
 *(.ctor)
 *(SORT(.ctors.*))
                0x00406ee0        0x4 LONG 0x0
                0x00406ee4                ___DTOR_LIST__ = .
                0x00406ee4                __DTOR_LIST__ = .
                0x00406ee4        0x4 LONG 0xffffffff
 *(.dtors)
 *(.dtor)
 *(SORT(.dtors.*))
                0x00406ee8        0x4 LONG 0x0
 *(.fini)
 *(.gcc_exc)
                0x00406eec                PROVIDE (etext, .)
 *(.gcc_except_table)

.data           0x00407000      0x200
                0x00407000                __data_start__ = .
 *(.data)
 .data          0x00407000        0x0 lib/crt0.o
 .data          0x00407000        0x0 lib/setjmp.o
 .data          0x00407000        0x0 lib/syscall-wrapper.o
 .data          0x00407000        0x0 vm86call.o
 .data          0x00407000        0x4 graphics.o
 .data          0x00407004        0x0 main.o
 .data          0x00407004        0x0 lib/sysconf.o
 .data          0x00407004        0x0 lib/math.o
 .data          0x00407004        0x0 lib/stdio.o
 .data          0x00407004        0x4 lib/stdlib.o
 .data          0x00407008        0x0 lib/qsort.o
 .data          0x00407008        0x0 ../lib/softfloat.o
 .data          0x00407008        0x0 ../lib/string.o
 .data          0x00407008        0x0 ../lib/memcpy.o
 .data          0x00407008        0x0 ../lib/memset.o
 .data          0x00407008        0x0 ../lib/snprintf.o
 .data          0x00407008        0x0 lib/malloc.o
 .data          0x00407008        0x0 ../lib/tlsf/tlsf.o
 *(.data2)
 *(SORT(.data$*))
 *(.jcr)
                0x00407008                __data_end__ = .
 *(.data_cygwin_nocopy)

.rdata          0x00408000      0x600
 *(.rdata)
 .rdata         0x00408000       0x2c vm86call.o
 .rdata         0x0040802c      0x264 graphics.o
 .rdata         0x00408290       0x10 lib/math.o
 .rdata         0x004082a0       0xa0 ../lib/memcpy.o
 .rdata         0x00408340      0x1e0 ../lib/snprintf.o
 .rdata         0x00408520       0x18 ../lib/tlsf/tlsf.o
 *(SORT(.rdata$*))
                0x00408538                __rt_psrelocs_start = .
 *(.rdata_runtime_pseudo_reloc)
                0x00408538                __rt_psrelocs_end = .
                0x00000000                __rt_psrelocs_size = (__rt_psrelocs_end - __rt_psrelocs_start)
                0x00408538                ___RUNTIME_PSEUDO_RELOC_LIST_END__ = .
                0x00408538                __RUNTIME_PSEUDO_RELOC_LIST_END__ = .
                0x00408538                ___RUNTIME_PSEUDO_RELOC_LIST__ = (. - __rt_psrelocs_size)
                0x00408538                __RUNTIME_PSEUDO_RELOC_LIST__ = (. - __rt_psrelocs_size)

.eh_frame       0x00409000     0x1400
 *(.eh_frame*)
 .eh_frame      0x00409000       0x40 vm86call.o
 .eh_frame      0x00409040      0x1ac graphics.o
 .eh_frame      0x004091ec      0x13c main.o
 .eh_frame      0x00409328       0x38 lib/sysconf.o
 .eh_frame      0x00409360      0x1c4 lib/math.o
 .eh_frame      0x00409524       0xf8 lib/stdio.o
 .eh_frame      0x0040961c      0x1fc lib/stdlib.o
 .eh_frame      0x00409818       0x80 lib/qsort.o
 .eh_frame      0x00409898       0xb4 ../lib/softfloat.o
 .eh_frame      0x0040994c      0x130 ../lib/string.o
 .eh_frame      0x00409a7c       0x34 ../lib/memcpy.o
 .eh_frame      0x00409ab0       0x50 ../lib/memset.o
 .eh_frame      0x00409b00       0xd0 ../lib/snprintf.o
 .eh_frame      0x00409bd0       0xb8 lib/malloc.o
 .eh_frame      0x00409c88      0x678 ../lib/tlsf/tlsf.o

.pdata
 *(.pdata)

.bss            0x0040b000      0x9a8
                0x0040b000                __bss_start__ = .
 *(.bss)
 .bss           0x0040b000        0x0 lib/crt0.o
 .bss           0x0040b000        0x0 lib/setjmp.o
 .bss           0x0040b000        0x0 lib/syscall-wrapper.o
 .bss           0x0040b000        0x0 vm86call.o
 .bss           0x0040b000      0x340 graphics.o
                0x0040b000                g_graphic_dev
 .bss           0x0040b340        0x0 main.o
 .bss           0x0040b340        0x0 lib/sysconf.o
 .bss           0x0040b340        0x0 lib/math.o
 .bss           0x0040b340        0x0 lib/stdio.o
 .bss           0x0040b340        0x0 lib/stdlib.o
 .bss           0x0040b340        0x0 lib/qsort.o
 .bss           0x0040b340        0x0 ../lib/softfloat.o
 .bss           0x0040b340        0x0 ../lib/string.o
 .bss           0x0040b340        0x0 ../lib/memcpy.o
 .bss           0x0040b340        0x0 ../lib/memset.o
 .bss           0x0040b340        0x0 ../lib/snprintf.o
 .bss           0x0040b340        0x0 lib/malloc.o
 .bss           0x0040b340        0x0 ../lib/tlsf/tlsf.o
 *(COMMON)
 COMMON         0x0040b340      0x664 main.o
                0x0040b340                tid2
                0x0040b360                ary1
                0x0040b680                ary2
                0x0040b9a0                tid1
 COMMON         0x0040b9a4        0x4 lib/malloc.o
                0x0040b9a4                g_heap
                0x0040b9a8                __bss_end__ = .

.edata
 *(.edata)

/DISCARD/
 *(.debug$S)
 *(.debug$T)
 *(.debug$F)
 *(.drectve)
 *(.note.GNU-stack)
 *(.gnu.lto_*)

.idata          0x0040c000      0x200
 SORT(*)(.idata$2)
 SORT(*)(.idata$3)
                0x0040c000        0x4 LONG 0x0
                0x0040c004        0x4 LONG 0x0
                0x0040c008        0x4 LONG 0x0
                0x0040c00c        0x4 LONG 0x0
                0x0040c010        0x4 LONG 0x0
 SORT(*)(.idata$4)
                0x0040c014                __IAT_start__ = .
 SORT(*)(.idata$5)
                0x0040c014                __IAT_end__ = .
 SORT(*)(.idata$6)
 SORT(*)(.idata$7)

.CRT            0x0040d000        0x0
                0x0040d000                ___crt_xc_start__ = .
 *(SORT(.CRT$XC*))
                0x0040d000                ___crt_xc_end__ = .
                0x0040d000                ___crt_xi_start__ = .
 *(SORT(.CRT$XI*))
                0x0040d000                ___crt_xi_end__ = .
                0x0040d000                ___crt_xl_start__ = .
 *(SORT(.CRT$XL*))
                0x0040d000                ___crt_xp_start__ = .
 *(SORT(.CRT$XP*))
                0x0040d000                ___crt_xp_end__ = .
                0x0040d000                ___crt_xt_start__ = .
 *(SORT(.CRT$XT*))
                0x0040d000                ___crt_xt_end__ = .

.tls            0x0040d000        0x0
                0x0040d000                ___tls_start__ = .
 *(.tls)
 *(.tls$)
 *(SORT(.tls$*))
                0x0040d000                ___tls_end__ = .

.endjunk        0x0040d000        0x0
                0x0040d000                PROVIDE (end, .)
                0x0040d000                PROVIDE (_end, .)
                0x0040d000                __end__ = .

.rsrc
 *(.rsrc)
 *(SORT(.rsrc$*))

.reloc
 *(.reloc)

.stab
 *(.stab)

.stabstr
 *(.stabstr)

.debug_aranges  0x0040d000      0x200
 *(.debug_aranges)
 .debug_aranges
                0x0040d000       0x20 vm86call.o
 .debug_aranges
                0x0040d020       0x20 graphics.o
 .debug_aranges
                0x0040d040       0x28 main.o
 .debug_aranges
                0x0040d068       0x20 lib/sysconf.o
 .debug_aranges
                0x0040d088       0x20 lib/math.o
 .debug_aranges
                0x0040d0a8       0x20 lib/stdio.o
 .debug_aranges
                0x0040d0c8       0x20 lib/stdlib.o
 .debug_aranges
                0x0040d0e8       0x20 lib/qsort.o
 .debug_aranges
                0x0040d108       0x20 ../lib/softfloat.o
 .debug_aranges
                0x0040d128       0x20 ../lib/string.o
 .debug_aranges
                0x0040d148       0x20 ../lib/memcpy.o
 .debug_aranges
                0x0040d168       0x20 ../lib/memset.o
 .debug_aranges
                0x0040d188       0x20 ../lib/snprintf.o
 .debug_aranges
                0x0040d1a8       0x20 lib/malloc.o
 .debug_aranges
                0x0040d1c8       0x20 ../lib/tlsf/tlsf.o

.debug_pubnames
 *(.debug_pubnames)

.debug_pubtypes
 *(.debug_pubtypes)

.debug_info     0x0040e000     0x5e00
 *(.debug_info .gnu.linkonce.wi.*)
 .debug_info    0x0040e000      0x2f6 vm86call.o
 .debug_info    0x0040e2f6      0xcb3 graphics.o
 .debug_info    0x0040efa9      0xb2a main.o
 .debug_info    0x0040fad3       0xb1 lib/sysconf.o
 .debug_info    0x0040fb84      0x3b4 lib/math.o
 .debug_info    0x0040ff38      0x3f3 lib/stdio.o
 .debug_info    0x0041032b      0x5e3 lib/stdlib.o
 .debug_info    0x0041090e      0x3bb lib/qsort.o
 .debug_info    0x00410cc9      0x2d0 ../lib/softfloat.o
 .debug_info    0x00410f99      0x4cb ../lib/string.o
 .debug_info    0x00411464      0x2f1 ../lib/memcpy.o
 .debug_info    0x00411755      0x1a5 ../lib/memset.o
 .debug_info    0x004118fa      0x5ba ../lib/snprintf.o
 .debug_info    0x00411eb4      0x206 lib/malloc.o
 .debug_info    0x004120ba     0x1b47 ../lib/tlsf/tlsf.o

.debug_abbrev   0x00414000     0x1000
 *(.debug_abbrev)
 .debug_abbrev  0x00414000       0x96 vm86call.o
 .debug_abbrev  0x00414096      0x194 graphics.o
 .debug_abbrev  0x0041422a      0x200 main.o
 .debug_abbrev  0x0041442a       0x4a lib/sysconf.o
 .debug_abbrev  0x00414474       0x73 lib/math.o
 .debug_abbrev  0x004144e7       0xec lib/stdio.o
 .debug_abbrev  0x004145d3      0x16a lib/stdlib.o
 .debug_abbrev  0x0041473d       0xfc lib/qsort.o
 .debug_abbrev  0x00414839       0xa5 ../lib/softfloat.o
 .debug_abbrev  0x004148de       0xd4 ../lib/string.o
 .debug_abbrev  0x004149b2       0x9e ../lib/memcpy.o
 .debug_abbrev  0x00414a50       0x76 ../lib/memset.o
 .debug_abbrev  0x00414ac6      0x173 ../lib/snprintf.o
 .debug_abbrev  0x00414c39       0x98 lib/malloc.o
 .debug_abbrev  0x00414cd1      0x2e1 ../lib/tlsf/tlsf.o

.debug_line     0x00415000     0x1800
 *(.debug_line)
 .debug_line    0x00415000       0x9d vm86call.o
 .debug_line    0x0041509d      0x29f graphics.o
 .debug_line    0x0041533c      0x1aa main.o
 .debug_line    0x004154e6       0x3f lib/sysconf.o
 .debug_line    0x00415525       0xa8 lib/math.o
 .debug_line    0x004155cd       0xc2 lib/stdio.o
 .debug_line    0x0041568f      0x287 lib/stdlib.o
 .debug_line    0x00415916      0x1bb lib/qsort.o
 .debug_line    0x00415ad1       0xb3 ../lib/softfloat.o
 .debug_line    0x00415b84      0x149 ../lib/string.o
 .debug_line    0x00415ccd      0x205 ../lib/memcpy.o
 .debug_line    0x00415ed2       0xac ../lib/memset.o
 .debug_line    0x00415f7e      0x261 ../lib/snprintf.o
 .debug_line    0x004161df       0x87 lib/malloc.o
 .debug_line    0x00416266      0x3c6 ../lib/tlsf/tlsf.o

.debug_frame
 *(.debug_frame*)

.debug_str      0x00417000      0x200
 *(.debug_str)
 .debug_str     0x00417000       0x5a graphics.o
 .debug_str     0x0041705a        0xa main.o
 .debug_str     0x00417064        0x5 lib/stdio.o
 .debug_str     0x00417069        0x9 lib/qsort.o
 .debug_str     0x00417072       0x17 ../lib/memcpy.o
 .debug_str     0x00417089       0x16 ../lib/snprintf.o
 .debug_str     0x0041709f        0x6 lib/malloc.o
 .debug_str     0x004170a5       0x6e ../lib/tlsf/tlsf.o

.debug_loc      0x00418000     0x2000
 *(.debug_loc)
 .debug_loc     0x00418000       0x38 vm86call.o
 .debug_loc     0x00418038      0x230 graphics.o
 .debug_loc     0x00418268      0x4f9 main.o
 .debug_loc     0x00418761       0x38 lib/sysconf.o
 .debug_loc     0x00418799      0x2d8 lib/math.o
 .debug_loc     0x00418a71      0x188 lib/stdio.o
 .debug_loc     0x00418bf9      0x310 lib/stdlib.o
 .debug_loc     0x00418f09       0xa8 lib/qsort.o
 .debug_loc     0x00418fb1      0x127 ../lib/softfloat.o
 .debug_loc     0x004190d8      0x1b8 ../lib/string.o
 .debug_loc     0x00419290       0x2d ../lib/memcpy.o
 .debug_loc     0x004192bd       0x74 ../lib/memset.o
 .debug_loc     0x00419331      0x122 ../lib/snprintf.o
 .debug_loc     0x00419453      0x118 lib/malloc.o
 .debug_loc     0x0041956b      0x8d3 ../lib/tlsf/tlsf.o

.debug_macinfo
 *(.debug_macinfo)

.debug_weaknames
 *(.debug_weaknames)

.debug_funcnames
 *(.debug_funcnames)

.debug_typenames
 *(.debug_typenames)

.debug_varnames
 *(.debug_varnames)

.debug_macro
 *(.debug_macro)

.debug_ranges   0x0041a000      0x200
 *(.debug_ranges)
 .debug_ranges  0x0041a000       0x18 main.o

.debug_types
 *(.debug_types .gnu.linkonce.wt.*)
OUTPUT(a.out pei-i386)
