
Allocating common symbols
Common symbol       size              file

g_heap              0x4               lib/malloc.o

Discarded input sections

 .drectve       0x00000000       0x18 lib/malloc.o

Memory Configuration

Name             Origin             Length             Attributes
*default*        0x00000000         0xffffffff

Linker script and memory map

                0x00400000                __image_base__ = 0x400000
                0x00000000                __dll__ = 0x0
                0x00400000                ___ImageBase = 0x400000
                0x00001000                __section_alignment__ = 0x1000
                0x00000200                __file_alignment__ = 0x200
                0x00000004                __major_os_version__ = 0x4
                0x00000000                __minor_os_version__ = 0x0
                0x00000001                __major_image_version__ = 0x1
                0x00000000                __minor_image_version__ = 0x0
                0x00000004                __major_subsystem_version__ = 0x4
                0x00000000                __minor_subsystem_version__ = 0x0
                0x00000003                __subsystem__ = 0x3
                0x00200000                __size_of_stack_reserve__ = 0x200000
                0x00001000                __size_of_stack_commit__ = 0x1000
                0x00100000                __size_of_heap_reserve__ = 0x100000
                0x00001000                __size_of_heap_commit__ = 0x1000
                0x00000000                __loader_flags__ = 0x0
                0x00000000                __dll_characteristics__ = 0x0
LOAD lib/crt0.o
LOAD lib/setjmp.o
LOAD lib/syscall-wrapper.o
LOAD vm86call.o
LOAD graphics.o
LOAD main.o
LOAD list_utils.o
LOAD lib/sysconf.o
LOAD lib/math.o
LOAD lib/stdio.o
LOAD lib/stdlib.o
LOAD lib/qsort.o
LOAD ../lib/softfloat.o
LOAD ../lib/string.o
LOAD ../lib/memcpy.o
LOAD ../lib/memset.o
LOAD ../lib/snprintf.o
LOAD lib/malloc.o
LOAD ../lib/tlsf/tlsf.o
                0x00000380                . = SIZEOF_HEADERS
                0x00001000                . = ALIGN (__section_alignment__)

.text           0x00401000     0x6400
 *(.init)
 *(.text)
 .text          0x00401000        0x8 lib/crt0.o
                0x00401000                start
 .text          0x00401008       0x38 lib/setjmp.o
                0x00401008                setjmp
                0x00401022                longjmp
 .text          0x00401040       0x90 lib/syscall-wrapper.o
                0x00401040                task_exit
                0x00401048                task_create
                0x00401050                task_getid
                0x00401058                task_yield
                0x00401060                task_wait
                0x00401068                reboot
                0x00401070                mmap
                0x00401078                munmap
                0x00401080                sleep
                0x00401088                nanosleep
                0x00401090                beep
                0x00401098                vm86
                0x004010a0                putchar
                0x004010a8                getchar
                0x004010b0                recv
                0x004010b8                send
                0x004010c0                ioctl
                0x004010c8                time
 .text          0x004010d0      0x13c vm86call.o
                0x004010d0                vm86call
 .text          0x0040120c      0xb84 graphics.o
                0x004013e4                list_graphic_modes
                0x004015e8                init_graphic
                0x0040192c                exit_graphic
                0x00401958                setPixel
                0x00401c48                line
 .text          0x00401d90      0xb0c main.o
                0x00401d90                sort_thread_3
                0x00401ee8                sort_thread_2
                0x0040200c                sort_thread_1
                0x00402140                partition
                0x0040232c                quickSort
                0x00402378                sort_thread_4
                0x004023c4                merge
                0x004024f0                mergeSort
                0x00402558                sort_thread_5
                0x004025a4                heapify
                0x00402604                heapSort
                0x00402668                sort_thread_6
                0x004026ac                shellSort
                0x00402778                sort_thread_7
                0x004027bc                create_sort_threads
                0x0040284c                __main
 .text          0x0040289c       0x98 list_utils.o
                0x0040289c                generate_random_list
 .text          0x00402934       0x1c lib/sysconf.o
                0x00402934                sysconf
 .text          0x00402950      0x414 lib/math.o
                0x00402950                fabs
                0x00402989                floor
                0x00402a04                ceil
                0x00402a67                sin
                0x00402a9e                cos
                0x00402ad5                sqrt
                0x00402b0c                log2
                0x00402b52                atan2
                0x00402b98                tan
                0x00402bd1                cot
                0x00402c0c                pow
                0x00402cb3                exp
                0x00402d23                log
 .text          0x00402d64      0x1cc lib/stdio.o
                0x00402d64                printf
                0x00402dd1                fprintf
                0x00402e3e                vprintf
                0x00402e9f                vfprintf
                0x00402eb9                vsprintf
                0x00402ee2                sprintf
                0x00402f17                fputc
 .text          0x00402f30      0x648 lib/stdlib.o
                0x00402f30                exit
                0x00402f43                ldiv
                0x00402f84                div
                0x004030bc                rand_r
                0x004030e5                rand
                0x004030f9                srand
                0x004031b6                strtol
                0x00403396                strtoul
                0x00403553                atol
 .text          0x00403578      0x710 lib/qsort.o
                0x00403695                qsort
 .text          0x00403c88      0x360 ../lib/softfloat.o
                0x00403c88                __udivmoddi4
                0x00403dca                __divdi3
                0x00403e80                __moddi3
                0x00403f3a                __udivdi3
                0x00403f8d                __umoddi3
 .text          0x00403fe8      0x3c4 ../lib/string.o
                0x00403fe8                memcmp
                0x0040403b                memmove
                0x004040ce                memchr
                0x00404114                strcat
                0x0040415b                strcmp
                0x004041aa                strncmp
                0x0040420b                strchr
                0x00404235                strrchr
                0x00404271                strstr
                0x004042e4                strcpy
                0x00404317                strlen
                0x00404344                strncpy
 .text          0x004043ac      0xb24 ../lib/memcpy.o
                0x004043ac                memcpy
 .text          0x00404ed0       0x8c ../lib/memset.o
                0x00404ed0                memset
 .text          0x00404f5c      0xc00 ../lib/snprintf.o
                0x00405add                vsnprintf
                0x00405b1b                snprintf
 .text          0x00405b5c       0x98 lib/malloc.o
                0x00405b5c                malloc
                0x00405b78                calloc
                0x00405b8f                memalign
                0x00405bb2                realloc
                0x00405bd5                free
 .text          0x00405bf4     0x1514 ../lib/tlsf/tlsf.o
                0x004067e6                tlsf_check
                0x004069cd                tlsf_walk_pool
                0x00406a79                tlsf_block_size
                0x00406ab3                tlsf_check_pool
                0x00406aea                tlsf_size
                0x00406af0                tlsf_align_size
                0x00406af6                tlsf_block_size_min
                0x00406afc                tlsf_block_size_max
                0x00406b02                tlsf_pool_overhead
                0x00406b0a                tlsf_alloc_overhead
                0x00406b10                tlsf_add_pool
                0x00406c12                tlsf_remove_pool
                0x00406c94                tlsf_create
                0x00406cbd                tlsf_create_with_pool
                0x00406d06                tlsf_destroy
                0x00406d07                tlsf_get_pool
                0x00406d13                tlsf_malloc
                0x00406d6e                tlsf_memalign
                0x00406eea                tlsf_free
                0x00406f60                tlsf_realloc
 *(SORT(.text$*))
 *(.text.*)
 .text.startup  0x00407108      0x138 main.o
                0x00407108                main
 *(.gnu.linkonce.t.*)
 *(.glue_7t)
 *(.glue_7)
                0x00407240                ___CTOR_LIST__ = .
                0x00407240                __CTOR_LIST__ = .
                0x00407240        0x4 LONG 0xffffffff
 *(.ctors)
 *(.ctor)
 *(SORT(.ctors.*))
                0x00407244        0x4 LONG 0x0
                0x00407248                ___DTOR_LIST__ = .
                0x00407248                __DTOR_LIST__ = .
                0x00407248        0x4 LONG 0xffffffff
 *(.dtors)
 *(.dtor)
 *(SORT(.dtors.*))
                0x0040724c        0x4 LONG 0x0
 *(.fini)
 *(.gcc_exc)
                0x00407250                PROVIDE (etext, .)
 *(.gcc_except_table)

.data           0x00408000      0x200
                0x00408000                __data_start__ = .
 *(.data)
 .data          0x00408000        0x0 lib/crt0.o
 .data          0x00408000        0x0 lib/setjmp.o
 .data          0x00408000        0x0 lib/syscall-wrapper.o
 .data          0x00408000        0x0 vm86call.o
 .data          0x00408000        0x4 graphics.o
 .data          0x00408004       0x1c main.o
                0x00408004                sort_functions
 .data          0x00408020        0x0 list_utils.o
 .data          0x00408020        0x0 lib/sysconf.o
 .data          0x00408020        0x0 lib/math.o
 .data          0x00408020        0x0 lib/stdio.o
 .data          0x00408020        0x4 lib/stdlib.o
 .data          0x00408024        0x0 lib/qsort.o
 .data          0x00408024        0x0 ../lib/softfloat.o
 .data          0x00408024        0x0 ../lib/string.o
 .data          0x00408024        0x0 ../lib/memcpy.o
 .data          0x00408024        0x0 ../lib/memset.o
 .data          0x00408024        0x0 ../lib/snprintf.o
 .data          0x00408024        0x0 lib/malloc.o
 .data          0x00408024        0x0 ../lib/tlsf/tlsf.o
 *(.data2)
 *(SORT(.data$*))
 *(.jcr)
                0x00408024                __data_end__ = .
 *(.data_cygwin_nocopy)

.rdata          0x00409000      0x800
 *(.rdata)
 .rdata         0x00409000       0x2c vm86call.o
 .rdata         0x0040902c      0x260 graphics.o
 .rdata         0x0040928c      0x100 main.o
 *fill*         0x0040938c        0x4 
 .rdata         0x00409390        0x8 lib/math.o
 .rdata         0x00409398       0xa0 ../lib/memcpy.o
 .rdata         0x00409438      0x1e0 ../lib/snprintf.o
 .rdata         0x00409618       0x18 ../lib/tlsf/tlsf.o
 *(SORT(.rdata$*))
                0x00409630                __rt_psrelocs_start = .
 *(.rdata_runtime_pseudo_reloc)
                0x00409630                __rt_psrelocs_end = .
                0x00000000                __rt_psrelocs_size = (__rt_psrelocs_end - __rt_psrelocs_start)
                0x00409630                ___RUNTIME_PSEUDO_RELOC_LIST_END__ = .
                0x00409630                __RUNTIME_PSEUDO_RELOC_LIST_END__ = .
                0x00409630                ___RUNTIME_PSEUDO_RELOC_LIST__ = (. - __rt_psrelocs_size)
                0x00409630                __RUNTIME_PSEUDO_RELOC_LIST__ = (. - __rt_psrelocs_size)

.eh_frame       0x0040a000     0x1600
 *(.eh_frame*)
 .eh_frame      0x0040a000       0x70 vm86call.o
 .eh_frame      0x0040a070      0x1d4 graphics.o
 .eh_frame      0x0040a244      0x34c main.o
 .eh_frame      0x0040a590       0x54 list_utils.o
 .eh_frame      0x0040a5e4       0x38 lib/sysconf.o
 .eh_frame      0x0040a61c      0x1c4 lib/math.o
 .eh_frame      0x0040a7e0       0xf8 lib/stdio.o
 .eh_frame      0x0040a8d8      0x1fc lib/stdlib.o
 .eh_frame      0x0040aad4       0x80 lib/qsort.o
 .eh_frame      0x0040ab54       0xb4 ../lib/softfloat.o
 .eh_frame      0x0040ac08      0x130 ../lib/string.o
 .eh_frame      0x0040ad38       0x34 ../lib/memcpy.o
 .eh_frame      0x0040ad6c       0x50 ../lib/memset.o
 .eh_frame      0x0040adbc       0xd0 ../lib/snprintf.o
 .eh_frame      0x0040ae8c       0xb8 lib/malloc.o
 .eh_frame      0x0040af44      0x678 ../lib/tlsf/tlsf.o

.pdata
 *(.pdata)

.bss            0x0040c000      0x344
                0x0040c000                __bss_start__ = .
 *(.bss)
 .bss           0x0040c000        0x0 lib/crt0.o
 .bss           0x0040c000        0x0 lib/setjmp.o
 .bss           0x0040c000        0x0 lib/syscall-wrapper.o
 .bss           0x0040c000        0x0 vm86call.o
 .bss           0x0040c000      0x340 graphics.o
                0x0040c000                g_graphic_dev
 .bss           0x0040c340        0x0 main.o
 .bss           0x0040c340        0x0 list_utils.o
 .bss           0x0040c340        0x0 lib/sysconf.o
 .bss           0x0040c340        0x0 lib/math.o
 .bss           0x0040c340        0x0 lib/stdio.o
 .bss           0x0040c340        0x0 lib/stdlib.o
 .bss           0x0040c340        0x0 lib/qsort.o
 .bss           0x0040c340        0x0 ../lib/softfloat.o
 .bss           0x0040c340        0x0 ../lib/string.o
 .bss           0x0040c340        0x0 ../lib/memcpy.o
 .bss           0x0040c340        0x0 ../lib/memset.o
 .bss           0x0040c340        0x0 ../lib/snprintf.o
 .bss           0x0040c340        0x0 lib/malloc.o
 .bss           0x0040c340        0x0 ../lib/tlsf/tlsf.o
 *(COMMON)
 COMMON         0x0040c340        0x4 lib/malloc.o
                0x0040c340                g_heap
                0x0040c344                __bss_end__ = .

.edata
 *(.edata)

/DISCARD/
 *(.debug$S)
 *(.debug$T)
 *(.debug$F)
 *(.drectve)
 *(.note.GNU-stack)
 *(.gnu.lto_*)

.idata          0x0040d000      0x200
 SORT(*)(.idata$2)
 SORT(*)(.idata$3)
                0x0040d000        0x4 LONG 0x0
                0x0040d004        0x4 LONG 0x0
                0x0040d008        0x4 LONG 0x0
                0x0040d00c        0x4 LONG 0x0
                0x0040d010        0x4 LONG 0x0
 SORT(*)(.idata$4)
                0x0040d014                __IAT_start__ = .
 SORT(*)(.idata$5)
                0x0040d014                __IAT_end__ = .
 SORT(*)(.idata$6)
 SORT(*)(.idata$7)

.CRT            0x0040e000        0x0
                0x0040e000                ___crt_xc_start__ = .
 *(SORT(.CRT$XC*))
                0x0040e000                ___crt_xc_end__ = .
                0x0040e000                ___crt_xi_start__ = .
 *(SORT(.CRT$XI*))
                0x0040e000                ___crt_xi_end__ = .
                0x0040e000                ___crt_xl_start__ = .
 *(SORT(.CRT$XL*))
                0x0040e000                ___crt_xp_start__ = .
 *(SORT(.CRT$XP*))
                0x0040e000                ___crt_xp_end__ = .
                0x0040e000                ___crt_xt_start__ = .
 *(SORT(.CRT$XT*))
                0x0040e000                ___crt_xt_end__ = .

.tls            0x0040e000        0x0
                0x0040e000                ___tls_start__ = .
 *(.tls)
 *(.tls$)
 *(SORT(.tls$*))
                0x0040e000                ___tls_end__ = .

.endjunk        0x0040e000        0x0
                0x0040e000                PROVIDE (end, .)
                0x0040e000                PROVIDE (_end, .)
                0x0040e000                __end__ = .

.rsrc
 *(.rsrc)
 *(SORT(.rsrc$*))

.reloc
 *(.reloc)

.stab
 *(.stab)

.stabstr
 *(.stabstr)

.debug_aranges  0x0040e000      0x400
 *(.debug_aranges)
 .debug_aranges
                0x0040e000       0x20 vm86call.o
 .debug_aranges
                0x0040e020       0x20 graphics.o
 .debug_aranges
                0x0040e040       0x28 main.o
 .debug_aranges
                0x0040e068       0x20 list_utils.o
 .debug_aranges
                0x0040e088       0x20 lib/sysconf.o
 .debug_aranges
                0x0040e0a8       0x20 lib/math.o
 .debug_aranges
                0x0040e0c8       0x20 lib/stdio.o
 .debug_aranges
                0x0040e0e8       0x20 lib/stdlib.o
 .debug_aranges
                0x0040e108       0x20 lib/qsort.o
 .debug_aranges
                0x0040e128       0x20 ../lib/softfloat.o
 .debug_aranges
                0x0040e148       0x20 ../lib/string.o
 .debug_aranges
                0x0040e168       0x20 ../lib/memcpy.o
 .debug_aranges
                0x0040e188       0x20 ../lib/memset.o
 .debug_aranges
                0x0040e1a8       0x20 ../lib/snprintf.o
 .debug_aranges
                0x0040e1c8       0x20 lib/malloc.o
 .debug_aranges
                0x0040e1e8       0x20 ../lib/tlsf/tlsf.o

.debug_pubnames
 *(.debug_pubnames)

.debug_pubtypes
 *(.debug_pubtypes)

.debug_info     0x0040f000     0x7000
 *(.debug_info .gnu.linkonce.wi.*)
 .debug_info    0x0040f000      0x373 vm86call.o
 .debug_info    0x0040f373     0x12e6 graphics.o
 .debug_info    0x00410659     0x163c main.o
 .debug_info    0x00411c95      0x2ec list_utils.o
 .debug_info    0x00411f81       0x93 lib/sysconf.o
 .debug_info    0x00412014      0x396 lib/math.o
 .debug_info    0x004123aa      0x3d5 lib/stdio.o
 .debug_info    0x0041277f      0x5c5 lib/stdlib.o
 .debug_info    0x00412d44      0x39d lib/qsort.o
 .debug_info    0x004130e1      0x2b2 ../lib/softfloat.o
 .debug_info    0x00413393      0x4ad ../lib/string.o
 .debug_info    0x00413840      0x2d3 ../lib/memcpy.o
 .debug_info    0x00413b13      0x187 ../lib/memset.o
 .debug_info    0x00413c9a      0x59c ../lib/snprintf.o
 .debug_info    0x00414236      0x1e8 lib/malloc.o
 .debug_info    0x0041441e     0x1b29 ../lib/tlsf/tlsf.o

.debug_abbrev   0x00416000     0x1400
 *(.debug_abbrev)
 .debug_abbrev  0x00416000      0x102 vm86call.o
 .debug_abbrev  0x00416102      0x319 graphics.o
 .debug_abbrev  0x0041641b      0x2fc main.o
 .debug_abbrev  0x00416717      0x111 list_utils.o
 .debug_abbrev  0x00416828       0x4a lib/sysconf.o
 .debug_abbrev  0x00416872       0x73 lib/math.o
 .debug_abbrev  0x004168e5       0xec lib/stdio.o
 .debug_abbrev  0x004169d1      0x16a lib/stdlib.o
 .debug_abbrev  0x00416b3b       0xfc lib/qsort.o
 .debug_abbrev  0x00416c37       0xa5 ../lib/softfloat.o
 .debug_abbrev  0x00416cdc       0xd4 ../lib/string.o
 .debug_abbrev  0x00416db0       0x9e ../lib/memcpy.o
 .debug_abbrev  0x00416e4e       0x76 ../lib/memset.o
 .debug_abbrev  0x00416ec4      0x173 ../lib/snprintf.o
 .debug_abbrev  0x00417037       0x98 lib/malloc.o
 .debug_abbrev  0x004170cf      0x2e1 ../lib/tlsf/tlsf.o

.debug_line     0x00418000     0x1a00
 *(.debug_line)
 .debug_line    0x00418000       0xa3 vm86call.o
 .debug_line    0x004180a3      0x2c1 graphics.o
 .debug_line    0x00418364      0x2f2 main.o
 .debug_line    0x00418656       0xb9 list_utils.o
 .debug_line    0x0041870f       0x3f lib/sysconf.o
 .debug_line    0x0041874e       0xa8 lib/math.o
 .debug_line    0x004187f6       0xc2 lib/stdio.o
 .debug_line    0x004188b8      0x287 lib/stdlib.o
 .debug_line    0x00418b3f      0x1bb lib/qsort.o
 .debug_line    0x00418cfa       0xb3 ../lib/softfloat.o
 .debug_line    0x00418dad      0x149 ../lib/string.o
 .debug_line    0x00418ef6      0x205 ../lib/memcpy.o
 .debug_line    0x004190fb       0xac ../lib/memset.o
 .debug_line    0x004191a7      0x261 ../lib/snprintf.o
 .debug_line    0x00419408       0x87 lib/malloc.o
 .debug_line    0x0041948f      0x3c6 ../lib/tlsf/tlsf.o

.debug_frame
 *(.debug_frame*)

.debug_str      0x0041a000      0x200
 *(.debug_str)
 .debug_str     0x0041a000       0x5a graphics.o
 .debug_str     0x0041a05a       0x22 main.o
 .debug_str     0x0041a07c        0x5 lib/stdio.o
 .debug_str     0x0041a081        0x9 lib/qsort.o
 .debug_str     0x0041a08a       0x17 ../lib/memcpy.o
 .debug_str     0x0041a0a1       0x16 ../lib/snprintf.o
 .debug_str     0x0041a0b7        0x6 lib/malloc.o
 .debug_str     0x0041a0bd       0x6e ../lib/tlsf/tlsf.o

.debug_loc      0x0041b000     0x3400
 *(.debug_loc)
 .debug_loc     0x0041b000      0x230 vm86call.o
 .debug_loc     0x0041b230      0xa06 graphics.o
 .debug_loc     0x0041bc36      0xf0e main.o
 .debug_loc     0x0041cb44       0xfd list_utils.o
 .debug_loc     0x0041cc41       0x38 lib/sysconf.o
 .debug_loc     0x0041cc79      0x2d8 lib/math.o
 .debug_loc     0x0041cf51      0x188 lib/stdio.o
 .debug_loc     0x0041d0d9      0x310 lib/stdlib.o
 .debug_loc     0x0041d3e9       0xa8 lib/qsort.o
 .debug_loc     0x0041d491      0x127 ../lib/softfloat.o
 .debug_loc     0x0041d5b8      0x1b8 ../lib/string.o
 .debug_loc     0x0041d770       0x2d ../lib/memcpy.o
 .debug_loc     0x0041d79d       0x74 ../lib/memset.o
 .debug_loc     0x0041d811      0x122 ../lib/snprintf.o
 .debug_loc     0x0041d933      0x118 lib/malloc.o
 .debug_loc     0x0041da4b      0x8d3 ../lib/tlsf/tlsf.o

.debug_macinfo
 *(.debug_macinfo)

.debug_weaknames
 *(.debug_weaknames)

.debug_funcnames
 *(.debug_funcnames)

.debug_typenames
 *(.debug_typenames)

.debug_varnames
 *(.debug_varnames)

.debug_macro
 *(.debug_macro)

.debug_ranges   0x0041f000      0x200
 *(.debug_ranges)
 .debug_ranges  0x0041f000       0xd8 graphics.o
 .debug_ranges  0x0041f0d8       0xa8 main.o

.debug_types
 *(.debug_types .gnu.linkonce.wt.*)
OUTPUT(a.out pei-i386)
