
Allocating common symbols
Common symbol       size              file

tid_control         0x4               main.o
tid_producer        0x4               main.o
tid_consumer        0x4               main.o
ary                 0x320             main.o
g_heap              0x4               lib/malloc.o

Discarded input sections

 .drectve       0x00000000       0x6c main.o
 .drectve       0x00000000       0x18 lib/malloc.o

Memory Configuration

Name             Origin             Length             Attributes
*default*        0x00000000         0xffffffff

Linker script and memory map

                0x00400000                __image_base__ = 0x400000
                0x00000000                __dll__ = 0x0
                0x00400000                ___ImageBase = 0x400000
                0x00001000                __section_alignment__ = 0x1000
                0x00000200                __file_alignment__ = 0x200
                0x00000004                __major_os_version__ = 0x4
                0x00000000                __minor_os_version__ = 0x0
                0x00000001                __major_image_version__ = 0x1
                0x00000000                __minor_image_version__ = 0x0
                0x00000004                __major_subsystem_version__ = 0x4
                0x00000000                __minor_subsystem_version__ = 0x0
                0x00000003                __subsystem__ = 0x3
                0x00200000                __size_of_stack_reserve__ = 0x200000
                0x00001000                __size_of_stack_commit__ = 0x1000
                0x00100000                __size_of_heap_reserve__ = 0x100000
                0x00001000                __size_of_heap_commit__ = 0x1000
                0x00000000                __loader_flags__ = 0x0
                0x00000000                __dll_characteristics__ = 0x0
LOAD lib/crt0.o
LOAD lib/setjmp.o
LOAD lib/syscall-wrapper.o
LOAD vm86call.o
LOAD graphics.o
LOAD main.o
LOAD lib/sysconf.o
LOAD lib/math.o
LOAD lib/stdio.o
LOAD lib/stdlib.o
LOAD lib/qsort.o
LOAD ../lib/softfloat.o
LOAD ../lib/string.o
LOAD ../lib/memcpy.o
LOAD ../lib/memset.o
LOAD ../lib/snprintf.o
LOAD lib/malloc.o
LOAD ../lib/tlsf/tlsf.o
                0x00000380                . = SIZEOF_HEADERS
                0x00001000                . = ALIGN (__section_alignment__)

.text           0x00401000     0x5600
 *(.init)
 *(.text)
 .text          0x00401000        0x8 lib/crt0.o
                0x00401000                start
 .text          0x00401008       0x38 lib/setjmp.o
                0x00401008                setjmp
                0x00401022                longjmp
 .text          0x00401040       0xc0 lib/syscall-wrapper.o
                0x00401040                task_exit
                0x00401048                task_create
                0x00401050                task_getid
                0x00401058                task_yield
                0x00401060                task_wait
                0x00401068                reboot
                0x00401070                mmap
                0x00401078                munmap
                0x00401080                sleep
                0x00401088                nanosleep
                0x00401090                beep
                0x00401098                vm86
                0x004010a0                putchar
                0x004010a8                getchar
                0x004010b0                recv
                0x004010b8                send
                0x004010c0                ioctl
                0x004010c8                time
                0x004010d0                getpriority
                0x004010d8                setpriority
                0x004010e0                sem_create
                0x004010e8                sem_destroy
                0x004010f0                sem_wait
                0x004010f8                sem_signal
 .text          0x00401100      0x13c vm86call.o
                0x00401100                vm86call
 .text          0x0040123c      0xba0 graphics.o
                0x00401414                list_graphic_modes
                0x00401618                init_graphic
                0x0040195c                exit_graphic
                0x004019a4                setPixel
                0x00401c94                line
 .text          0x00401ddc      0x540 main.o
                0x00401ddc                tsk_control
                0x00402054                tsk_producer
                0x004020f8                __main
                0x00402148                sort_bubble
                0x00402250                tsk_consumer
 .text          0x0040231c       0x18 lib/sysconf.o
                0x0040231c                sysconf
 .text          0x00402334      0x398 lib/math.o
                0x00402334                fabs
                0x00402348                floor
                0x00402390                ceil
                0x004023ec                sin
                0x004023f4                cos
                0x004023fc                sqrt
                0x00402404                log2
                0x00402414                atan2
                0x00402424                tan
                0x00402430                cot
                0x0040243c                pow
                0x004024ac                exp
                0x004024f0                log
                0x00402504                atan
 .text          0x004026cc      0x18c lib/stdio.o
                0x004026cc                printf
                0x00402724                fprintf
                0x0040277c                vprintf
                0x004027d4                vfprintf
                0x004027e8                vsprintf
                0x00402814                sprintf
                0x00402840                fputc
 .text          0x00402858      0x694 lib/stdlib.o
                0x00402858                exit
                0x00402860                ldiv
                0x0040287c                div
                0x00402898                rand_r
                0x00402938                rand
                0x004029f4                srand
                0x00402a00                strtol
                0x00402c20                strtoul
                0x00402e8c                atol
                0x00402eb0                strdup
 .text          0x00402eec      0x840 lib/qsort.o
                0x00402eec                qsort
 .text          0x0040372c      0x204 ../lib/softfloat.o
                0x0040372c                __udivmoddi4
                0x004037e4                __divdi3
                0x0040384c                __moddi3
                0x004038c0                __udivdi3
                0x004038f4                __umoddi3
 .text          0x00403930      0x358 ../lib/string.o
                0x00403930                memcmp
                0x00403958                memmove
                0x004039a8                memchr
                0x004039d0                strcat
                0x004039f4                strcmp
                0x00403a20                strncmp
                0x00403a6c                strchr
                0x00403a90                strrchr
                0x00403ab4                strstr
                0x00403b54                strcpy
                0x00403b74                strlen
                0x00403b8c                strncpy
                0x00403bd0                strcasecmp
                0x00403c18                strncasecmp
 .text          0x00403c88      0x530 ../lib/memcpy.o
                0x00403c88                memcpy
 .text          0x004041b8       0x9c ../lib/memset.o
                0x004041b8                memset
 .text          0x00404254     0x1680 ../lib/snprintf.o
                0x004051b8                vsnprintf
                0x004058a8                snprintf
 .text          0x004058d4       0xb8 lib/malloc.o
                0x004058d4                malloc
                0x004058f0                calloc
                0x00405928                memalign
                0x0040594c                realloc
                0x00405970                free
 .text          0x0040598c      0x9b4 ../lib/tlsf/tlsf.o
                0x00405d08                tlsf_check
                0x00405e0c                tlsf_walk_pool
                0x00405e78                tlsf_block_size
                0x00405e8c                tlsf_check_pool
                0x00405ec4                tlsf_size
                0x00405ecc                tlsf_align_size
                0x00405ed4                tlsf_block_size_min
                0x00405edc                tlsf_block_size_max
                0x00405ee4                tlsf_pool_overhead
                0x00405eec                tlsf_alloc_overhead
                0x00405ef4                tlsf_add_pool
                0x00405f44                tlsf_remove_pool
                0x00405f8c                tlsf_create
                0x00405fd8                tlsf_create_with_pool
                0x00406054                tlsf_destroy
                0x00406058                tlsf_get_pool
                0x00406064                tlsf_malloc
                0x00406090                tlsf_memalign
                0x00406170                tlsf_free
                0x004061e4                tlsf_realloc
 *(SORT(.text$*))
 *(.text.*)
 .text.startup  0x00406340      0x16c main.o
                0x00406340                main
 *(.gnu.linkonce.t.*)
 *(.glue_7t)
 *(.glue_7)
                0x004064ac                ___CTOR_LIST__ = .
                0x004064ac                __CTOR_LIST__ = .
                0x004064ac        0x4 LONG 0xffffffff
 *(.ctors)
 *(.ctor)
 *(SORT(.ctors.*))
                0x004064b0        0x4 LONG 0x0
                0x004064b4                ___DTOR_LIST__ = .
                0x004064b4                __DTOR_LIST__ = .
                0x004064b4        0x4 LONG 0xffffffff
 *(.dtors)
 *(.dtor)
 *(SORT(.dtors.*))
                0x004064b8        0x4 LONG 0x0
 *(.fini)
 *(.gcc_exc)
                0x004064bc                PROVIDE (etext, .)
 *(.gcc_except_table)

.data           0x00407000      0x200
                0x00407000                __data_start__ = .
 *(.data)
 .data          0x00407000        0x0 lib/crt0.o
 .data          0x00407000        0x0 lib/setjmp.o
 .data          0x00407000        0x0 lib/syscall-wrapper.o
 .data          0x00407000        0x0 vm86call.o
 .data          0x00407000        0x4 graphics.o
 .data          0x00407004        0x8 main.o
 .data          0x0040700c        0x0 lib/sysconf.o
 .data          0x0040700c        0x0 lib/math.o
 .data          0x0040700c        0x0 lib/stdio.o
 .data          0x0040700c        0x4 lib/stdlib.o
 .data          0x00407010        0x0 lib/qsort.o
 .data          0x00407010        0x0 ../lib/softfloat.o
 .data          0x00407010        0x0 ../lib/string.o
 .data          0x00407010        0x0 ../lib/memcpy.o
 .data          0x00407010        0x0 ../lib/memset.o
 .data          0x00407010        0x0 ../lib/snprintf.o
 .data          0x00407010        0x0 lib/malloc.o
 .data          0x00407010        0x0 ../lib/tlsf/tlsf.o
 *(.data2)
 *(SORT(.data$*))
 *(.jcr)
                0x00407010                __data_end__ = .
 *(.data_cygwin_nocopy)

.rdata          0x00408000      0x800
 *(.rdata)
 .rdata         0x00408000       0x2c vm86call.o
 .rdata         0x0040802c      0x260 graphics.o
 *fill*         0x0040828c       0x14 
 .rdata         0x004082a0       0xe0 lib/math.o
 .rdata         0x00408380      0x100 ../lib/string.o
 .rdata         0x00408480       0x20 ../lib/memcpy.o
 .rdata         0x004084a0      0x328 ../lib/snprintf.o
 *(SORT(.rdata$*))
                0x004087c8                __rt_psrelocs_start = .
 *(.rdata_runtime_pseudo_reloc)
                0x004087c8                __rt_psrelocs_end = .
                0x00000000                __rt_psrelocs_size = (__rt_psrelocs_end - __rt_psrelocs_start)
                0x004087c8                ___RUNTIME_PSEUDO_RELOC_LIST_END__ = .
                0x004087c8                __RUNTIME_PSEUDO_RELOC_LIST_END__ = .
                0x004087c8                ___RUNTIME_PSEUDO_RELOC_LIST__ = (. - __rt_psrelocs_size)
                0x004087c8                __RUNTIME_PSEUDO_RELOC_LIST__ = (. - __rt_psrelocs_size)

.eh_frame       0x00409000     0x1400
 *(.eh_frame*)
 .eh_frame      0x00409000       0x70 vm86call.o
 .eh_frame      0x00409070      0x1d4 graphics.o
 .eh_frame      0x00409244      0x104 main.o
 .eh_frame      0x00409348       0x2c lib/sysconf.o
 .eh_frame      0x00409374      0x180 lib/math.o
 .eh_frame      0x004094f4      0x118 lib/stdio.o
 .eh_frame      0x0040960c      0x1bc lib/stdlib.o
 .eh_frame      0x004097c8       0x70 lib/qsort.o
 .eh_frame      0x00409838      0x108 ../lib/softfloat.o
 .eh_frame      0x00409940      0x268 ../lib/string.o
 .eh_frame      0x00409ba8       0x70 ../lib/memcpy.o
 .eh_frame      0x00409c18       0x64 ../lib/memset.o
 .eh_frame      0x00409c7c      0x130 ../lib/snprintf.o
 .eh_frame      0x00409dac       0xa4 lib/malloc.o
 .eh_frame      0x00409e50      0x4f4 ../lib/tlsf/tlsf.o

.pdata
 *(.pdata)

.bss            0x0040b000      0x6a4
                0x0040b000                __bss_start__ = .
 *(.bss)
 .bss           0x0040b000        0x0 lib/crt0.o
 .bss           0x0040b000        0x0 lib/setjmp.o
 .bss           0x0040b000        0x0 lib/syscall-wrapper.o
 .bss           0x0040b000        0x0 vm86call.o
 .bss           0x0040b000      0x340 graphics.o
                0x0040b000                g_graphic_dev
 .bss           0x0040b340        0xc main.o
                0x0040b340                curConsumer
                0x0040b344                curProducer
 .bss           0x0040b34c        0x0 lib/sysconf.o
 .bss           0x0040b34c        0x0 lib/math.o
 .bss           0x0040b34c        0x0 lib/stdio.o
 .bss           0x0040b34c        0x0 lib/stdlib.o
 .bss           0x0040b34c        0x0 lib/qsort.o
 .bss           0x0040b34c        0x0 ../lib/softfloat.o
 .bss           0x0040b34c        0x0 ../lib/string.o
 .bss           0x0040b34c        0x0 ../lib/memcpy.o
 .bss           0x0040b34c        0x0 ../lib/memset.o
 .bss           0x0040b34c        0x0 ../lib/snprintf.o
 .bss           0x0040b34c        0x0 lib/malloc.o
 .bss           0x0040b34c        0x0 ../lib/tlsf/tlsf.o
 *(COMMON)
 *fill*         0x0040b34c       0x14 
 COMMON         0x0040b360      0x340 main.o
                0x0040b360                tid_control
                0x0040b364                tid_producer
                0x0040b368                tid_consumer
                0x0040b380                ary
 COMMON         0x0040b6a0        0x4 lib/malloc.o
                0x0040b6a0                g_heap
                0x0040b6a4                __bss_end__ = .

.edata
 *(.edata)

/DISCARD/
 *(.debug$S)
 *(.debug$T)
 *(.debug$F)
 *(.drectve)
 *(.note.GNU-stack)
 *(.gnu.lto_*)

.idata          0x0040c000      0x200
 SORT(*)(.idata$2)
 SORT(*)(.idata$3)
                0x0040c000        0x4 LONG 0x0
                0x0040c004        0x4 LONG 0x0
                0x0040c008        0x4 LONG 0x0
                0x0040c00c        0x4 LONG 0x0
                0x0040c010        0x4 LONG 0x0
 SORT(*)(.idata$4)
                0x0040c014                __IAT_start__ = .
 SORT(*)(.idata$5)
                0x0040c014                __IAT_end__ = .
 SORT(*)(.idata$6)
 SORT(*)(.idata$7)

.CRT            0x0040d000        0x0
                0x0040d000                ___crt_xc_start__ = .
 *(SORT(.CRT$XC*))
                0x0040d000                ___crt_xc_end__ = .
                0x0040d000                ___crt_xi_start__ = .
 *(SORT(.CRT$XI*))
                0x0040d000                ___crt_xi_end__ = .
                0x0040d000                ___crt_xl_start__ = .
 *(SORT(.CRT$XL*))
                0x0040d000                ___crt_xp_start__ = .
 *(SORT(.CRT$XP*))
                0x0040d000                ___crt_xp_end__ = .
                0x0040d000                ___crt_xt_start__ = .
 *(SORT(.CRT$XT*))
                0x0040d000                ___crt_xt_end__ = .

.tls            0x0040d000        0x0
                0x0040d000                ___tls_start__ = .
 *(.tls)
 *(.tls$)
 *(SORT(.tls$*))
                0x0040d000                ___tls_end__ = .

.endjunk        0x0040d000        0x0
                0x0040d000                PROVIDE (end, .)
                0x0040d000                PROVIDE (_end, .)
                0x0040d000                __end__ = .

.rsrc
 *(.rsrc)
 *(SORT(.rsrc$*))

.reloc
 *(.reloc)

.stab
 *(.stab)

.stabstr
 *(.stabstr)

.debug_aranges  0x0040d000      0x200
 *(.debug_aranges)
 .debug_aranges
                0x0040d000       0x20 vm86call.o
 .debug_aranges
                0x0040d020       0x20 graphics.o
 .debug_aranges
                0x0040d040       0x28 main.o
 .debug_aranges
                0x0040d068       0x20 lib/sysconf.o
 .debug_aranges
                0x0040d088       0x20 lib/math.o
 .debug_aranges
                0x0040d0a8       0x20 lib/stdio.o
 .debug_aranges
                0x0040d0c8       0x20 lib/stdlib.o
 .debug_aranges
                0x0040d0e8       0x20 lib/qsort.o
 .debug_aranges
                0x0040d108       0x20 ../lib/softfloat.o
 .debug_aranges
                0x0040d128       0x20 ../lib/string.o
 .debug_aranges
                0x0040d148       0x20 ../lib/memcpy.o
 .debug_aranges
                0x0040d168       0x20 ../lib/memset.o
 .debug_aranges
                0x0040d188       0x20 ../lib/snprintf.o
 .debug_aranges
                0x0040d1a8       0x20 lib/malloc.o
 .debug_aranges
                0x0040d1c8       0x20 ../lib/tlsf/tlsf.o

.debug_pubnames
 *(.debug_pubnames)

.debug_pubtypes
 *(.debug_pubtypes)

.debug_info     0x0040e000     0x9600
 *(.debug_info .gnu.linkonce.wi.*)
 .debug_info    0x0040e000      0x373 vm86call.o
 .debug_info    0x0040e373     0x132b graphics.o
 .debug_info    0x0040f69e      0xde6 main.o
 .debug_info    0x00410484       0xb0 lib/sysconf.o
 .debug_info    0x00410534      0x5f9 lib/math.o
 .debug_info    0x00410b2d      0x572 lib/stdio.o
 .debug_info    0x0041109f      0x81f lib/stdlib.o
 .debug_info    0x004118be      0xe28 lib/qsort.o
 .debug_info    0x004126e6      0x37b ../lib/softfloat.o
 .debug_info    0x00412a61      0x6cc ../lib/string.o
 .debug_info    0x0041312d      0x2f6 ../lib/memcpy.o
 .debug_info    0x00413423      0x1b0 ../lib/memset.o
 .debug_info    0x004135d3      0xec4 ../lib/snprintf.o
 .debug_info    0x00414497      0x35a lib/malloc.o
 .debug_info    0x004147f1     0x2c9d ../lib/tlsf/tlsf.o

.debug_abbrev   0x00418000     0x1a00
 *(.debug_abbrev)
 .debug_abbrev  0x00418000      0x102 vm86call.o
 .debug_abbrev  0x00418102      0x319 graphics.o
 .debug_abbrev  0x0041841b      0x225 main.o
 .debug_abbrev  0x00418640       0x4a lib/sysconf.o
 .debug_abbrev  0x0041868a      0x19b lib/math.o
 .debug_abbrev  0x00418825      0x169 lib/stdio.o
 .debug_abbrev  0x0041898e      0x234 lib/stdlib.o
 .debug_abbrev  0x00418bc2      0x1c1 lib/qsort.o
 .debug_abbrev  0x00418d83      0x131 ../lib/softfloat.o
 .debug_abbrev  0x00418eb4      0x184 ../lib/string.o
 .debug_abbrev  0x00419038       0xab ../lib/memcpy.o
 .debug_abbrev  0x004190e3       0x85 ../lib/memset.o
 .debug_abbrev  0x00419168      0x21d ../lib/snprintf.o
 .debug_abbrev  0x00419385       0xf8 lib/malloc.o
 .debug_abbrev  0x0041947d      0x4b6 ../lib/tlsf/tlsf.o

.debug_line     0x0041a000     0x1c00
 *(.debug_line)
 .debug_line    0x0041a000       0xa3 vm86call.o
 .debug_line    0x0041a0a3      0x2cf graphics.o
 .debug_line    0x0041a372      0x191 main.o
 .debug_line    0x0041a503       0x3d lib/sysconf.o
 .debug_line    0x0041a540       0xfc lib/math.o
 .debug_line    0x0041a63c       0xd7 lib/stdio.o
 .debug_line    0x0041a713      0x248 lib/stdlib.o
 .debug_line    0x0041a95b      0x229 lib/qsort.o
 .debug_line    0x0041ab84       0xaa ../lib/softfloat.o
 .debug_line    0x0041ac2e      0x14e ../lib/string.o
 .debug_line    0x0041ad7c      0x167 ../lib/memcpy.o
 .debug_line    0x0041aee3       0xbf ../lib/memset.o
 .debug_line    0x0041afa2      0x654 ../lib/snprintf.o
 .debug_line    0x0041b5f6       0xa1 lib/malloc.o
 .debug_line    0x0041b697      0x454 ../lib/tlsf/tlsf.o

.debug_frame
 *(.debug_frame*)

.debug_str      0x0041c000      0x200
 *(.debug_str)
 .debug_str     0x0041c000       0x5a graphics.o
 .debug_str     0x0041c05a       0x32 main.o
 .debug_str     0x0041c08c        0x5 lib/stdio.o
 .debug_str     0x0041c091        0x9 lib/qsort.o
 .debug_str     0x0041c09a       0x17 ../lib/memcpy.o
 .debug_str     0x0041c0b1       0x53 ../lib/snprintf.o
 .debug_str     0x0041c104        0x6 lib/malloc.o
 .debug_str     0x0041c10a       0x6e ../lib/tlsf/tlsf.o

.debug_loc      0x0041d000     0xaa00
 *(.debug_loc)
 .debug_loc     0x0041d000      0x230 vm86call.o
 .debug_loc     0x0041d230      0xa06 graphics.o
 .debug_loc     0x0041dc36      0x4bf main.o
 .debug_loc     0x0041e0f5      0x49b lib/math.o
 .debug_loc     0x0041e590      0x338 lib/stdio.o
 .debug_loc     0x0041e8c8      0xdf1 lib/stdlib.o
 .debug_loc     0x0041f6b9     0x16cc lib/qsort.o
 .debug_loc     0x00420d85      0x514 ../lib/softfloat.o
 .debug_loc     0x00421299      0xc06 ../lib/string.o
 .debug_loc     0x00421e9f      0x979 ../lib/memcpy.o
 .debug_loc     0x00422818      0x23e ../lib/memset.o
 .debug_loc     0x00422a56     0x2b75 ../lib/snprintf.o
 .debug_loc     0x004255cb      0x135 lib/malloc.o
 .debug_loc     0x00425700     0x21a0 ../lib/tlsf/tlsf.o

.debug_macinfo
 *(.debug_macinfo)

.debug_weaknames
 *(.debug_weaknames)

.debug_funcnames
 *(.debug_funcnames)

.debug_typenames
 *(.debug_typenames)

.debug_varnames
 *(.debug_varnames)

.debug_macro
 *(.debug_macro)

.debug_ranges   0x00428000      0xa00
 *(.debug_ranges)
 .debug_ranges  0x00428000       0xd8 graphics.o
 .debug_ranges  0x004280d8       0x18 main.o
 .debug_ranges  0x004280f0       0x38 lib/math.o
 .debug_ranges  0x00428128       0xb0 lib/stdlib.o
 .debug_ranges  0x004281d8      0x298 lib/qsort.o
 .debug_ranges  0x00428470       0x30 ../lib/softfloat.o
 .debug_ranges  0x004284a0       0x40 ../lib/string.o
 .debug_ranges  0x004284e0       0x48 ../lib/memcpy.o
 .debug_ranges  0x00428528      0x1b0 ../lib/snprintf.o
 .debug_ranges  0x004286d8      0x1d8 ../lib/tlsf/tlsf.o

.debug_types
 *(.debug_types .gnu.linkonce.wt.*)
OUTPUT(a.out pei-i386)
