
Allocating common symbols
Common symbol       size              file

Ary                 0x320             main.o
tid_control         0x4               main.o
tid_producer        0x4               main.o
tid_consumer        0x4               main.o
tempAry             0x320             main.o
g_heap              0x4               myalloc.o

Discarded input sections

 .drectve       0x00000000       0x84 main.o
 .drectve       0x00000000       0x18 myalloc.o

Memory Configuration

Name             Origin             Length             Attributes
*default*        0x00000000         0xffffffff

Linker script and memory map

                0x00400000                __image_base__ = 0x400000
                0x00000000                __dll__ = 0x0
                0x00400000                ___ImageBase = 0x400000
                0x00001000                __section_alignment__ = 0x1000
                0x00000200                __file_alignment__ = 0x200
                0x00000004                __major_os_version__ = 0x4
                0x00000000                __minor_os_version__ = 0x0
                0x00000001                __major_image_version__ = 0x1
                0x00000000                __minor_image_version__ = 0x0
                0x00000004                __major_subsystem_version__ = 0x4
                0x00000000                __minor_subsystem_version__ = 0x0
                0x00000003                __subsystem__ = 0x3
                0x00200000                __size_of_stack_reserve__ = 0x200000
                0x00001000                __size_of_stack_commit__ = 0x1000
                0x00100000                __size_of_heap_reserve__ = 0x100000
                0x00001000                __size_of_heap_commit__ = 0x1000
                0x00000000                __loader_flags__ = 0x0
                0x00000000                __dll_characteristics__ = 0x0
LOAD lib/crt0.o
LOAD lib/setjmp.o
LOAD lib/syscall-wrapper.o
LOAD vm86call.o
LOAD graphics.o
LOAD main.o
LOAD lib/sysconf.o
LOAD lib/math.o
LOAD lib/stdio.o
LOAD lib/stdlib.o
LOAD lib/qsort.o
LOAD ../lib/softfloat.o
LOAD ../lib/string.o
LOAD ../lib/memcpy.o
LOAD ../lib/memset.o
LOAD ../lib/snprintf.o
LOAD myalloc.o
                0x00000380                . = SIZEOF_HEADERS
                0x00001000                . = ALIGN (__section_alignment__)

.text           0x00401000     0x5400
 *(.init)
 *(.text)
 .text          0x00401000        0x8 lib/crt0.o
                0x00401000                start
 .text          0x00401008       0x38 lib/setjmp.o
                0x00401008                setjmp
                0x00401022                longjmp
 .text          0x00401040       0xc0 lib/syscall-wrapper.o
                0x00401040                task_exit
                0x00401048                task_create
                0x00401050                task_getid
                0x00401058                task_yield
                0x00401060                task_wait
                0x00401068                reboot
                0x00401070                mmap
                0x00401078                munmap
                0x00401080                sleep
                0x00401088                nanosleep
                0x00401090                beep
                0x00401098                vm86
                0x004010a0                putchar
                0x004010a8                getchar
                0x004010b0                recv
                0x004010b8                send
                0x004010c0                ioctl
                0x004010c8                time
                0x004010d0                getpriority
                0x004010d8                setpriority
                0x004010e0                sem_create
                0x004010e8                sem_destroy
                0x004010f0                sem_wait
                0x004010f8                sem_signal
 .text          0x00401100      0x13c vm86call.o
                0x00401100                vm86call
 .text          0x0040123c      0xba0 graphics.o
                0x00401414                list_graphic_modes
                0x00401618                init_graphic
                0x0040195c                exit_graphic
                0x004019a4                setPixel
                0x00401c94                line
 .text          0x00401ddc      0x590 main.o
                0x00401ddc                __main
                0x00401e2c                sort_bubble
                0x00401f0c                tsk_producer
                0x0040201c                tsk_consumer
                0x004020f4                tsk_control
 .text          0x0040236c       0x18 lib/sysconf.o
                0x0040236c                sysconf
 .text          0x00402384      0x398 lib/math.o
                0x00402384                fabs
                0x00402398                floor
                0x004023e0                ceil
                0x0040243c                sin
                0x00402444                cos
                0x0040244c                sqrt
                0x00402454                log2
                0x00402464                atan2
                0x00402474                tan
                0x00402480                cot
                0x0040248c                pow
                0x004024fc                exp
                0x00402540                log
                0x00402554                atan
 .text          0x0040271c      0x18c lib/stdio.o
                0x0040271c                printf
                0x00402774                fprintf
                0x004027cc                vprintf
                0x00402824                vfprintf
                0x00402838                vsprintf
                0x00402864                sprintf
                0x00402890                fputc
 .text          0x004028a8      0x694 lib/stdlib.o
                0x004028a8                exit
                0x004028b0                ldiv
                0x004028cc                div
                0x004028e8                rand_r
                0x00402988                rand
                0x00402a44                srand
                0x00402a50                strtol
                0x00402c70                strtoul
                0x00402edc                atol
                0x00402f00                strdup
 .text          0x00402f3c      0x840 lib/qsort.o
                0x00402f3c                qsort
 .text          0x0040377c      0x204 ../lib/softfloat.o
                0x0040377c                __udivmoddi4
                0x00403834                __divdi3
                0x0040389c                __moddi3
                0x00403910                __udivdi3
                0x00403944                __umoddi3
 .text          0x00403980      0x358 ../lib/string.o
                0x00403980                memcmp
                0x004039a8                memmove
                0x004039f8                memchr
                0x00403a20                strcat
                0x00403a44                strcmp
                0x00403a70                strncmp
                0x00403abc                strchr
                0x00403ae0                strrchr
                0x00403b04                strstr
                0x00403ba4                strcpy
                0x00403bc4                strlen
                0x00403bdc                strncpy
                0x00403c20                strcasecmp
                0x00403c68                strncasecmp
 .text          0x00403cd8      0x530 ../lib/memcpy.o
                0x00403cd8                memcpy
 .text          0x00404208       0x9c ../lib/memset.o
                0x00404208                memset
 .text          0x004042a4     0x1680 ../lib/snprintf.o
                0x00405208                vsnprintf
                0x004058f8                snprintf
 .text          0x00405924      0x9e4 myalloc.o
                0x00405924                tlsf_create_with_pool
                0x0040596c                malloc
                0x00405a04                free
                0x00405b0c                calloc
                0x00405b44                realloc
                0x00405c40                test_allocator
 *(SORT(.text$*))
 *(.text.*)
 .text.startup  0x00406308       0x14 main.o
                0x00406308                main
 *(.gnu.linkonce.t.*)
 *(.glue_7t)
 *(.glue_7)
                0x0040631c                ___CTOR_LIST__ = .
                0x0040631c                __CTOR_LIST__ = .
                0x0040631c        0x4 LONG 0xffffffff
 *(.ctors)
 *(.ctor)
 *(SORT(.ctors.*))
                0x00406320        0x4 LONG 0x0
                0x00406324                ___DTOR_LIST__ = .
                0x00406324                __DTOR_LIST__ = .
                0x00406324        0x4 LONG 0xffffffff
 *(.dtors)
 *(.dtor)
 *(SORT(.dtors.*))
                0x00406328        0x4 LONG 0x0
 *(.fini)
 *(.gcc_exc)
                0x0040632c                PROVIDE (etext, .)
 *(.gcc_except_table)

.data           0x00407000      0x200
                0x00407000                __data_start__ = .
 *(.data)
 .data          0x00407000        0x0 lib/crt0.o
 .data          0x00407000        0x0 lib/setjmp.o
 .data          0x00407000        0x0 lib/syscall-wrapper.o
 .data          0x00407000        0x0 vm86call.o
 .data          0x00407000        0x4 graphics.o
 .data          0x00407004        0x0 main.o
 .data          0x00407004        0x0 lib/sysconf.o
 .data          0x00407004        0x0 lib/math.o
 .data          0x00407004        0x0 lib/stdio.o
 .data          0x00407004        0x4 lib/stdlib.o
 .data          0x00407008        0x0 lib/qsort.o
 .data          0x00407008        0x0 ../lib/softfloat.o
 .data          0x00407008        0x0 ../lib/string.o
 .data          0x00407008        0x0 ../lib/memcpy.o
 .data          0x00407008        0x0 ../lib/memset.o
 .data          0x00407008        0x0 ../lib/snprintf.o
 .data          0x00407008       0x14 myalloc.o
 *(.data2)
 *(SORT(.data$*))
 *(.jcr)
                0x0040701c                __data_end__ = .
 *(.data_cygwin_nocopy)

.rdata          0x00408000      0xc00
 *(.rdata)
 .rdata         0x00408000       0x2c vm86call.o
 .rdata         0x0040802c      0x260 graphics.o
 *fill*         0x0040828c       0x14 
 .rdata         0x004082a0       0xe0 lib/math.o
 .rdata         0x00408380      0x100 ../lib/string.o
 .rdata         0x00408480       0x20 ../lib/memcpy.o
 .rdata         0x004084a0      0x328 ../lib/snprintf.o
 .rdata         0x004087c8      0x318 myalloc.o
 *(SORT(.rdata$*))
                0x00408ae0                __rt_psrelocs_start = .
 *(.rdata_runtime_pseudo_reloc)
                0x00408ae0                __rt_psrelocs_end = .
                0x00000000                __rt_psrelocs_size = (__rt_psrelocs_end - __rt_psrelocs_start)
                0x00408ae0                ___RUNTIME_PSEUDO_RELOC_LIST_END__ = .
                0x00408ae0                __RUNTIME_PSEUDO_RELOC_LIST_END__ = .
                0x00408ae0                ___RUNTIME_PSEUDO_RELOC_LIST__ = (. - __rt_psrelocs_size)
                0x00408ae0                __RUNTIME_PSEUDO_RELOC_LIST__ = (. - __rt_psrelocs_size)

.eh_frame       0x00409000     0x1000
 *(.eh_frame*)
 .eh_frame      0x00409000       0x70 vm86call.o
 .eh_frame      0x00409070      0x1d4 graphics.o
 .eh_frame      0x00409244       0xfc main.o
 .eh_frame      0x00409340       0x2c lib/sysconf.o
 .eh_frame      0x0040936c      0x180 lib/math.o
 .eh_frame      0x004094ec      0x118 lib/stdio.o
 .eh_frame      0x00409604      0x1bc lib/stdlib.o
 .eh_frame      0x004097c0       0x70 lib/qsort.o
 .eh_frame      0x00409830      0x108 ../lib/softfloat.o
 .eh_frame      0x00409938      0x268 ../lib/string.o
 .eh_frame      0x00409ba0       0x70 ../lib/memcpy.o
 .eh_frame      0x00409c10       0x64 ../lib/memset.o
 .eh_frame      0x00409c74      0x130 ../lib/snprintf.o
 .eh_frame      0x00409da4      0x1cc myalloc.o

.pdata
 *(.pdata)

.bss            0x0040a000      0x9c4
                0x0040a000                __bss_start__ = .
 *(.bss)
 .bss           0x0040a000        0x0 lib/crt0.o
 .bss           0x0040a000        0x0 lib/setjmp.o
 .bss           0x0040a000        0x0 lib/syscall-wrapper.o
 .bss           0x0040a000        0x0 vm86call.o
 .bss           0x0040a000      0x340 graphics.o
                0x0040a000                g_graphic_dev
 .bss           0x0040a340        0x8 main.o
                0x0040a340                curConsumer
                0x0040a344                curProducer
 .bss           0x0040a348        0x0 lib/sysconf.o
 .bss           0x0040a348        0x0 lib/math.o
 .bss           0x0040a348        0x0 lib/stdio.o
 .bss           0x0040a348        0x0 lib/stdlib.o
 .bss           0x0040a348        0x0 lib/qsort.o
 .bss           0x0040a348        0x0 ../lib/softfloat.o
 .bss           0x0040a348        0x0 ../lib/string.o
 .bss           0x0040a348        0x0 ../lib/memcpy.o
 .bss           0x0040a348        0x0 ../lib/memset.o
 .bss           0x0040a348        0x0 ../lib/snprintf.o
 .bss           0x0040a348        0x4 myalloc.o
 *(COMMON)
 *fill*         0x0040a34c       0x14 
 COMMON         0x0040a360      0x660 main.o
                0x0040a360                Ary
                0x0040a680                tid_control
                0x0040a684                tid_producer
                0x0040a688                tid_consumer
                0x0040a6a0                tempAry
 COMMON         0x0040a9c0        0x4 myalloc.o
                0x0040a9c0                g_heap
                0x0040a9c4                __bss_end__ = .

.edata
 *(.edata)

/DISCARD/
 *(.debug$S)
 *(.debug$T)
 *(.debug$F)
 *(.drectve)
 *(.note.GNU-stack)
 *(.gnu.lto_*)

.idata          0x0040b000      0x200
 SORT(*)(.idata$2)
 SORT(*)(.idata$3)
                0x0040b000        0x4 LONG 0x0
                0x0040b004        0x4 LONG 0x0
                0x0040b008        0x4 LONG 0x0
                0x0040b00c        0x4 LONG 0x0
                0x0040b010        0x4 LONG 0x0
 SORT(*)(.idata$4)
                0x0040b014                __IAT_start__ = .
 SORT(*)(.idata$5)
                0x0040b014                __IAT_end__ = .
 SORT(*)(.idata$6)
 SORT(*)(.idata$7)

.CRT            0x0040c000        0x0
                0x0040c000                ___crt_xc_start__ = .
 *(SORT(.CRT$XC*))
                0x0040c000                ___crt_xc_end__ = .
                0x0040c000                ___crt_xi_start__ = .
 *(SORT(.CRT$XI*))
                0x0040c000                ___crt_xi_end__ = .
                0x0040c000                ___crt_xl_start__ = .
 *(SORT(.CRT$XL*))
                0x0040c000                ___crt_xp_start__ = .
 *(SORT(.CRT$XP*))
                0x0040c000                ___crt_xp_end__ = .
                0x0040c000                ___crt_xt_start__ = .
 *(SORT(.CRT$XT*))
                0x0040c000                ___crt_xt_end__ = .

.tls            0x0040c000        0x0
                0x0040c000                ___tls_start__ = .
 *(.tls)
 *(.tls$)
 *(SORT(.tls$*))
                0x0040c000                ___tls_end__ = .

.endjunk        0x0040c000        0x0
                0x0040c000                PROVIDE (end, .)
                0x0040c000                PROVIDE (_end, .)
                0x0040c000                __end__ = .

.rsrc
 *(.rsrc)
 *(SORT(.rsrc$*))

.reloc
 *(.reloc)

.stab
 *(.stab)

.stabstr
 *(.stabstr)

.debug_aranges  0x0040c000      0x200
 *(.debug_aranges)
 .debug_aranges
                0x0040c000       0x20 vm86call.o
 .debug_aranges
                0x0040c020       0x20 graphics.o
 .debug_aranges
                0x0040c040       0x28 main.o
 .debug_aranges
                0x0040c068       0x20 lib/sysconf.o
 .debug_aranges
                0x0040c088       0x20 lib/math.o
 .debug_aranges
                0x0040c0a8       0x20 lib/stdio.o
 .debug_aranges
                0x0040c0c8       0x20 lib/stdlib.o
 .debug_aranges
                0x0040c0e8       0x20 lib/qsort.o
 .debug_aranges
                0x0040c108       0x20 ../lib/softfloat.o
 .debug_aranges
                0x0040c128       0x20 ../lib/string.o
 .debug_aranges
                0x0040c148       0x20 ../lib/memcpy.o
 .debug_aranges
                0x0040c168       0x20 ../lib/memset.o
 .debug_aranges
                0x0040c188       0x20 ../lib/snprintf.o
 .debug_aranges
                0x0040c1a8       0x20 myalloc.o

.debug_pubnames
 *(.debug_pubnames)

.debug_pubtypes
 *(.debug_pubtypes)

.debug_info     0x0040d000     0x7400
 *(.debug_info .gnu.linkonce.wi.*)
 .debug_info    0x0040d000      0x373 vm86call.o
 .debug_info    0x0040d373     0x132b graphics.o
 .debug_info    0x0040e69e      0xa5b main.o
 .debug_info    0x0040f0f9       0xb0 lib/sysconf.o
 .debug_info    0x0040f1a9      0x5f9 lib/math.o
 .debug_info    0x0040f7a2      0x572 lib/stdio.o
 .debug_info    0x0040fd14      0x81f lib/stdlib.o
 .debug_info    0x00410533      0xe28 lib/qsort.o
 .debug_info    0x0041135b      0x37b ../lib/softfloat.o
 .debug_info    0x004116d6      0x6cc ../lib/string.o
 .debug_info    0x00411da2      0x2f6 ../lib/memcpy.o
 .debug_info    0x00412098      0x1b0 ../lib/memset.o
 .debug_info    0x00412248      0xec4 ../lib/snprintf.o
 .debug_info    0x0041310c     0x10f8 myalloc.o

.debug_abbrev   0x00415000     0x1600
 *(.debug_abbrev)
 .debug_abbrev  0x00415000      0x102 vm86call.o
 .debug_abbrev  0x00415102      0x319 graphics.o
 .debug_abbrev  0x0041541b      0x225 main.o
 .debug_abbrev  0x00415640       0x4a lib/sysconf.o
 .debug_abbrev  0x0041568a      0x19b lib/math.o
 .debug_abbrev  0x00415825      0x169 lib/stdio.o
 .debug_abbrev  0x0041598e      0x234 lib/stdlib.o
 .debug_abbrev  0x00415bc2      0x1c1 lib/qsort.o
 .debug_abbrev  0x00415d83      0x131 ../lib/softfloat.o
 .debug_abbrev  0x00415eb4      0x184 ../lib/string.o
 .debug_abbrev  0x00416038       0xab ../lib/memcpy.o
 .debug_abbrev  0x004160e3       0x85 ../lib/memset.o
 .debug_abbrev  0x00416168      0x21d ../lib/snprintf.o
 .debug_abbrev  0x00416385      0x260 myalloc.o

.debug_line     0x00417000     0x1a00
 *(.debug_line)
 .debug_line    0x00417000       0xa3 vm86call.o
 .debug_line    0x004170a3      0x2cf graphics.o
 .debug_line    0x00417372      0x16f main.o
 .debug_line    0x004174e1       0x3d lib/sysconf.o
 .debug_line    0x0041751e       0xfc lib/math.o
 .debug_line    0x0041761a       0xd7 lib/stdio.o
 .debug_line    0x004176f1      0x248 lib/stdlib.o
 .debug_line    0x00417939      0x229 lib/qsort.o
 .debug_line    0x00417b62       0xaa ../lib/softfloat.o
 .debug_line    0x00417c0c      0x14e ../lib/string.o
 .debug_line    0x00417d5a      0x167 ../lib/memcpy.o
 .debug_line    0x00417ec1       0xbf ../lib/memset.o
 .debug_line    0x00417f80      0x654 ../lib/snprintf.o
 .debug_line    0x004185d4      0x26d myalloc.o

.debug_frame
 *(.debug_frame*)

.debug_str      0x00419000      0x200
 *(.debug_str)
 .debug_str     0x00419000       0x5a graphics.o
 .debug_str     0x0041905a       0x25 main.o
 .debug_str     0x0041907f        0x5 lib/stdio.o
 .debug_str     0x00419084        0x9 lib/qsort.o
 .debug_str     0x0041908d       0x17 ../lib/memcpy.o
 .debug_str     0x004190a4       0x53 ../lib/snprintf.o
 .debug_str     0x004190f7        0xa myalloc.o

.debug_loc      0x0041a000     0x8e00
 *(.debug_loc)
 .debug_loc     0x0041a000      0x230 vm86call.o
 .debug_loc     0x0041a230      0xa06 graphics.o
 .debug_loc     0x0041ac36      0x3c0 main.o
 .debug_loc     0x0041aff6      0x49b lib/math.o
 .debug_loc     0x0041b491      0x338 lib/stdio.o
 .debug_loc     0x0041b7c9      0xdf1 lib/stdlib.o
 .debug_loc     0x0041c5ba     0x16cc lib/qsort.o
 .debug_loc     0x0041dc86      0x514 ../lib/softfloat.o
 .debug_loc     0x0041e19a      0xc06 ../lib/string.o
 .debug_loc     0x0041eda0      0x979 ../lib/memcpy.o
 .debug_loc     0x0041f719      0x23e ../lib/memset.o
 .debug_loc     0x0041f957     0x2b75 ../lib/snprintf.o
 .debug_loc     0x004224cc      0x883 myalloc.o

.debug_macinfo
 *(.debug_macinfo)

.debug_weaknames
 *(.debug_weaknames)

.debug_funcnames
 *(.debug_funcnames)

.debug_typenames
 *(.debug_typenames)

.debug_varnames
 *(.debug_varnames)

.debug_macro
 *(.debug_macro)

.debug_ranges   0x00423000      0x800
 *(.debug_ranges)
 .debug_ranges  0x00423000       0xd8 graphics.o
 .debug_ranges  0x004230d8       0x18 main.o
 .debug_ranges  0x004230f0       0x38 lib/math.o
 .debug_ranges  0x00423128       0xb0 lib/stdlib.o
 .debug_ranges  0x004231d8      0x298 lib/qsort.o
 .debug_ranges  0x00423470       0x30 ../lib/softfloat.o
 .debug_ranges  0x004234a0       0x40 ../lib/string.o
 .debug_ranges  0x004234e0       0x48 ../lib/memcpy.o
 .debug_ranges  0x00423528      0x1b0 ../lib/snprintf.o
 .debug_ranges  0x004236d8       0x18 myalloc.o

.debug_types
 *(.debug_types .gnu.linkonce.wt.*)
OUTPUT(a.out pei-i386)
