
Allocating common symbols
Common symbol       size              file

g_task_own_fpu      0x4               task.o
g_startup_time      0x4               machdep.o
task0               0x4               task.o
g_task_running      0x4               task.o
g_resched           0x4               task.o
g_intr_vector       0x40              startup.o
g_ram_zone          0x40              startup.o
g_volinfo           0x34              startup.o
g_task_head         0x4               task.o

Memory Configuration

Name             Origin             Length             Attributes
*default*        0x00000000         0xffffffff

Linker script and memory map

                0x00400000                __image_base__ = 0x400000
                0x00000000                __dll__ = 0x0
                0x00400000                ___ImageBase = 0x400000
                0x00001000                __section_alignment__ = 0x1000
                0x00000200                __file_alignment__ = 0x200
                0x00000004                __major_os_version__ = 0x4
                0x00000000                __minor_os_version__ = 0x0
                0x00000001                __major_image_version__ = 0x1
                0x00000000                __minor_image_version__ = 0x0
                0x00000004                __major_subsystem_version__ = 0x4
                0x00000000                __minor_subsystem_version__ = 0x0
                0x00000003                __subsystem__ = 0x3
                0x00200000                __size_of_stack_reserve__ = 0x200000
                0x00001000                __size_of_stack_commit__ = 0x1000
                0x00100000                __size_of_heap_reserve__ = 0x100000
                0x00001000                __size_of_heap_commit__ = 0x1000
                0x00000000                __loader_flags__ = 0x0
                0x00000000                __dll_characteristics__ = 0x0
LOAD entry.o
LOAD ide.o
LOAD floppy.o
LOAD pci.o
LOAD vm86.o
LOAD kbd.o
LOAD timer.o
LOAD machdep.o
LOAD task.o
LOAD mktime.o
LOAD sem.o
LOAD page.o
LOAD startup.o
LOAD frame.o
LOAD kmalloc.o
LOAD dosfs.o
LOAD pe.o
LOAD elf.o
LOAD printk.o
LOAD bitmap.o
LOAD ../lib/softfloat.o
LOAD ../lib/string.o
LOAD ../lib/memcpy.o
LOAD ../lib/memset.o
LOAD ../lib/snprintf.o
LOAD ../lib/tlsf/tlsf.o
                0xc0100000                . = 0xc0100000

.text           0xc0100000     0xb000
 *(.text)
 .text          0xc0100000      0x95c entry.o
                0xc0100000                entry
                0xc0100036                exception_divide_error
                0xc010003c                exception_debug
                0xc0100042                exception_nmi
                0xc0100048                exception_breakpoint
                0xc010004e                exception_overflow
                0xc0100054                exception_bounds_check
                0xc010005a                exception_inval_opcode
                0xc0100060                exception_copr_not_avail
                0xc0100066                exception_double_fault
                0xc010006a                exception_copr_seg_overrun
                0xc0100070                exception_inval_tss
                0xc0100074                exception_segment_not_present
                0xc0100078                exception_stack_fault
                0xc010007c                exception_general_protection
                0xc0100080                exception_page_fault
                0xc0100084                exception_intel_reserved
                0xc010008a                exception_copr_error
                0xc0100090                exception_alignment_check
                0xc0100094                exception_machine_check
                0xc010009a                exception_simd_fp
                0xc0100117                int0x82_syscall
                0xc0100173                ret_from_syscall
                0xc01001ad                hwint00
                0xc0100222                hwint01
                0xc0100297                hwint02
                0xc010030c                hwint03
                0xc0100381                hwint04
                0xc01003f6                hwint05
                0xc010046b                hwint06
                0xc01004e0                hwint07
                0xc0100555                hwint08
                0xc01005cc                hwint09
                0xc0100643                hwint10
                0xc01006ba                hwint11
                0xc0100731                hwint12
                0xc01007a8                hwint13
                0xc010081f                hwint14
                0xc0100896                hwint15
                0xc010090d                lgdt
                0xc0100933                lidt
                0xc010093b                sys_vm86
 .text          0xc010095c      0x20c ide.o
                0xc0100994                ide_init
                0xc01009e8                ide_read_sector
                0xc0100ac0                ide_write_sector
 .text          0xc0100b68        0x0 floppy.o
 .text          0xc0100b68      0x4d0 pci.o
                0xc0100ead                pci_get_bar_addr
                0xc0100ef8                pci_get_bar_size
                0xc0100fa1                pci_get_intr_line
                0xc0100fe6                pci_init
 .text          0xc0101038      0xa5c vm86.o
                0xc0101038                vm86_init
                0xc01010f4                vm86_emulate
 .text          0xc0101a94      0x2b8 kbd.o
                0xc0101a94                isr_keyboard
                0xc0101d28                sys_getchar
 .text          0xc0101d4c      0x338 timer.o
                0xc0101dcc                isr_timer
                0xc0101f30                calibrate_delay
                0xc010203c                sys_sleep
                0xc0102054                sys_nanosleep
 .text          0xc0102084     0x14c4 machdep.o
                0xc0102084                enable_irq
                0xc01020bc                disable_irq
                0xc01020f4                switch_to
                0xc0102120                sys_putchar
                0xc010224c                sys_beep
                0xc010228c                exception
                0xc01024f4                sys_getpriority
                0xc0102528                sys_setpriority
                0xc0102590                syscall
                0xc0102a4c                sys_time
                0xc0102a64                cstart
 .text          0xc0103548      0x584 task.o
                0xc0103548                schedule
                0xc010362c                sleep_on
                0xc0103694                wake_up
                0xc01036bc                get_task
                0xc01036e0                sys_task_create
                0xc0103958                sys_task_exit
                0xc01039a8                sys_task_wait
                0xc0103a54                sys_task_getid
                0xc0103a68                sys_task_yield
                0xc0103a7c                init_task
 .text          0xc0103acc      0x11c mktime.o
                0xc0103acc                mktime
 .text          0xc0103be8       0x20 sem.o
                0xc0103be8                sys_sem_create
                0xc0103bf0                sys_sem_destroy
                0xc0103bf8                sys_sem_wait
                0xc0103c00                sys_sem_signal
 .text          0xc0103c08      0x4dc page.o
                0xc0103c08                init_vmspace
                0xc0103c4c                page_alloc_in_addr
                0xc0103d64                page_alloc
                0xc0103e84                page_free
                0xc0103f18                page_prot
                0xc0103f5c                page_map
                0xc0103f98                page_unmap
                0xc0103fc8                do_page_fault
 .text          0xc01040e4      0x2f0 startup.o
                0xc01040e4                isr_default
                0xc01040e8                DFS_ReadSector
                0xc0104134                DFS_WriteSector
                0xc0104180                start_user_task
                0xc0104310                mi_startup
 .text          0xc01043d4      0x2b8 frame.o
                0xc01043d4                init_frame
                0xc01044ec                frame_alloc_in_addr
                0xc0104584                frame_alloc
                0xc0104620                frame_free
 .text          0xc010468c       0xf0 kmalloc.o
                0xc010468c                kmalloc
                0xc01046be                krealloc
                0xc01046f8                kfree
                0xc0104722                kmemalign
                0xc010475c                init_kmalloc
 .text          0xc010477c     0x2c78 dosfs.o
                0xc010477c                ldiv
                0xc01047cb                div
                0xc010481a                DFS_GetPtnStart
                0xc01049c4                DFS_GetVolInfo
                0xc0104cd4                DFS_GetFAT
                0xc0104f4d                DFS_SetFAT
                0xc01054dd                DFS_CanonicalToDir
                0xc01055a1                DFS_GetFreeFAT
                0xc010560d                DFS_OpenDir
                0xc01059ef                DFS_GetNext
                0xc0105c65                DFS_GetFreeDirEnt
                0xc0105ea6                DFS_OpenFile
                0xc0106501                DFS_ReadFile
                0xc01068fc                DFS_Seek
                0xc0106b0c                DFS_UnlinkFile
                0xc0106c86                DFS_WriteFile
 .text          0xc01073f4      0x360 pe.o
                0xc01073f4                load_aout
 .text          0xc0107754        0x0 elf.o
 .text          0xc0107754       0x58 printk.o
                0xc0107754                printk
 .text          0xc01077ac      0x440 bitmap.o
                0xc01077ec                bitmap_create_in_buf
                0xc010782b                bitmap_buf_size
                0xc0107841                bitmap_size
                0xc0107848                bitmap_set
                0xc0107880                bitmap_mark
                0xc01078bd                bitmap_reset
                0xc01078fc                bitmap_flip
                0xc0107939                bitmap_test
                0xc0107972                bitmap_set_all
                0xc01079a5                bitmap_set_multiple
                0xc01079e6                bitmap_count
                0xc0107a35                bitmap_contains
                0xc0107a80                bitmap_any
                0xc0107aab                bitmap_none
                0xc0107ade                bitmap_all
                0xc0107b11                bitmap_scan
                0xc0107b84                bitmap_scan_and_flip
 .text          0xc0107bec      0x360 ../lib/softfloat.o
                0xc0107bec                __udivmoddi4
                0xc0107d2e                __divdi3
                0xc0107de4                __moddi3
                0xc0107e9e                __udivdi3
                0xc0107ef1                __umoddi3
 .text          0xc0107f4c      0x3c4 ../lib/string.o
                0xc0107f4c                memcmp
                0xc0107f9f                memmove
                0xc0108032                memchr
                0xc0108078                strcat
                0xc01080bf                strcmp
                0xc010810e                strncmp
                0xc010816f                strchr
                0xc0108199                strrchr
                0xc01081d5                strstr
                0xc0108248                strcpy
                0xc010827b                strlen
                0xc01082a8                strncpy
 .text          0xc0108310      0xb24 ../lib/memcpy.o
                0xc0108310                memcpy
 .text          0xc0108e34       0x8c ../lib/memset.o
                0xc0108e34                memset
 .text          0xc0108ec0      0xc00 ../lib/snprintf.o
                0xc0109a41                vsnprintf
                0xc0109a7f                snprintf
 .text          0xc0109ac0     0x1514 ../lib/tlsf/tlsf.o
                0xc010a6b2                tlsf_check
                0xc010a899                tlsf_walk_pool
                0xc010a945                tlsf_block_size
                0xc010a97f                tlsf_check_pool
                0xc010a9b6                tlsf_size
                0xc010a9bc                tlsf_align_size
                0xc010a9c2                tlsf_block_size_min
                0xc010a9c8                tlsf_block_size_max
                0xc010a9ce                tlsf_pool_overhead
                0xc010a9d6                tlsf_alloc_overhead
                0xc010a9dc                tlsf_add_pool
                0xc010aade                tlsf_remove_pool
                0xc010ab60                tlsf_create
                0xc010ab89                tlsf_create_with_pool
                0xc010abd2                tlsf_destroy
                0xc010abd3                tlsf_get_pool
                0xc010abdf                tlsf_malloc
                0xc010ac3a                tlsf_memalign
                0xc010adb6                tlsf_free
                0xc010ae2c                tlsf_realloc
                0xc010afd4                . = ALIGN (0x4)

.rodata
 *(.rodata)

.rdata          0xc010afe0     0x1000
 *(.rdata)
 .rdata         0xc010afe0       0x3c ide.o
 .rdata         0xc010b01c      0x240 vm86.o
 *fill*         0xc010b25c        0x4 
 .rdata         0xc010b260      0x5a0 kbd.o
 .rdata         0xc010b800       0x44 timer.o
 .rdata         0xc010b844      0x1ac machdep.o
 .rdata         0xc010b9f0       0x30 task.o
 .rdata         0xc010ba20       0x54 page.o
 .rdata         0xc010ba74      0x144 startup.o
 .rdata         0xc010bbb8       0x24 frame.o
 .rdata         0xc010bbdc       0x8c pe.o
 .rdata         0xc010bc68       0xa0 ../lib/memcpy.o
 .rdata         0xc010bd08      0x1e0 ../lib/snprintf.o
 .rdata         0xc010bee8       0x18 ../lib/tlsf/tlsf.o

.eh_frame       0xc010c000     0x1c00
 .eh_frame      0xc010c000       0xe0 ide.o
 .eh_frame      0xc010c0e0      0x148 pci.o
 .eh_frame      0xc010c228       0x70 vm86.o
 .eh_frame      0xc010c298       0x4c kbd.o
 .eh_frame      0xc010c2e4      0x11c timer.o
 .eh_frame      0xc010c400      0x278 machdep.o
 .eh_frame      0xc010c678      0x1b8 task.o
 .eh_frame      0xc010c830       0x34 mktime.o
 .eh_frame      0xc010c864       0x68 sem.o
 .eh_frame      0xc010c8cc      0x1bc page.o
 .eh_frame      0xc010ca88       0xe0 startup.o
 .eh_frame      0xc010cb68      0x120 frame.o
 .eh_frame      0xc010cc88       0xb0 kmalloc.o
 .eh_frame      0xc010cd38      0x1e0 dosfs.o
 .eh_frame      0xc010cf18       0x70 pe.o
 .eh_frame      0xc010cf88       0x4c printk.o
 .eh_frame      0xc010cfd4      0x210 bitmap.o
 .eh_frame      0xc010d1e4       0xb4 ../lib/softfloat.o
 .eh_frame      0xc010d298      0x130 ../lib/string.o
 .eh_frame      0xc010d3c8       0x34 ../lib/memcpy.o
 .eh_frame      0xc010d3fc       0x50 ../lib/memset.o
 .eh_frame      0xc010d44c       0xd0 ../lib/snprintf.o
 .eh_frame      0xc010d51c      0x678 ../lib/tlsf/tlsf.o

.data           0xc010dba0     0x2200
 *(.data)
 .data          0xc010dba0     0x2000 entry.o
                0xc010fba0                tmp_stack
 .data          0xc010fba0        0x0 ide.o
 .data          0xc010fba0        0x0 floppy.o
 .data          0xc010fba0        0x0 pci.o
 .data          0xc010fba0        0x0 vm86.o
 .data          0xc010fba0        0x0 kbd.o
 .data          0xc010fba0        0x0 timer.o
 .data          0xc010fba0       0x40 machdep.o
 .data          0xc010fbe0        0x0 task.o
 .data          0xc010fbe0       0x40 mktime.o
 .data          0xc010fc20        0x0 sem.o
 .data          0xc010fc20        0x0 page.o
 .data          0xc010fc20        0x8 startup.o
                0xc010fc20                PTD
                0xc010fc24                PT
 .data          0xc010fc28        0x0 frame.o
 .data          0xc010fc28        0x0 kmalloc.o
 .data          0xc010fc28        0x0 dosfs.o
 .data          0xc010fc28        0x0 pe.o
 .data          0xc010fc28        0x0 elf.o
 .data          0xc010fc28        0x0 printk.o
 .data          0xc010fc28        0x0 bitmap.o
 .data          0xc010fc28        0x0 ../lib/softfloat.o
 .data          0xc010fc28        0x0 ../lib/string.o
 .data          0xc010fc28        0x0 ../lib/memcpy.o
 .data          0xc010fc28        0x0 ../lib/memset.o
 .data          0xc010fc28        0x0 ../lib/snprintf.o
 .data          0xc010fc28        0x0 ../lib/tlsf/tlsf.o

.drectve        0xc0110000      0x200
 .drectve       0xc0110000       0x20 machdep.o
 .drectve       0xc0110020       0x8c task.o
 .drectve       0xc01100ac       0x54 startup.o
                0xc0110100                . = ALIGN (0x4)
                0xc0110100                _edata = .

.bss            0xc0110100     0x16b4
 *(.bss)
 .bss           0xc0110100        0x0 entry.o
 .bss           0xc0110100        0x0 ide.o
 .bss           0xc0110100        0x0 floppy.o
 .bss           0xc0110100     0x1060 pci.o
 .bss           0xc0111160        0x0 vm86.o
 .bss           0xc0111160       0x40 kbd.o
 .bss           0xc01111a0        0xc timer.o
                0xc01111a0                g_load_avg
                0xc01111a4                g_timer_ticks
 *fill*         0xc01111ac       0x14 
 .bss           0xc01111c0      0x4a0 machdep.o
 .bss           0xc0111660        0x4 task.o
 .bss           0xc0111664        0x0 mktime.o
 .bss           0xc0111664        0x0 sem.o
 .bss           0xc0111664       0x18 page.o
 .bss           0xc011167c        0x0 startup.o
 *fill*         0xc011167c        0x4 
 .bss           0xc0111680       0x60 frame.o
 .bss           0xc01116e0        0x4 kmalloc.o
 .bss           0xc01116e4        0x0 dosfs.o
 .bss           0xc01116e4        0x0 pe.o
 .bss           0xc01116e4        0x0 elf.o
 .bss           0xc01116e4        0x0 printk.o
 .bss           0xc01116e4        0x0 bitmap.o
 .bss           0xc01116e4        0x0 ../lib/softfloat.o
 .bss           0xc01116e4        0x0 ../lib/string.o
 .bss           0xc01116e4        0x0 ../lib/memcpy.o
 .bss           0xc01116e4        0x0 ../lib/memset.o
 .bss           0xc01116e4        0x0 ../lib/snprintf.o
 .bss           0xc01116e4        0x0 ../lib/tlsf/tlsf.o
 *(COMMON)
 COMMON         0xc01116e4        0x4 machdep.o
                0xc01116e4                g_startup_time
 COMMON         0xc01116e8       0x14 task.o
                0xc01116e8                g_task_own_fpu
                0xc01116ec                task0
                0xc01116f0                g_task_running
                0xc01116f4                g_resched
                0xc01116f8                g_task_head
 *fill*         0xc01116fc        0x4 
 COMMON         0xc0111700       0xb4 startup.o
                0xc0111700                g_intr_vector
                0xc0111740                g_ram_zone
                0xc0111780                g_volinfo
                0xc01117b4                . = ALIGN (0x4)
                0xc01117b4                _end = .
OUTPUT(eposkrnl.out pei-i386)

.debug_info     0x00000000     0xf600
 .debug_info    0x00000000      0xe84 ide.o
 .debug_info    0x00000e84      0x730 pci.o
 .debug_info    0x000015b4      0xada vm86.o
 .debug_info    0x0000208e      0x729 kbd.o
 .debug_info    0x000027b7      0x976 timer.o
 .debug_info    0x0000312d     0x3564 machdep.o
 .debug_info    0x00006691      0xa06 task.o
 .debug_info    0x00007097      0x1ed mktime.o
 .debug_info    0x00007284      0x1e1 sem.o
 .debug_info    0x00007465      0x8c4 page.o
 .debug_info    0x00007d29      0xe58 startup.o
 .debug_info    0x00008b81      0x602 frame.o
 .debug_info    0x00009183      0x2c1 kmalloc.o
 .debug_info    0x00009444     0x172a dosfs.o
 .debug_info    0x0000ab6e     0x1146 pe.o
 .debug_info    0x0000bcb4      0x24a printk.o
 .debug_info    0x0000befe      0x849 bitmap.o
 .debug_info    0x0000c747      0x2d0 ../lib/softfloat.o
 .debug_info    0x0000ca17      0x4cb ../lib/string.o
 .debug_info    0x0000cee2      0x2f1 ../lib/memcpy.o
 .debug_info    0x0000d1d3      0x1a5 ../lib/memset.o
 .debug_info    0x0000d378      0x5ba ../lib/snprintf.o
 .debug_info    0x0000d932     0x1b47 ../lib/tlsf/tlsf.o

.debug_abbrev   0x00000000     0x2600
 .debug_abbrev  0x00000000      0x1ae ide.o
 .debug_abbrev  0x000001ae      0x142 pci.o
 .debug_abbrev  0x000002f0      0x1e7 vm86.o
 .debug_abbrev  0x000004d7      0x190 kbd.o
 .debug_abbrev  0x00000667      0x21a timer.o
 .debug_abbrev  0x00000881      0x481 machdep.o
 .debug_abbrev  0x00000d02      0x366 task.o
 .debug_abbrev  0x00001068       0x9f mktime.o
 .debug_abbrev  0x00001107       0x64 sem.o
 .debug_abbrev  0x0000116b      0x227 page.o
 .debug_abbrev  0x00001392      0x217 startup.o
 .debug_abbrev  0x000015a9      0x17a frame.o
 .debug_abbrev  0x00001723       0xa5 kmalloc.o
 .debug_abbrev  0x000017c8      0x1f4 dosfs.o
 .debug_abbrev  0x000019bc      0x1e2 pe.o
 .debug_abbrev  0x00001b9e       0xfa printk.o
 .debug_abbrev  0x00001c98      0x1a9 bitmap.o
 .debug_abbrev  0x00001e41       0xa5 ../lib/softfloat.o
 .debug_abbrev  0x00001ee6       0xd4 ../lib/string.o
 .debug_abbrev  0x00001fba       0x9e ../lib/memcpy.o
 .debug_abbrev  0x00002058       0x76 ../lib/memset.o
 .debug_abbrev  0x000020ce      0x173 ../lib/snprintf.o
 .debug_abbrev  0x00002241      0x2e1 ../lib/tlsf/tlsf.o

.debug_loc      0x00000000     0x6e00
 .debug_loc     0x00000000      0xcfc ide.o
 .debug_loc     0x00000cfc      0x245 pci.o
 .debug_loc     0x00000f41     0x101b vm86.o
 .debug_loc     0x00001f5c      0x135 kbd.o
 .debug_loc     0x00002091      0x59a timer.o
 .debug_loc     0x0000262b     0x15af machdep.o
 .debug_loc     0x00003bda      0x769 task.o
 .debug_loc     0x00004343       0x2c mktime.o
 .debug_loc     0x0000436f      0x9a2 page.o
 .debug_loc     0x00004d11      0x29b startup.o
 .debug_loc     0x00004fac      0x43a frame.o
 .debug_loc     0x000053e6      0x13c kmalloc.o
 .debug_loc     0x00005522      0x310 dosfs.o
 .debug_loc     0x00005832      0x367 pe.o
 .debug_loc     0x00005b99       0xdf printk.o
 .debug_loc     0x00005c78      0x330 bitmap.o
 .debug_loc     0x00005fa8      0x127 ../lib/softfloat.o
 .debug_loc     0x000060cf      0x1b8 ../lib/string.o
 .debug_loc     0x00006287       0x2d ../lib/memcpy.o
 .debug_loc     0x000062b4       0x74 ../lib/memset.o
 .debug_loc     0x00006328      0x122 ../lib/snprintf.o
 .debug_loc     0x0000644a      0x8d3 ../lib/tlsf/tlsf.o

.debug_aranges  0x00000000      0x400
 .debug_aranges
                0x00000000       0x20 ide.o
 .debug_aranges
                0x00000020       0x20 pci.o
 .debug_aranges
                0x00000040       0x20 vm86.o
 .debug_aranges
                0x00000060       0x20 kbd.o
 .debug_aranges
                0x00000080       0x20 timer.o
 .debug_aranges
                0x000000a0       0x20 machdep.o
 .debug_aranges
                0x000000c0       0x20 task.o
 .debug_aranges
                0x000000e0       0x20 mktime.o
 .debug_aranges
                0x00000100       0x20 sem.o
 .debug_aranges
                0x00000120       0x20 page.o
 .debug_aranges
                0x00000140       0x20 startup.o
 .debug_aranges
                0x00000160       0x20 frame.o
 .debug_aranges
                0x00000180       0x20 kmalloc.o
 .debug_aranges
                0x000001a0       0x20 dosfs.o
 .debug_aranges
                0x000001c0       0x20 pe.o
 .debug_aranges
                0x000001e0       0x20 printk.o
 .debug_aranges
                0x00000200       0x20 bitmap.o
 .debug_aranges
                0x00000220       0x20 ../lib/softfloat.o
 .debug_aranges
                0x00000240       0x20 ../lib/string.o
 .debug_aranges
                0x00000260       0x20 ../lib/memcpy.o
 .debug_aranges
                0x00000280       0x20 ../lib/memset.o
 .debug_aranges
                0x000002a0       0x20 ../lib/snprintf.o
 .debug_aranges
                0x000002c0       0x20 ../lib/tlsf/tlsf.o

.debug_line     0x00000000     0x2c00
 .debug_line    0x00000000      0x1e0 ide.o
 .debug_line    0x000001e0        0x0 floppy.o
 .debug_line    0x000001e0      0x10e pci.o
 .debug_line    0x000002ee      0x44f vm86.o
 .debug_line    0x0000073d       0xfb kbd.o
 .debug_line    0x00000838      0x13c timer.o
 .debug_line    0x00000974      0x659 machdep.o
 .debug_line    0x00000fcd      0x1f3 task.o
 .debug_line    0x000011c0       0x81 mktime.o
 .debug_line    0x00001241       0x3a sem.o
 .debug_line    0x0000127b      0x1f9 page.o
 .debug_line    0x00001474      0x134 startup.o
 .debug_line    0x000015a8       0xeb frame.o
 .debug_line    0x00001693       0x9e kmalloc.o
 .debug_line    0x00001731      0x572 dosfs.o
 .debug_line    0x00001ca3      0x109 pe.o
 .debug_line    0x00001dac        0x0 elf.o
 .debug_line    0x00001dac       0x88 printk.o
 .debug_line    0x00001e34      0x102 bitmap.o
 .debug_line    0x00001f36       0xb3 ../lib/softfloat.o
 .debug_line    0x00001fe9      0x149 ../lib/string.o
 .debug_line    0x00002132      0x205 ../lib/memcpy.o
 .debug_line    0x00002337       0xac ../lib/memset.o
 .debug_line    0x000023e3      0x261 ../lib/snprintf.o
 .debug_line    0x00002644      0x3c6 ../lib/tlsf/tlsf.o

.debug_str      0x00000000      0x400
 .debug_str     0x00000000        0xf pci.o
 .debug_str     0x0000000f        0xc vm86.o
 .debug_str     0x0000001b       0x25 machdep.o
 .debug_str     0x00000040       0x10 task.o
 .debug_str     0x00000050        0xd page.o
 .debug_str     0x0000005d        0x8 frame.o
 .debug_str     0x00000065        0xc kmalloc.o
 .debug_str     0x00000071       0xb5 dosfs.o
 .debug_str     0x00000126       0x28 pe.o
 .debug_str     0x0000014e       0x1c bitmap.o
 .debug_str     0x0000016a       0x17 ../lib/memcpy.o
 .debug_str     0x00000181       0x16 ../lib/snprintf.o
 .debug_str     0x00000197       0x6e ../lib/tlsf/tlsf.o

.debug_ranges   0x00000000      0x600
 .debug_ranges  0x00000000      0x280 vm86.o
 .debug_ranges  0x00000280       0x40 kbd.o
 .debug_ranges  0x000002c0       0x18 timer.o
 .debug_ranges  0x000002d8      0x130 machdep.o
 .debug_ranges  0x00000408       0xb0 task.o
 .debug_ranges  0x000004b8       0x38 page.o
 .debug_ranges  0x000004f0       0x18 startup.o
 .debug_ranges  0x00000508       0x18 frame.o
 .debug_ranges  0x00000520       0x20 pe.o
