
Allocating common symbols
Common symbol       size              file

g_task_own_fpu      0x4               task.o
g_startup_time      0x4               machdep.o
task0               0x4               task.o
g_task_running      0x4               task.o
g_resched           0x4               task.o
g_intr_vector       0x40              startup.o
g_ram_zone          0x40              startup.o
g_volinfo           0x34              startup.o
g_task_head         0x4               task.o

Memory Configuration

Name             Origin             Length             Attributes
*default*        0x00000000         0xffffffff

Linker script and memory map

                0x00400000                __image_base__ = 0x400000
                0x00000000                __dll__ = 0x0
                0x00400000                ___ImageBase = 0x400000
                0x00001000                __section_alignment__ = 0x1000
                0x00000200                __file_alignment__ = 0x200
                0x00000004                __major_os_version__ = 0x4
                0x00000000                __minor_os_version__ = 0x0
                0x00000001                __major_image_version__ = 0x1
                0x00000000                __minor_image_version__ = 0x0
                0x00000004                __major_subsystem_version__ = 0x4
                0x00000000                __minor_subsystem_version__ = 0x0
                0x00000003                __subsystem__ = 0x3
                0x00200000                __size_of_stack_reserve__ = 0x200000
                0x00001000                __size_of_stack_commit__ = 0x1000
                0x00100000                __size_of_heap_reserve__ = 0x100000
                0x00001000                __size_of_heap_commit__ = 0x1000
                0x00000000                __loader_flags__ = 0x0
                0x00000000                __dll_characteristics__ = 0x0
LOAD entry.o
LOAD ide.o
LOAD floppy.o
LOAD pci.o
LOAD vm86.o
LOAD kbd.o
LOAD timer.o
LOAD machdep.o
LOAD task.o
LOAD mktime.o
LOAD sem.o
LOAD page.o
LOAD startup.o
LOAD frame.o
LOAD kmalloc.o
LOAD dosfs.o
LOAD pe.o
LOAD elf.o
LOAD printk.o
LOAD bitmap.o
LOAD ../lib/softfloat.o
LOAD ../lib/string.o
LOAD ../lib/memcpy.o
LOAD ../lib/memset.o
LOAD ../lib/snprintf.o
LOAD ../lib/tlsf/tlsf.o
                0xc0100000                . = 0xc0100000

.text           0xc0100000     0x8e00
 *(.text)
 .text          0xc0100000      0x95c entry.o
                0xc0100000                entry
                0xc0100036                exception_divide_error
                0xc010003c                exception_debug
                0xc0100042                exception_nmi
                0xc0100048                exception_breakpoint
                0xc010004e                exception_overflow
                0xc0100054                exception_bounds_check
                0xc010005a                exception_inval_opcode
                0xc0100060                exception_copr_not_avail
                0xc0100066                exception_double_fault
                0xc010006a                exception_copr_seg_overrun
                0xc0100070                exception_inval_tss
                0xc0100074                exception_segment_not_present
                0xc0100078                exception_stack_fault
                0xc010007c                exception_general_protection
                0xc0100080                exception_page_fault
                0xc0100084                exception_intel_reserved
                0xc010008a                exception_copr_error
                0xc0100090                exception_alignment_check
                0xc0100094                exception_machine_check
                0xc010009a                exception_simd_fp
                0xc0100117                int0x82_syscall
                0xc0100173                ret_from_syscall
                0xc01001ad                hwint00
                0xc0100222                hwint01
                0xc0100297                hwint02
                0xc010030c                hwint03
                0xc0100381                hwint04
                0xc01003f6                hwint05
                0xc010046b                hwint06
                0xc01004e0                hwint07
                0xc0100555                hwint08
                0xc01005cc                hwint09
                0xc0100643                hwint10
                0xc01006ba                hwint11
                0xc0100731                hwint12
                0xc01007a8                hwint13
                0xc010081f                hwint14
                0xc0100896                hwint15
                0xc010090d                lgdt
                0xc0100933                lidt
                0xc010093b                sys_vm86
 .text          0xc010095c      0x20c ide.o
                0xc0100994                ide_init
                0xc01009e8                ide_read_sector
                0xc0100ac0                ide_write_sector
 .text          0xc0100b68        0x0 floppy.o
 *fill*         0xc0100b68        0x8 
 .text          0xc0100b70      0x310 pci.o
                0xc0100b70                pci_get_bar_addr
                0xc0100bd0                pci_get_bar_size
                0xc0100c80                pci_get_intr_line
                0xc0100ce0                pci_init
 .text          0xc0100e80      0xa5c vm86.o
                0xc0100e80                vm86_init
                0xc0100f3c                vm86_emulate
 .text          0xc01018dc      0x2b8 kbd.o
                0xc01018dc                isr_keyboard
                0xc0101b70                sys_getchar
 .text          0xc0101b94      0x338 timer.o
                0xc0101c14                isr_timer
                0xc0101d78                calibrate_delay
                0xc0101e84                sys_sleep
                0xc0101e9c                sys_nanosleep
 .text          0xc0101ecc     0x13d4 machdep.o
                0xc0101ecc                enable_irq
                0xc0101f04                disable_irq
                0xc0101f3c                switch_to
                0xc0101f68                sys_putchar
                0xc0102094                sys_beep
                0xc01020d4                exception
                0xc010233c                syscall
                0xc01027a4                sys_time
                0xc01027bc                cstart
 .text          0xc01032a0      0x624 task.o
                0xc01032a0                schedule
                0xc01033a0                sleep_on
                0xc0103408                wake_up
                0xc0103430                sys_task_create
                0xc01036a8                sys_task_exit
                0xc01036f8                sys_task_wait
                0xc01037a4                sys_task_getid
                0xc01037b8                sys_task_yield
                0xc01037cc                init_task
                0xc010381c                sys_getpriority
                0xc0103858                sys_setpriority
 *fill*         0xc01038c4        0xc 
 .text          0xc01038d0       0x70 mktime.o
                0xc01038d0                mktime
 .text          0xc0103940       0x20 sem.o
                0xc0103940                sys_sem_create
                0xc0103948                sys_sem_destroy
                0xc0103950                sys_sem_wait
                0xc0103958                sys_sem_signal
 .text          0xc0103960      0x4dc page.o
                0xc0103960                init_vmspace
                0xc01039a4                page_alloc_in_addr
                0xc0103abc                page_alloc
                0xc0103bdc                page_free
                0xc0103c70                page_prot
                0xc0103cb4                page_map
                0xc0103cf0                page_unmap
                0xc0103d20                do_page_fault
 .text          0xc0103e3c      0x2f0 startup.o
                0xc0103e3c                isr_default
                0xc0103e40                DFS_ReadSector
                0xc0103e8c                DFS_WriteSector
                0xc0103ed8                start_user_task
                0xc0104068                mi_startup
 .text          0xc010412c      0x2b8 frame.o
                0xc010412c                init_frame
                0xc0104244                frame_alloc_in_addr
                0xc01042dc                frame_alloc
                0xc0104378                frame_free
 *fill*         0xc01043e4        0xc 
 .text          0xc01043f0       0xc0 kmalloc.o
                0xc01043f0                kmalloc
                0xc0104410                krealloc
                0xc0104440                kfree
                0xc0104460                kmemalign
                0xc0104490                init_kmalloc
 .text          0xc01044b0     0x1b10 dosfs.o
                0xc01044b0                ldiv
                0xc01044c0                div
                0xc01044d0                DFS_GetPtnStart
                0xc0104560                DFS_GetVolInfo
                0xc0104690                DFS_GetFAT
                0xc0104870                DFS_SetFAT
                0xc0104ba0                DFS_CanonicalToDir
                0xc0104c30                DFS_GetFreeFAT
                0xc0104ca0                DFS_GetNext
                0xc0104e10                DFS_OpenDir
                0xc01050b0                DFS_GetFreeDirEnt
                0xc0105250                DFS_OpenFile
                0xc0105710                DFS_ReadFile
                0xc0105940                DFS_Seek
                0xc0105a60                DFS_UnlinkFile
                0xc0105b60                DFS_WriteFile
 .text          0xc0105fc0      0x360 pe.o
                0xc0105fc0                load_aout
 .text          0xc0106320        0x0 elf.o
 .text          0xc0106320       0x58 printk.o
                0xc0106320                printk
 *fill*         0xc0106378        0x8 
 .text          0xc0106380      0x640 bitmap.o
                0xc0106380                bitmap_create_in_buf
                0xc01063d0                bitmap_buf_size
                0xc01063f0                bitmap_size
                0xc0106400                bitmap_set
                0xc0106430                bitmap_mark
                0xc0106450                bitmap_reset
                0xc0106470                bitmap_flip
                0xc0106490                bitmap_test
                0xc01064c0                bitmap_set_all
                0xc0106510                bitmap_set_multiple
                0xc0106570                bitmap_count
                0xc01065d0                bitmap_contains
                0xc0106650                bitmap_any
                0xc01066c0                bitmap_none
                0xc0106730                bitmap_all
                0xc01067a0                bitmap_scan
                0xc0106870                bitmap_scan_and_flip
 .text          0xc01069c0      0x550 ../lib/softfloat.o
                0xc01069c0                __udivmoddi4
                0xc0106ad0                __divdi3
                0xc0106c60                __moddi3
                0xc0106db0                __udivdi3
                0xc0106e80                __umoddi3
 .text          0xc0106f10      0x380 ../lib/string.o
                0xc0106f10                memcmp
                0xc0106f50                memmove
                0xc0106fb0                memchr
                0xc0106fe0                strcat
                0xc0107020                strcmp
                0xc0107060                strncmp
                0xc01070b0                strchr
                0xc01070e0                strrchr
                0xc0107110                strstr
                0xc01071b0                strcpy
                0xc01071f0                strlen
                0xc0107220                strncpy
 .text          0xc0107290      0x560 ../lib/memcpy.o
                0xc0107290                memcpy
 .text          0xc01077f0       0xf0 ../lib/memset.o
                0xc01077f0                memset
 .text          0xc01078e0      0x8f0 ../lib/snprintf.o
                0xc0108160                vsnprintf
                0xc0108190                snprintf
 .text          0xc01081d0      0xc10 ../lib/tlsf/tlsf.o
                0xc0108610                tlsf_check
                0xc0108770                tlsf_walk_pool
                0xc01087e0                tlsf_block_size
                0xc0108800                tlsf_check_pool
                0xc0108830                tlsf_size
                0xc0108840                tlsf_align_size
                0xc0108850                tlsf_block_size_min
                0xc0108860                tlsf_block_size_max
                0xc0108870                tlsf_pool_overhead
                0xc0108880                tlsf_alloc_overhead
                0xc0108890                tlsf_add_pool
                0xc0108900                tlsf_remove_pool
                0xc0108980                tlsf_create
                0xc01089f0                tlsf_create_with_pool
                0xc0108a90                tlsf_destroy
                0xc0108aa0                tlsf_get_pool
                0xc0108ab0                tlsf_malloc
                0xc0108b20                tlsf_memalign
                0xc0108c60                tlsf_free
                0xc0108c80                tlsf_realloc
                0xc0108de0                . = ALIGN (0x4)

.rodata
 *(.rodata)

.rdata          0xc0108de0     0x1400
 *(.rdata)
 .rdata         0xc0108de0       0x3c ide.o
 .rdata         0xc0108e1c      0x240 vm86.o
 *fill*         0xc010905c        0x4 
 .rdata         0xc0109060      0x5a0 kbd.o
 .rdata         0xc0109600       0x44 timer.o
 .rdata         0xc0109644      0x1ac machdep.o
 .rdata         0xc01097f0       0x30 task.o
 .rdata         0xc0109820       0x40 mktime.o
 .rdata         0xc0109860       0x54 page.o
 .rdata         0xc01098b4      0x144 startup.o
 .rdata         0xc01099f8       0x24 frame.o
 .rdata         0xc0109a1c       0x10 dosfs.o
 .rdata         0xc0109a2c       0x8c pe.o
 .rdata         0xc0109ab8       0x20 ../lib/memcpy.o
 .rdata         0xc0109ad8      0x1dc ../lib/snprintf.o
 .rdata$zzz     0xc0109cb4       0x44 floppy.o
 .rdata$zzz     0xc0109cf8       0x44 pci.o
 .rdata$zzz     0xc0109d3c       0x44 mktime.o
 .rdata$zzz     0xc0109d80       0x44 kmalloc.o
 .rdata$zzz     0xc0109dc4       0x44 dosfs.o
 .rdata$zzz     0xc0109e08       0x44 elf.o
 .rdata$zzz     0xc0109e4c       0x44 bitmap.o
 .rdata$zzz     0xc0109e90       0x44 ../lib/softfloat.o
 .rdata$zzz     0xc0109ed4       0x44 ../lib/string.o
 .rdata$zzz     0xc0109f18       0x44 ../lib/memcpy.o
 .rdata$zzz     0xc0109f5c       0x44 ../lib/memset.o
 .rdata$zzz     0xc0109fa0       0x44 ../lib/snprintf.o
 .rdata$zzz     0xc0109fe4       0x44 ../lib/tlsf/tlsf.o

.eh_frame       0xc010b000      0xc00
 .eh_frame      0xc010b000       0xe0 ide.o
 .eh_frame      0xc010b0e0       0x70 vm86.o
 .eh_frame      0xc010b150       0x4c kbd.o
 .eh_frame      0xc010b19c      0x11c timer.o
 .eh_frame      0xc010b2b8      0x210 machdep.o
 .eh_frame      0xc010b4c8      0x1e4 task.o
 .eh_frame      0xc010b6ac       0x68 sem.o
 .eh_frame      0xc010b714      0x1bc page.o
 .eh_frame      0xc010b8d0       0xe0 startup.o
 .eh_frame      0xc010b9b0      0x120 frame.o
 .eh_frame      0xc010bad0       0x70 pe.o
 .eh_frame      0xc010bb40       0x4c printk.o

.data           0xc010bba0     0x2200
 *(.data)
 .data          0xc010bba0     0x2000 entry.o
                0xc010dba0                tmp_stack
 .data          0xc010dba0        0x0 ide.o
 .data          0xc010dba0        0x0 floppy.o
 .data          0xc010dba0        0x0 pci.o
 .data          0xc010dba0        0x0 vm86.o
 .data          0xc010dba0        0x0 kbd.o
 .data          0xc010dba0        0x0 timer.o
 .data          0xc010dba0       0x40 machdep.o
 .data          0xc010dbe0        0x0 task.o
 .data          0xc010dbe0        0x0 mktime.o
 .data          0xc010dbe0        0x0 sem.o
 .data          0xc010dbe0        0x0 page.o
 .data          0xc010dbe0        0x8 startup.o
                0xc010dbe0                PTD
                0xc010dbe4                PT
 .data          0xc010dbe8        0x0 frame.o
 .data          0xc010dbe8        0x0 kmalloc.o
 .data          0xc010dbe8        0x0 dosfs.o
 .data          0xc010dbe8        0x0 pe.o
 .data          0xc010dbe8        0x0 elf.o
 .data          0xc010dbe8        0x0 printk.o
 .data          0xc010dbe8        0x0 bitmap.o
 .data          0xc010dbe8        0x0 ../lib/softfloat.o
 .data          0xc010dbe8        0x0 ../lib/string.o
 .data          0xc010dbe8        0x0 ../lib/memcpy.o
 .data          0xc010dbe8        0x0 ../lib/memset.o
 .data          0xc010dbe8        0x0 ../lib/snprintf.o
 .data          0xc010dbe8        0x0 ../lib/tlsf/tlsf.o

.drectve        0xc010e000      0x200
 .drectve       0xc010e000       0x20 machdep.o
 .drectve       0xc010e020       0x8c task.o
 .drectve       0xc010e0ac       0x54 startup.o
                0xc010e100                . = ALIGN (0x4)
                0xc010e100                _edata = .

.bss            0xc010e100     0x16b4
 *(.bss)
 .bss           0xc010e100        0x0 entry.o
 .bss           0xc010e100        0x0 ide.o
 .bss           0xc010e100        0x0 floppy.o
 .bss           0xc010e100     0x1060 pci.o
 .bss           0xc010f160        0x0 vm86.o
 .bss           0xc010f160       0x40 kbd.o
 .bss           0xc010f1a0        0xc timer.o
                0xc010f1a0                g_load_avg
                0xc010f1a4                g_timer_ticks
 *fill*         0xc010f1ac       0x14 
 .bss           0xc010f1c0      0x4a0 machdep.o
 .bss           0xc010f660        0x4 task.o
 .bss           0xc010f664        0x0 mktime.o
 .bss           0xc010f664        0x0 sem.o
 .bss           0xc010f664       0x18 page.o
 .bss           0xc010f67c        0x0 startup.o
 *fill*         0xc010f67c        0x4 
 .bss           0xc010f680       0x60 frame.o
 .bss           0xc010f6e0        0x4 kmalloc.o
 .bss           0xc010f6e4        0x0 dosfs.o
 .bss           0xc010f6e4        0x0 pe.o
 .bss           0xc010f6e4        0x0 elf.o
 .bss           0xc010f6e4        0x0 printk.o
 .bss           0xc010f6e4        0x0 bitmap.o
 .bss           0xc010f6e4        0x0 ../lib/softfloat.o
 .bss           0xc010f6e4        0x0 ../lib/string.o
 .bss           0xc010f6e4        0x0 ../lib/memcpy.o
 .bss           0xc010f6e4        0x0 ../lib/memset.o
 .bss           0xc010f6e4        0x0 ../lib/snprintf.o
 .bss           0xc010f6e4        0x0 ../lib/tlsf/tlsf.o
 *(COMMON)
 COMMON         0xc010f6e4        0x4 machdep.o
                0xc010f6e4                g_startup_time
 COMMON         0xc010f6e8       0x14 task.o
                0xc010f6e8                g_task_own_fpu
                0xc010f6ec                task0
                0xc010f6f0                g_task_running
                0xc010f6f4                g_resched
                0xc010f6f8                g_task_head
 *fill*         0xc010f6fc        0x4 
 COMMON         0xc010f700       0xb4 startup.o
                0xc010f700                g_intr_vector
                0xc010f740                g_ram_zone
                0xc010f780                g_volinfo
                0xc010f7b4                . = ALIGN (0x4)
                0xc010f7b4                _end = .
OUTPUT(eposkrnl.out pei-i386)

.debug_info     0x00000000    0x14200
 .debug_info    0x00000000      0xe84 ide.o
 .debug_info    0x00000e84      0xc16 pci.o
 .debug_info    0x00001a9a      0xada vm86.o
 .debug_info    0x00002574      0x729 kbd.o
 .debug_info    0x00002c9d      0x976 timer.o
 .debug_info    0x00003613     0x341b machdep.o
 .debug_info    0x00006a2e      0xafe task.o
 .debug_info    0x0000752c      0x235 mktime.o
 .debug_info    0x00007761      0x1e1 sem.o
 .debug_info    0x00007942      0x8c4 page.o
 .debug_info    0x00008206      0xe58 startup.o
 .debug_info    0x0000905e      0x602 frame.o
 .debug_info    0x00009660      0x411 kmalloc.o
 .debug_info    0x00009a71     0x211c dosfs.o
 .debug_info    0x0000bb8d     0x1146 pe.o
 .debug_info    0x0000ccd3      0x24a printk.o
 .debug_info    0x0000cf1d     0x16bf bitmap.o
 .debug_info    0x0000e5dc      0x618 ../lib/softfloat.o
 .debug_info    0x0000ebf4      0x6d9 ../lib/string.o
 .debug_info    0x0000f2cd      0x39a ../lib/memcpy.o
 .debug_info    0x0000f667      0x225 ../lib/memset.o
 .debug_info    0x0000f88c      0xb50 ../lib/snprintf.o
 .debug_info    0x000103dc     0x3c85 ../lib/tlsf/tlsf.o

.debug_abbrev   0x00000000     0x3000
 .debug_abbrev  0x00000000      0x1ae ide.o
 .debug_abbrev  0x000001ae      0x22d pci.o
 .debug_abbrev  0x000003db      0x1e7 vm86.o
 .debug_abbrev  0x000005c2      0x190 kbd.o
 .debug_abbrev  0x00000752      0x21a timer.o
 .debug_abbrev  0x0000096c      0x481 machdep.o
 .debug_abbrev  0x00000ded      0x37a task.o
 .debug_abbrev  0x00001167       0xc1 mktime.o
 .debug_abbrev  0x00001228       0x64 sem.o
 .debug_abbrev  0x0000128c      0x227 page.o
 .debug_abbrev  0x000014b3      0x217 startup.o
 .debug_abbrev  0x000016ca      0x17a frame.o
 .debug_abbrev  0x00001844      0x129 kmalloc.o
 .debug_abbrev  0x0000196d      0x3cf dosfs.o
 .debug_abbrev  0x00001d3c      0x1e2 pe.o
 .debug_abbrev  0x00001f1e       0xfa printk.o
 .debug_abbrev  0x00002018      0x332 bitmap.o
 .debug_abbrev  0x0000234a      0x164 ../lib/softfloat.o
 .debug_abbrev  0x000024ae      0x182 ../lib/string.o
 .debug_abbrev  0x00002630       0xb3 ../lib/memcpy.o
 .debug_abbrev  0x000026e3       0x85 ../lib/memset.o
 .debug_abbrev  0x00002768      0x2f1 ../lib/snprintf.o
 .debug_abbrev  0x00002a59      0x51f ../lib/tlsf/tlsf.o

.debug_loc      0x00000000     0x5600
 .debug_loc     0x00000000      0xcfc ide.o
 .debug_loc     0x00000cfc     0x101b vm86.o
 .debug_loc     0x00001d17      0x135 kbd.o
 .debug_loc     0x00001e4c      0x59a timer.o
 .debug_loc     0x000023e6     0x138f machdep.o
 .debug_loc     0x00003775      0x90b task.o
 .debug_loc     0x00004080      0x9a2 page.o
 .debug_loc     0x00004a22      0x29b startup.o
 .debug_loc     0x00004cbd      0x43a frame.o
 .debug_loc     0x000050f7      0x367 pe.o
 .debug_loc     0x0000545e       0xdf printk.o

.debug_aranges  0x00000000      0x400
 .debug_aranges
                0x00000000       0x20 ide.o
 .debug_aranges
                0x00000020       0x20 pci.o
 .debug_aranges
                0x00000040       0x20 vm86.o
 .debug_aranges
                0x00000060       0x20 kbd.o
 .debug_aranges
                0x00000080       0x20 timer.o
 .debug_aranges
                0x000000a0       0x20 machdep.o
 .debug_aranges
                0x000000c0       0x20 task.o
 .debug_aranges
                0x000000e0       0x20 mktime.o
 .debug_aranges
                0x00000100       0x20 sem.o
 .debug_aranges
                0x00000120       0x20 page.o
 .debug_aranges
                0x00000140       0x20 startup.o
 .debug_aranges
                0x00000160       0x20 frame.o
 .debug_aranges
                0x00000180       0x20 kmalloc.o
 .debug_aranges
                0x000001a0       0x20 dosfs.o
 .debug_aranges
                0x000001c0       0x20 pe.o
 .debug_aranges
                0x000001e0       0x20 printk.o
 .debug_aranges
                0x00000200       0x20 bitmap.o
 .debug_aranges
                0x00000220       0x20 ../lib/softfloat.o
 .debug_aranges
                0x00000240       0x20 ../lib/string.o
 .debug_aranges
                0x00000260       0x20 ../lib/memcpy.o
 .debug_aranges
                0x00000280       0x20 ../lib/memset.o
 .debug_aranges
                0x000002a0       0x20 ../lib/snprintf.o
 .debug_aranges
                0x000002c0       0x20 ../lib/tlsf/tlsf.o

.debug_line     0x00000000     0x7a00
 .debug_line    0x00000000      0x1e0 ide.o
 .debug_line    0x000001e0        0x0 floppy.o
 .debug_line    0x000001e0      0x505 pci.o
 .debug_line    0x000006e5      0x44f vm86.o
 .debug_line    0x00000b34       0xfb kbd.o
 .debug_line    0x00000c2f      0x13c timer.o
 .debug_line    0x00000d6b      0x60d machdep.o
 .debug_line    0x00001378      0x23d task.o
 .debug_line    0x000015b5       0xca mktime.o
 .debug_line    0x0000167f       0x3a sem.o
 .debug_line    0x000016b9      0x1f9 page.o
 .debug_line    0x000018b2      0x134 startup.o
 .debug_line    0x000019e6       0xeb frame.o
 .debug_line    0x00001ad1       0xfd kmalloc.o
 .debug_line    0x00001bce     0x1961 dosfs.o
 .debug_line    0x0000352f      0x109 pe.o
 .debug_line    0x00003638        0x0 elf.o
 .debug_line    0x00003638       0x88 printk.o
 .debug_line    0x000036c0      0xd8d bitmap.o
 .debug_line    0x0000444d      0x4ed ../lib/softfloat.o
 .debug_line    0x0000493a      0x49b ../lib/string.o
 .debug_line    0x00004dd5      0x7f4 ../lib/memcpy.o
 .debug_line    0x000055c9      0x1b3 ../lib/memset.o
 .debug_line    0x0000577c      0x930 ../lib/snprintf.o
 .debug_line    0x000060ac     0x183b ../lib/tlsf/tlsf.o

.debug_str      0x00000000      0x400
 .debug_str     0x00000000        0x0 floppy.o
 .debug_str     0x00000000        0xf pci.o
 .debug_str     0x0000000f        0xc vm86.o
 .debug_str     0x0000001b       0x25 machdep.o
 .debug_str     0x00000040       0x10 task.o
 .debug_str     0x00000050        0x0 mktime.o
 .debug_str     0x00000050        0xd page.o
 .debug_str     0x0000005d        0x8 frame.o
 .debug_str     0x00000065        0xc kmalloc.o
 .debug_str     0x00000071       0xb5 dosfs.o
 .debug_str     0x00000126       0x28 pe.o
 .debug_str     0x0000014e        0x0 elf.o
 .debug_str     0x0000014e       0x1c bitmap.o
 .debug_str     0x0000016a        0x0 ../lib/softfloat.o
 .debug_str     0x0000016a        0x0 ../lib/string.o
 .debug_str     0x0000016a       0x17 ../lib/memcpy.o
 .debug_str     0x00000181        0x0 ../lib/memset.o
 .debug_str     0x00000181       0x16 ../lib/snprintf.o
 .debug_str     0x00000197       0x6e ../lib/tlsf/tlsf.o

.debug_line_str
                0x00000000      0xa00
 .debug_line_str
                0x00000000       0x42 floppy.o
 .debug_line_str
                0x00000042       0x9e pci.o
 .debug_line_str
                0x000000e0       0xb6 mktime.o
 .debug_line_str
                0x00000196       0xce kmalloc.o
 .debug_line_str
                0x00000264       0xc6 dosfs.o
 .debug_line_str
                0x0000032a       0x3f elf.o
 .debug_line_str
                0x00000369       0xad bitmap.o
 .debug_line_str
                0x00000416       0xb8 ../lib/softfloat.o
 .debug_line_str
                0x000004ce       0xb2 ../lib/string.o
 .debug_line_str
                0x00000580       0xb2 ../lib/memcpy.o
 .debug_line_str
                0x00000632       0xc6 ../lib/memset.o
 .debug_line_str
                0x000006f8       0xdd ../lib/snprintf.o
 .debug_line_str
                0x000007d5       0xd1 ../lib/tlsf/tlsf.o

.debug_loclists
                0x00000000     0x7200
 .debug_loclists
                0x00000000      0x571 pci.o
 .debug_loclists
                0x00000571       0x63 mktime.o
 .debug_loclists
                0x000005d4       0x47 kmalloc.o
 .debug_loclists
                0x0000061b      0xcdd dosfs.o
 .debug_loclists
                0x000012f8      0xdd0 bitmap.o
 .debug_loclists
                0x000020c8      0x7fe ../lib/softfloat.o
 .debug_loclists
                0x000028c6      0x622 ../lib/string.o
 .debug_loclists
                0x00002ee8      0xb65 ../lib/memcpy.o
 .debug_loclists
                0x00003a4d      0x15f ../lib/memset.o
 .debug_loclists
                0x00003bac     0x1082 ../lib/snprintf.o
 .debug_loclists
                0x00004c2e     0x24dc ../lib/tlsf/tlsf.o

.debug_rnglists
                0x00000000      0xe00
 .debug_rnglists
                0x00000000       0xd9 pci.o
 .debug_rnglists
                0x000000d9      0x1a7 dosfs.o
 .debug_rnglists
                0x00000280      0x491 bitmap.o
 .debug_rnglists
                0x00000711       0xad ../lib/softfloat.o
 .debug_rnglists
                0x000007be       0x29 ../lib/string.o
 .debug_rnglists
                0x000007e7       0x4a ../lib/memcpy.o
 .debug_rnglists
                0x00000831       0x72 ../lib/snprintf.o
 .debug_rnglists
                0x000008a3      0x4f9 ../lib/tlsf/tlsf.o

.debug_frame    0x00000000     0x1a00
 .debug_frame   0x00000000       0xfc pci.o
 .debug_frame   0x000000fc       0x30 mktime.o
 .debug_frame   0x0000012c       0xd0 kmalloc.o
 .debug_frame   0x000001fc      0x9d8 dosfs.o
 .debug_frame   0x00000bd4      0x348 bitmap.o
 .debug_frame   0x00000f1c      0x178 ../lib/softfloat.o
 .debug_frame   0x00001094      0x1d0 ../lib/string.o
 .debug_frame   0x00001264       0xb0 ../lib/memcpy.o
 .debug_frame   0x00001314       0x4c ../lib/memset.o
 .debug_frame   0x00001360      0x150 ../lib/snprintf.o
 .debug_frame   0x000014b0      0x524 ../lib/tlsf/tlsf.o

.debug_ranges   0x00000000      0x600
 .debug_ranges  0x00000000      0x280 vm86.o
 .debug_ranges  0x00000280       0x40 kbd.o
 .debug_ranges  0x000002c0       0x18 timer.o
 .debug_ranges  0x000002d8      0x130 machdep.o
 .debug_ranges  0x00000408       0xb0 task.o
 .debug_ranges  0x000004b8       0x38 page.o
 .debug_ranges  0x000004f0       0x18 startup.o
 .debug_ranges  0x00000508       0x18 frame.o
 .debug_ranges  0x00000520       0x20 pe.o
