
Allocating common symbols
Common symbol       size              file

g_task_own_fpu      0x4               task.o
g_startup_time      0x4               machdep.o
task0               0x4               task.o
g_task_running      0x4               task.o
g_resched           0x4               task.o
g_intr_vector       0x40              startup.o
g_ram_zone          0x40              startup.o
g_volinfo           0x34              startup.o
g_task_head         0x4               task.o

Memory Configuration

Name             Origin             Length             Attributes
*default*        0x00000000         0xffffffff

Linker script and memory map

                0x00400000                __image_base__ = 0x400000
                0x00000000                __dll__ = 0x0
                0x00400000                ___ImageBase = 0x400000
                0x00001000                __section_alignment__ = 0x1000
                0x00000200                __file_alignment__ = 0x200
                0x00000004                __major_os_version__ = 0x4
                0x00000000                __minor_os_version__ = 0x0
                0x00000001                __major_image_version__ = 0x1
                0x00000000                __minor_image_version__ = 0x0
                0x00000004                __major_subsystem_version__ = 0x4
                0x00000000                __minor_subsystem_version__ = 0x0
                0x00000003                __subsystem__ = 0x3
                0x00200000                __size_of_stack_reserve__ = 0x200000
                0x00001000                __size_of_stack_commit__ = 0x1000
                0x00100000                __size_of_heap_reserve__ = 0x100000
                0x00001000                __size_of_heap_commit__ = 0x1000
                0x00000000                __loader_flags__ = 0x0
                0x00000000                __dll_characteristics__ = 0x0
LOAD entry.o
LOAD ide.o
LOAD floppy.o
LOAD pci.o
LOAD vm86.o
LOAD kbd.o
LOAD timer.o
LOAD machdep.o
LOAD task.o
LOAD mktime.o
LOAD sem.o
LOAD page.o
LOAD startup.o
LOAD frame.o
LOAD kmalloc.o
LOAD dosfs.o
LOAD pe.o
LOAD elf.o
LOAD printk.o
LOAD bitmap.o
LOAD ../lib/softfloat.o
LOAD ../lib/string.o
LOAD ../lib/memcpy.o
LOAD ../lib/memset.o
LOAD ../lib/snprintf.o
LOAD ../lib/tlsf/tlsf.o
                0xc0100000                . = 0xc0100000

.text           0xc0100000     0xd800
 *(.text)
 .text          0xc0100000      0x95c entry.o
                0xc0100000                entry
                0xc0100036                exception_divide_error
                0xc010003c                exception_debug
                0xc0100042                exception_nmi
                0xc0100048                exception_breakpoint
                0xc010004e                exception_overflow
                0xc0100054                exception_bounds_check
                0xc010005a                exception_inval_opcode
                0xc0100060                exception_copr_not_avail
                0xc0100066                exception_double_fault
                0xc010006a                exception_copr_seg_overrun
                0xc0100070                exception_inval_tss
                0xc0100074                exception_segment_not_present
                0xc0100078                exception_stack_fault
                0xc010007c                exception_general_protection
                0xc0100080                exception_page_fault
                0xc0100084                exception_intel_reserved
                0xc010008a                exception_copr_error
                0xc0100090                exception_alignment_check
                0xc0100094                exception_machine_check
                0xc010009a                exception_simd_fp
                0xc0100117                int0x82_syscall
                0xc0100173                ret_from_syscall
                0xc01001ad                hwint00
                0xc0100222                hwint01
                0xc0100297                hwint02
                0xc010030c                hwint03
                0xc0100381                hwint04
                0xc01003f6                hwint05
                0xc010046b                hwint06
                0xc01004e0                hwint07
                0xc0100555                hwint08
                0xc01005cc                hwint09
                0xc0100643                hwint10
                0xc01006ba                hwint11
                0xc0100731                hwint12
                0xc01007a8                hwint13
                0xc010081f                hwint14
                0xc0100896                hwint15
                0xc010090d                lgdt
                0xc0100933                lidt
                0xc010093b                sys_vm86
 .text          0xc010095c      0x6f4 ide.o
                0xc0100b6d                ide_init
                0xc0100d0f                ide_read_sector
                0xc0100eb3                ide_write_sector
 .text          0xc0101050        0x0 floppy.o
 .text          0xc0101050      0x4d0 pci.o
                0xc0101395                pci_get_bar_addr
                0xc01013e0                pci_get_bar_size
                0xc0101489                pci_get_intr_line
                0xc01014ce                pci_init
 .text          0xc0101520     0x131c vm86.o
                0xc01015e1                vm86_init
                0xc010169c                vm86_emulate
 .text          0xc010283c      0x3ac kbd.o
                0xc0102b42                isr_keyboard
                0xc0102bbe                sys_getchar
 .text          0xc0102be8      0x4f4 timer.o
                0xc0102c4b                isr_timer
                0xc0102e08                calibrate_delay
                0xc010306b                sys_sleep
                0xc010308b                sys_nanosleep
 .text          0xc01030dc     0x1fd8 machdep.o
                0xc01032b6                enable_irq
                0xc0103350                disable_irq
                0xc01033e6                switch_to
                0xc0103bb1                sys_putchar
                0xc0103dc0                sys_beep
                0xc0103e59                exception
                0xc010418d                syscall
                0xc0104a25                sys_getpriority
                0xc0104a68                sys_setpriority
                0xc0104af5                sys_time
                0xc0104ddf                cstart
 .text          0xc01050b4      0x88c task.o
                0xc01050e6                schedule
                0xc010520c                sleep_on
                0xc0105292                wake_up
                0xc010538a                get_task
                0xc01053c2                sys_task_create
                0xc01057b0                sys_task_exit
                0xc010580e                sys_task_wait
                0xc01058bc                sys_task_getid
                0xc01058d5                sys_task_yield
                0xc01058ef                init_task
 .text          0xc0105940      0x11c mktime.o
                0xc0105940                mktime
 .text          0xc0105a5c       0x18 sem.o
                0xc0105a5c                sys_sem_create
                0xc0105a62                sys_sem_destroy
                0xc0105a68                sys_sem_wait
                0xc0105a6e                sys_sem_signal
 .text          0xc0105a74      0x6ac page.o
                0xc0105a7c                init_vmspace
                0xc0105ac3                page_alloc_in_addr
                0xc0105c6a                page_alloc
                0xc0105dfb                page_free
                0xc0105ed9                page_prot
                0xc0105f52                page_map
                0xc0105f8d                page_unmap
                0xc0105fcc                do_page_fault
 .text          0xc0106120      0x394 startup.o
                0xc0106122                isr_default
                0xc0106123                DFS_ReadSector
                0xc010617f                DFS_WriteSector
                0xc01061db                start_user_task
                0xc01063c5                mi_startup
 .text          0xc01064b4      0x558 frame.o
                0xc01064b4                init_frame
                0xc01066fb                frame_alloc_in_addr
                0xc010681a                frame_alloc
                0xc0106909                frame_free
 .text          0xc0106a0c       0xf0 kmalloc.o
                0xc0106a0c                kmalloc
                0xc0106a3e                krealloc
                0xc0106a78                kfree
                0xc0106aa2                kmemalign
                0xc0106adc                init_kmalloc
 .text          0xc0106afc     0x2c78 dosfs.o
                0xc0106afc                ldiv
                0xc0106b4b                div
                0xc0106b9a                DFS_GetPtnStart
                0xc0106d44                DFS_GetVolInfo
                0xc0107054                DFS_GetFAT
                0xc01072cd                DFS_SetFAT
                0xc010785d                DFS_CanonicalToDir
                0xc0107921                DFS_GetFreeFAT
                0xc010798d                DFS_OpenDir
                0xc0107d6f                DFS_GetNext
                0xc0107fe5                DFS_GetFreeDirEnt
                0xc0108226                DFS_OpenFile
                0xc0108881                DFS_ReadFile
                0xc0108c7c                DFS_Seek
                0xc0108e8c                DFS_UnlinkFile
                0xc0109006                DFS_WriteFile
 .text          0xc0109774      0x674 pe.o
                0xc0109774                load_aout
 .text          0xc0109de8        0x0 elf.o
 .text          0xc0109de8       0x8c printk.o
                0xc0109de8                printk
 .text          0xc0109e74      0x440 bitmap.o
                0xc0109eb4                bitmap_create_in_buf
                0xc0109ef3                bitmap_buf_size
                0xc0109f09                bitmap_size
                0xc0109f10                bitmap_set
                0xc0109f48                bitmap_mark
                0xc0109f85                bitmap_reset
                0xc0109fc4                bitmap_flip
                0xc010a001                bitmap_test
                0xc010a03a                bitmap_set_all
                0xc010a06d                bitmap_set_multiple
                0xc010a0ae                bitmap_count
                0xc010a0fd                bitmap_contains
                0xc010a148                bitmap_any
                0xc010a173                bitmap_none
                0xc010a1a6                bitmap_all
                0xc010a1d9                bitmap_scan
                0xc010a24c                bitmap_scan_and_flip
 .text          0xc010a2b4      0x360 ../lib/softfloat.o
                0xc010a2b4                __udivmoddi4
                0xc010a3f6                __divdi3
                0xc010a4ac                __moddi3
                0xc010a566                __udivdi3
                0xc010a5b9                __umoddi3
 .text          0xc010a614      0x3c4 ../lib/string.o
                0xc010a614                memcmp
                0xc010a667                memmove
                0xc010a6fa                memchr
                0xc010a740                strcat
                0xc010a787                strcmp
                0xc010a7d6                strncmp
                0xc010a837                strchr
                0xc010a861                strrchr
                0xc010a89d                strstr
                0xc010a910                strcpy
                0xc010a943                strlen
                0xc010a970                strncpy
 .text          0xc010a9d8      0xb24 ../lib/memcpy.o
                0xc010a9d8                memcpy
 .text          0xc010b4fc       0x8c ../lib/memset.o
                0xc010b4fc                memset
 .text          0xc010b588      0xc00 ../lib/snprintf.o
                0xc010c109                vsnprintf
                0xc010c147                snprintf
 .text          0xc010c188     0x1514 ../lib/tlsf/tlsf.o
                0xc010cd7a                tlsf_check
                0xc010cf61                tlsf_walk_pool
                0xc010d00d                tlsf_block_size
                0xc010d047                tlsf_check_pool
                0xc010d07e                tlsf_size
                0xc010d084                tlsf_align_size
                0xc010d08a                tlsf_block_size_min
                0xc010d090                tlsf_block_size_max
                0xc010d096                tlsf_pool_overhead
                0xc010d09e                tlsf_alloc_overhead
                0xc010d0a4                tlsf_add_pool
                0xc010d1a6                tlsf_remove_pool
                0xc010d228                tlsf_create
                0xc010d251                tlsf_create_with_pool
                0xc010d29a                tlsf_destroy
                0xc010d29b                tlsf_get_pool
                0xc010d2a7                tlsf_malloc
                0xc010d302                tlsf_memalign
                0xc010d47e                tlsf_free
                0xc010d4f4                tlsf_realloc
                0xc010d69c                . = ALIGN (0x4)

.rodata
 *(.rodata)

.rdata          0xc010d69c      0xa00
 *(.rdata)
 .rdata         0xc010d69c       0x3c ide.o
 .rdata         0xc010d6d8      0x240 vm86.o
 .rdata         0xc010d918       0x44 timer.o
 .rdata         0xc010d95c      0x1ac machdep.o
 .rdata         0xc010db08       0x30 task.o
 .rdata         0xc010db38       0x54 page.o
 .rdata         0xc010db8c      0x144 startup.o
 .rdata         0xc010dcd0       0x24 frame.o
 .rdata         0xc010dcf4       0x8c pe.o
 .rdata         0xc010dd80       0xa0 ../lib/memcpy.o
 .rdata         0xc010de20      0x1e0 ../lib/snprintf.o
 .rdata         0xc010e000       0x18 ../lib/tlsf/tlsf.o

.eh_frame       0xc010f000     0x1c00
 .eh_frame      0xc010f000      0x184 ide.o
 .eh_frame      0xc010f184      0x148 pci.o
 .eh_frame      0xc010f2cc       0xfc vm86.o
 .eh_frame      0xc010f3c8       0xa8 kbd.o
 .eh_frame      0xc010f470      0x138 timer.o
 .eh_frame      0xc010f5a8      0x2dc machdep.o
 .eh_frame      0xc010f884      0x184 task.o
 .eh_frame      0xc010fa08       0x34 mktime.o
 .eh_frame      0xc010fa3c       0x68 sem.o
 .eh_frame      0xc010faa4      0x118 page.o
 .eh_frame      0xc010fbbc       0xa0 startup.o
 .eh_frame      0xc010fc5c       0xa8 frame.o
 .eh_frame      0xc010fd04       0xb0 kmalloc.o
 .eh_frame      0xc010fdb4      0x1e0 dosfs.o
 .eh_frame      0xc010ff94       0x3c pe.o
 .eh_frame      0xc010ffd0       0x34 printk.o
 .eh_frame      0xc0110004      0x210 bitmap.o
 .eh_frame      0xc0110214       0xb4 ../lib/softfloat.o
 .eh_frame      0xc01102c8      0x130 ../lib/string.o
 .eh_frame      0xc01103f8       0x34 ../lib/memcpy.o
 .eh_frame      0xc011042c       0x50 ../lib/memset.o
 .eh_frame      0xc011047c       0xd0 ../lib/snprintf.o
 .eh_frame      0xc011054c      0x678 ../lib/tlsf/tlsf.o

.data           0xc0110be0     0x2800
 *(.data)
 .data          0xc0110be0     0x2000 entry.o
                0xc0112be0                tmp_stack
 .data          0xc0112be0        0x0 ide.o
 .data          0xc0112be0        0x0 floppy.o
 .data          0xc0112be0        0x0 pci.o
 .data          0xc0112be0        0x0 vm86.o
 .data          0xc0112be0      0x5a0 kbd.o
 .data          0xc0113180        0x0 timer.o
 .data          0xc0113180       0x40 machdep.o
 .data          0xc01131c0        0x0 task.o
 .data          0xc01131c0       0x40 mktime.o
 .data          0xc0113200        0x0 sem.o
 .data          0xc0113200        0x0 page.o
 .data          0xc0113200        0x8 startup.o
                0xc0113200                PT
                0xc0113204                PTD
 .data          0xc0113208        0x0 frame.o
 .data          0xc0113208        0x0 kmalloc.o
 .data          0xc0113208        0x0 dosfs.o
 .data          0xc0113208        0x0 pe.o
 .data          0xc0113208        0x0 elf.o
 .data          0xc0113208        0x0 printk.o
 .data          0xc0113208        0x0 bitmap.o
 .data          0xc0113208        0x0 ../lib/softfloat.o
 .data          0xc0113208        0x0 ../lib/string.o
 .data          0xc0113208        0x0 ../lib/memcpy.o
 .data          0xc0113208        0x0 ../lib/memset.o
 .data          0xc0113208        0x0 ../lib/snprintf.o
 .data          0xc0113208        0x0 ../lib/tlsf/tlsf.o

.drectve        0xc0114000      0x200
 .drectve       0xc0114000       0x20 machdep.o
 .drectve       0xc0114020       0x8c task.o
 .drectve       0xc01140ac       0x54 startup.o
                0xc0114100                . = ALIGN (0x4)
                0xc0114100                _edata = .

.bss            0xc0114100     0x16b4
 *(.bss)
 .bss           0xc0114100        0x0 entry.o
 .bss           0xc0114100        0x0 ide.o
 .bss           0xc0114100        0x0 floppy.o
 .bss           0xc0114100     0x1060 pci.o
 .bss           0xc0115160        0x0 vm86.o
 .bss           0xc0115160       0x40 kbd.o
 .bss           0xc01151a0        0xc timer.o
                0xc01151a0                g_timer_ticks
                0xc01151a4                g_load_avg
 *fill*         0xc01151ac       0x14 
 .bss           0xc01151c0      0x4a0 machdep.o
 .bss           0xc0115660        0x4 task.o
 .bss           0xc0115664        0x0 mktime.o
 .bss           0xc0115664        0x0 sem.o
 .bss           0xc0115664       0x18 page.o
 .bss           0xc011567c        0x0 startup.o
 *fill*         0xc011567c        0x4 
 .bss           0xc0115680       0x60 frame.o
 .bss           0xc01156e0        0x4 kmalloc.o
 .bss           0xc01156e4        0x0 dosfs.o
 .bss           0xc01156e4        0x0 pe.o
 .bss           0xc01156e4        0x0 elf.o
 .bss           0xc01156e4        0x0 printk.o
 .bss           0xc01156e4        0x0 bitmap.o
 .bss           0xc01156e4        0x0 ../lib/softfloat.o
 .bss           0xc01156e4        0x0 ../lib/string.o
 .bss           0xc01156e4        0x0 ../lib/memcpy.o
 .bss           0xc01156e4        0x0 ../lib/memset.o
 .bss           0xc01156e4        0x0 ../lib/snprintf.o
 .bss           0xc01156e4        0x0 ../lib/tlsf/tlsf.o
 *(COMMON)
 COMMON         0xc01156e4        0x4 machdep.o
                0xc01156e4                g_startup_time
 COMMON         0xc01156e8       0x14 task.o
                0xc01156e8                g_task_own_fpu
                0xc01156ec                task0
                0xc01156f0                g_task_running
                0xc01156f4                g_resched
                0xc01156f8                g_task_head
 *fill*         0xc01156fc        0x4 
 COMMON         0xc0115700       0xb4 startup.o
                0xc0115700                g_intr_vector
                0xc0115740                g_ram_zone
                0xc0115780                g_volinfo
                0xc01157b4                . = ALIGN (0x4)
                0xc01157b4                _end = .
OUTPUT(eposkrnl.out pei-i386)

.debug_info     0x00000000     0xbc00
 .debug_info    0x00000000      0x6e7 ide.o
 .debug_info    0x000006e7      0x730 pci.o
 .debug_info    0x00000e17      0x6b9 vm86.o
 .debug_info    0x000014d0      0x65c kbd.o
 .debug_info    0x00001b2c      0x82b timer.o
 .debug_info    0x00002357     0x1ba5 machdep.o
 .debug_info    0x00003efc      0x7a9 task.o
 .debug_info    0x000046a5      0x1ed mktime.o
 .debug_info    0x00004892      0x1e1 sem.o
 .debug_info    0x00004a73      0x678 page.o
 .debug_info    0x000050eb      0x860 startup.o
 .debug_info    0x0000594b      0x385 frame.o
 .debug_info    0x00005cd0      0x2c1 kmalloc.o
 .debug_info    0x00005f91     0x172a dosfs.o
 .debug_info    0x000076bb      0xd33 pe.o
 .debug_info    0x000083ee      0x1b3 printk.o
 .debug_info    0x000085a1      0x849 bitmap.o
 .debug_info    0x00008dea      0x2d0 ../lib/softfloat.o
 .debug_info    0x000090ba      0x4cb ../lib/string.o
 .debug_info    0x00009585      0x2f1 ../lib/memcpy.o
 .debug_info    0x00009876      0x1a5 ../lib/memset.o
 .debug_info    0x00009a1b      0x5ba ../lib/snprintf.o
 .debug_info    0x00009fd5     0x1b47 ../lib/tlsf/tlsf.o

.debug_abbrev   0x00000000     0x1e00
 .debug_abbrev  0x00000000      0x120 ide.o
 .debug_abbrev  0x00000120      0x142 pci.o
 .debug_abbrev  0x00000262      0x125 vm86.o
 .debug_abbrev  0x00000387       0xe9 kbd.o
 .debug_abbrev  0x00000470      0x156 timer.o
 .debug_abbrev  0x000005c6      0x321 machdep.o
 .debug_abbrev  0x000008e7      0x239 task.o
 .debug_abbrev  0x00000b20       0x9f mktime.o
 .debug_abbrev  0x00000bbf       0x64 sem.o
 .debug_abbrev  0x00000c23      0x190 page.o
 .debug_abbrev  0x00000db3      0x129 startup.o
 .debug_abbrev  0x00000edc       0xf2 frame.o
 .debug_abbrev  0x00000fce       0xa5 kmalloc.o
 .debug_abbrev  0x00001073      0x1f4 dosfs.o
 .debug_abbrev  0x00001267      0x114 pe.o
 .debug_abbrev  0x0000137b       0x96 printk.o
 .debug_abbrev  0x00001411      0x1a9 bitmap.o
 .debug_abbrev  0x000015ba       0xa5 ../lib/softfloat.o
 .debug_abbrev  0x0000165f       0xd4 ../lib/string.o
 .debug_abbrev  0x00001733       0x9e ../lib/memcpy.o
 .debug_abbrev  0x000017d1       0x76 ../lib/memset.o
 .debug_abbrev  0x00001847      0x173 ../lib/snprintf.o
 .debug_abbrev  0x000019ba      0x2e1 ../lib/tlsf/tlsf.o

.debug_loc      0x00000000     0x2a00
 .debug_loc     0x00000000      0x2b9 ide.o
 .debug_loc     0x000002b9      0x245 pci.o
 .debug_loc     0x000004fe      0x1c1 vm86.o
 .debug_loc     0x000006bf      0x10c kbd.o
 .debug_loc     0x000007cb      0x206 timer.o
 .debug_loc     0x000009d1      0x493 machdep.o
 .debug_loc     0x00000e64      0x289 task.o
 .debug_loc     0x000010ed       0x2c mktime.o
 .debug_loc     0x00001119      0x16a page.o
 .debug_loc     0x00001283       0xa7 startup.o
 .debug_loc     0x0000132a      0x111 frame.o
 .debug_loc     0x0000143b      0x13c kmalloc.o
 .debug_loc     0x00001577      0x310 dosfs.o
 .debug_loc     0x00001887       0x45 pe.o
 .debug_loc     0x000018cc       0x2d printk.o
 .debug_loc     0x000018f9      0x330 bitmap.o
 .debug_loc     0x00001c29      0x127 ../lib/softfloat.o
 .debug_loc     0x00001d50      0x1b8 ../lib/string.o
 .debug_loc     0x00001f08       0x2d ../lib/memcpy.o
 .debug_loc     0x00001f35       0x74 ../lib/memset.o
 .debug_loc     0x00001fa9      0x122 ../lib/snprintf.o
 .debug_loc     0x000020cb      0x8d3 ../lib/tlsf/tlsf.o

.debug_aranges  0x00000000      0x400
 .debug_aranges
                0x00000000       0x20 ide.o
 .debug_aranges
                0x00000020       0x20 pci.o
 .debug_aranges
                0x00000040       0x20 vm86.o
 .debug_aranges
                0x00000060       0x20 kbd.o
 .debug_aranges
                0x00000080       0x20 timer.o
 .debug_aranges
                0x000000a0       0x20 machdep.o
 .debug_aranges
                0x000000c0       0x20 task.o
 .debug_aranges
                0x000000e0       0x20 mktime.o
 .debug_aranges
                0x00000100       0x20 sem.o
 .debug_aranges
                0x00000120       0x20 page.o
 .debug_aranges
                0x00000140       0x20 startup.o
 .debug_aranges
                0x00000160       0x20 frame.o
 .debug_aranges
                0x00000180       0x20 kmalloc.o
 .debug_aranges
                0x000001a0       0x20 dosfs.o
 .debug_aranges
                0x000001c0       0x20 pe.o
 .debug_aranges
                0x000001e0       0x20 printk.o
 .debug_aranges
                0x00000200       0x20 bitmap.o
 .debug_aranges
                0x00000220       0x20 ../lib/softfloat.o
 .debug_aranges
                0x00000240       0x20 ../lib/string.o
 .debug_aranges
                0x00000260       0x20 ../lib/memcpy.o
 .debug_aranges
                0x00000280       0x20 ../lib/memset.o
 .debug_aranges
                0x000002a0       0x20 ../lib/snprintf.o
 .debug_aranges
                0x000002c0       0x20 ../lib/tlsf/tlsf.o

.debug_line     0x00000000     0x2800
 .debug_line    0x00000000      0x14a ide.o
 .debug_line    0x0000014a        0x0 floppy.o
 .debug_line    0x0000014a      0x10e pci.o
 .debug_line    0x00000258      0x3c1 vm86.o
 .debug_line    0x00000619      0x113 kbd.o
 .debug_line    0x0000072c      0x14e timer.o
 .debug_line    0x0000087a      0x4fd machdep.o
 .debug_line    0x00000d77      0x1e6 task.o
 .debug_line    0x00000f5d       0x81 mktime.o
 .debug_line    0x00000fde       0x3e sem.o
 .debug_line    0x0000101c      0x1b7 page.o
 .debug_line    0x000011d3      0x139 startup.o
 .debug_line    0x0000130c      0x106 frame.o
 .debug_line    0x00001412       0x9e kmalloc.o
 .debug_line    0x000014b0      0x572 dosfs.o
 .debug_line    0x00001a22       0xf6 pe.o
 .debug_line    0x00001b18        0x0 elf.o
 .debug_line    0x00001b18       0x66 printk.o
 .debug_line    0x00001b7e      0x102 bitmap.o
 .debug_line    0x00001c80       0xb3 ../lib/softfloat.o
 .debug_line    0x00001d33      0x149 ../lib/string.o
 .debug_line    0x00001e7c      0x205 ../lib/memcpy.o
 .debug_line    0x00002081       0xac ../lib/memset.o
 .debug_line    0x0000212d      0x261 ../lib/snprintf.o
 .debug_line    0x0000238e      0x3c6 ../lib/tlsf/tlsf.o

.debug_str      0x00000000      0x400
 .debug_str     0x00000000        0xf pci.o
 .debug_str     0x0000000f        0xc vm86.o
 .debug_str     0x0000001b       0x25 machdep.o
 .debug_str     0x00000040       0x10 task.o
 .debug_str     0x00000050        0xd page.o
 .debug_str     0x0000005d        0x8 frame.o
 .debug_str     0x00000065        0xc kmalloc.o
 .debug_str     0x00000071       0xb5 dosfs.o
 .debug_str     0x00000126       0x28 pe.o
 .debug_str     0x0000014e       0x1c bitmap.o
 .debug_str     0x0000016a       0x17 ../lib/memcpy.o
 .debug_str     0x00000181       0x16 ../lib/snprintf.o
 .debug_str     0x00000197       0x6e ../lib/tlsf/tlsf.o

.debug_ranges   0x00000000      0x200
 .debug_ranges  0x00000000       0x30 machdep.o
 .debug_ranges  0x00000030       0x30 frame.o
