
Allocating common symbols
Common symbol       size              file

g_task_own_fpu      0x4               machdep.o
g_startup_time      0x4               machdep.o
task0               0x4               machdep.o
g_task_running      0x4               machdep.o
g_resched           0x4               machdep.o
g_task_head         0x4               machdep.o

Memory Configuration

Name             Origin             Length             Attributes
*default*        0x00000000         0xffffffff

Linker script and memory map

                0x00400000                __image_base__ = 0x400000
                0x00000000                __dll__ = 0x0
                0x00400000                ___ImageBase = 0x400000
                0x00001000                __section_alignment__ = 0x1000
                0x00000200                __file_alignment__ = 0x200
                0x00000004                __major_os_version__ = 0x4
                0x00000000                __minor_os_version__ = 0x0
                0x00000001                __major_image_version__ = 0x1
                0x00000000                __minor_image_version__ = 0x0
                0x00000004                __major_subsystem_version__ = 0x4
                0x00000000                __minor_subsystem_version__ = 0x0
                0x00000003                __subsystem__ = 0x3
                0x00200000                __size_of_stack_reserve__ = 0x200000
                0x00001000                __size_of_stack_commit__ = 0x1000
                0x00100000                __size_of_heap_reserve__ = 0x100000
                0x00001000                __size_of_heap_commit__ = 0x1000
                0x00000000                __loader_flags__ = 0x0
                0x00000000                __dll_characteristics__ = 0x0
LOAD entry.o
LOAD ide.o
LOAD floppy.o
LOAD pci.o
LOAD vm86.o
LOAD kbd.o
LOAD timer.o
LOAD machdep.o
LOAD task.o
LOAD mktime.o
LOAD sem.o
LOAD page.o
LOAD startup.o
LOAD frame.o
LOAD kmalloc.o
LOAD dosfs.o
LOAD pe.o
LOAD elf.o
LOAD printk.o
LOAD bitmap.o
LOAD ../lib/softfloat.o
LOAD ../lib/string.o
LOAD ../lib/memcpy.o
LOAD ../lib/memset.o
LOAD ../lib/snprintf.o
LOAD ../lib/tlsf/tlsf.o
                0xc0100000                . = 0xc0100000

.text           0xc0100000     0x9000
 *(.text)
 .text          0xc0100000      0x95c entry.o
                0xc0100000                entry
                0xc0100036                exception_divide_error
                0xc010003c                exception_debug
                0xc0100042                exception_nmi
                0xc0100048                exception_breakpoint
                0xc010004e                exception_overflow
                0xc0100054                exception_bounds_check
                0xc010005a                exception_inval_opcode
                0xc0100060                exception_copr_not_avail
                0xc0100066                exception_double_fault
                0xc010006a                exception_copr_seg_overrun
                0xc0100070                exception_inval_tss
                0xc0100074                exception_segment_not_present
                0xc0100078                exception_stack_fault
                0xc010007c                exception_general_protection
                0xc0100080                exception_page_fault
                0xc0100084                exception_intel_reserved
                0xc010008a                exception_copr_error
                0xc0100090                exception_alignment_check
                0xc0100094                exception_machine_check
                0xc010009a                exception_simd_fp
                0xc0100117                int0x82_syscall
                0xc0100173                ret_from_syscall
                0xc01001ad                hwint00
                0xc0100222                hwint01
                0xc0100297                hwint02
                0xc010030c                hwint03
                0xc0100381                hwint04
                0xc01003f6                hwint05
                0xc010046b                hwint06
                0xc01004e0                hwint07
                0xc0100555                hwint08
                0xc01005cc                hwint09
                0xc0100643                hwint10
                0xc01006ba                hwint11
                0xc0100731                hwint12
                0xc01007a8                hwint13
                0xc010081f                hwint14
                0xc0100896                hwint15
                0xc010090d                lgdt
                0xc0100933                lidt
                0xc010093b                sys_vm86
 *fill*         0xc010095c        0x4 
 .text          0xc0100960      0x230 ide.o
                0xc0100960                ide_init
                0xc01009d0                ide_read_sector
                0xc0100ad0                ide_write_sector
 .text          0xc0100b90        0x0 floppy.o
 .text          0xc0100b90      0x310 pci.o
                0xc0100b90                pci_get_bar_addr
                0xc0100bf0                pci_get_bar_size
                0xc0100ca0                pci_get_intr_line
                0xc0100d00                pci_init
 .text          0xc0100ea0      0xb00 vm86.o
                0xc0100ea0                vm86_init
                0xc0100f10                vm86_emulate
 .text          0xc01019a0      0x230 kbd.o
                0xc01019a0                isr_keyboard
                0xc0101bb0                sys_getchar
 .text          0xc0101bd0      0x260 timer.o
                0xc0101c70                isr_timer
                0xc0101cd0                calibrate_delay
                0xc0101de0                sys_sleep
                0xc0101e00                sys_nanosleep
 .text          0xc0101e30     0x1470 machdep.o
                0xc0101e30                sys_getpriority
                0xc0101e64                sys_setpriority
                0xc0101ecc                enable_irq
                0xc0101f04                disable_irq
                0xc0101f3c                switch_to
                0xc0101f68                sys_putchar
                0xc0102094                sys_beep
                0xc01020d4                exception
                0xc010233c                syscall
                0xc01027a4                sys_time
                0xc01027bc                cstart
 .text          0xc01032a0      0x584 task.o
                0xc01032a0                schedule
                0xc0103384                sleep_on
                0xc01033ec                wake_up
                0xc0103414                get_task
                0xc0103438                sys_task_create
                0xc01036b0                sys_task_exit
                0xc0103700                sys_task_wait
                0xc01037ac                sys_task_getid
                0xc01037c0                sys_task_yield
                0xc01037d4                init_task
 *fill*         0xc0103824        0xc 
 .text          0xc0103830       0x70 mktime.o
                0xc0103830                mktime
 .text          0xc01038a0       0x40 sem.o
                0xc01038a0                sys_sem_create
                0xc01038b0                sys_sem_destroy
                0xc01038c0                sys_sem_wait
                0xc01038d0                sys_sem_signal
 .text          0xc01038e0      0x600 page.o
                0xc01038e0                init_vmspace
                0xc0103930                page_alloc_in_addr
                0xc0103a90                page_alloc
                0xc0103c80                page_free
                0xc0103d10                page_prot
                0xc0103d60                page_map
                0xc0103da0                page_unmap
                0xc0103de0                do_page_fault
 .text          0xc0103ee0      0x2e0 startup.o
                0xc0103ee0                isr_default
                0xc0103ef0                DFS_ReadSector
                0xc0103f30                DFS_WriteSector
                0xc0103f70                start_user_task
                0xc01040d0                mi_startup
 .text          0xc01041c0      0x2b0 frame.o
                0xc01041c0                init_frame
                0xc01042d0                frame_alloc_in_addr
                0xc0104370                frame_alloc
                0xc0104400                frame_free
 .text          0xc0104470       0xc0 kmalloc.o
                0xc0104470                kmalloc
                0xc0104490                krealloc
                0xc01044c0                kfree
                0xc01044e0                kmemalign
                0xc0104510                init_kmalloc
 .text          0xc0104530     0x1b10 dosfs.o
                0xc0104530                ldiv
                0xc0104540                div
                0xc0104550                DFS_GetPtnStart
                0xc01045e0                DFS_GetVolInfo
                0xc0104710                DFS_GetFAT
                0xc01048f0                DFS_SetFAT
                0xc0104c20                DFS_CanonicalToDir
                0xc0104cb0                DFS_GetFreeFAT
                0xc0104d20                DFS_GetNext
                0xc0104e90                DFS_OpenDir
                0xc0105130                DFS_GetFreeDirEnt
                0xc01052d0                DFS_OpenFile
                0xc0105790                DFS_ReadFile
                0xc01059c0                DFS_Seek
                0xc0105ae0                DFS_UnlinkFile
                0xc0105be0                DFS_WriteFile
 .text          0xc0106040      0x350 pe.o
                0xc0106040                load_aout
 .text          0xc0106390        0x0 elf.o
 .text          0xc0106390       0x50 printk.o
                0xc0106390                printk
 .text          0xc01063e0      0x640 bitmap.o
                0xc01063e0                bitmap_create_in_buf
                0xc0106430                bitmap_buf_size
                0xc0106450                bitmap_size
                0xc0106460                bitmap_set
                0xc0106490                bitmap_mark
                0xc01064b0                bitmap_reset
                0xc01064d0                bitmap_flip
                0xc01064f0                bitmap_test
                0xc0106520                bitmap_set_all
                0xc0106570                bitmap_set_multiple
                0xc01065d0                bitmap_count
                0xc0106630                bitmap_contains
                0xc01066b0                bitmap_any
                0xc0106720                bitmap_none
                0xc0106790                bitmap_all
                0xc0106800                bitmap_scan
                0xc01068d0                bitmap_scan_and_flip
 .text          0xc0106a20      0x550 ../lib/softfloat.o
                0xc0106a20                __udivmoddi4
                0xc0106b30                __divdi3
                0xc0106cc0                __moddi3
                0xc0106e10                __udivdi3
                0xc0106ee0                __umoddi3
 .text          0xc0106f70      0x380 ../lib/string.o
                0xc0106f70                memcmp
                0xc0106fb0                memmove
                0xc0107010                memchr
                0xc0107040                strcat
                0xc0107080                strcmp
                0xc01070c0                strncmp
                0xc0107110                strchr
                0xc0107140                strrchr
                0xc0107170                strstr
                0xc0107210                strcpy
                0xc0107250                strlen
                0xc0107280                strncpy
 .text          0xc01072f0      0x560 ../lib/memcpy.o
                0xc01072f0                memcpy
 .text          0xc0107850       0xf0 ../lib/memset.o
                0xc0107850                memset
 .text          0xc0107940      0x8f0 ../lib/snprintf.o
                0xc01081c0                vsnprintf
                0xc01081f0                snprintf
 .text          0xc0108230      0xc10 ../lib/tlsf/tlsf.o
                0xc0108670                tlsf_check
                0xc01087d0                tlsf_walk_pool
                0xc0108840                tlsf_block_size
                0xc0108860                tlsf_check_pool
                0xc0108890                tlsf_size
                0xc01088a0                tlsf_align_size
                0xc01088b0                tlsf_block_size_min
                0xc01088c0                tlsf_block_size_max
                0xc01088d0                tlsf_pool_overhead
                0xc01088e0                tlsf_alloc_overhead
                0xc01088f0                tlsf_add_pool
                0xc0108960                tlsf_remove_pool
                0xc01089e0                tlsf_create
                0xc0108a50                tlsf_create_with_pool
                0xc0108af0                tlsf_destroy
                0xc0108b00                tlsf_get_pool
                0xc0108b10                tlsf_malloc
                0xc0108b80                tlsf_memalign
                0xc0108cc0                tlsf_free
                0xc0108ce0                tlsf_realloc
                0xc0108e40                . = ALIGN (0x4)

.rodata
 *(.rodata)

.rdata          0xc0108e40     0x1800
 *(.rdata)
 .rdata         0xc0108e40       0x3c ide.o
 .rdata         0xc0108e7c      0x240 vm86.o
 *fill*         0xc01090bc        0x4 
 .rdata         0xc01090c0      0x760 kbd.o
 .rdata         0xc0109820       0x44 timer.o
 .rdata         0xc0109864      0x1ac machdep.o
 .rdata         0xc0109a10       0x30 task.o
 .rdata         0xc0109a40       0x40 mktime.o
 .rdata         0xc0109a80       0x54 page.o
 .rdata         0xc0109ad4      0x144 startup.o
 .rdata         0xc0109c18       0x24 frame.o
 .rdata         0xc0109c3c       0x10 dosfs.o
 .rdata         0xc0109c4c       0x8c pe.o
 .rdata         0xc0109cd8       0x20 ../lib/memcpy.o
 .rdata         0xc0109cf8      0x1dc ../lib/snprintf.o
 .rdata$zzz     0xc0109ed4       0x44 ide.o
 .rdata$zzz     0xc0109f18       0x44 floppy.o
 .rdata$zzz     0xc0109f5c       0x44 pci.o
 .rdata$zzz     0xc0109fa0       0x44 vm86.o
 .rdata$zzz     0xc0109fe4       0x44 kbd.o
 .rdata$zzz     0xc010a028       0x44 timer.o
 .rdata$zzz     0xc010a06c       0x44 mktime.o
 .rdata$zzz     0xc010a0b0       0x44 sem.o
 .rdata$zzz     0xc010a0f4       0x44 page.o
 .rdata$zzz     0xc010a138       0x44 startup.o
 .rdata$zzz     0xc010a17c       0x44 frame.o
 .rdata$zzz     0xc010a1c0       0x44 kmalloc.o
 .rdata$zzz     0xc010a204       0x44 dosfs.o
 .rdata$zzz     0xc010a248       0x44 pe.o
 .rdata$zzz     0xc010a28c       0x44 elf.o
 .rdata$zzz     0xc010a2d0       0x44 printk.o
 .rdata$zzz     0xc010a314       0x44 bitmap.o
 .rdata$zzz     0xc010a358       0x44 ../lib/softfloat.o
 .rdata$zzz     0xc010a39c       0x44 ../lib/string.o
 .rdata$zzz     0xc010a3e0       0x44 ../lib/memcpy.o
 .rdata$zzz     0xc010a424       0x44 ../lib/memset.o
 .rdata$zzz     0xc010a468       0x44 ../lib/snprintf.o
 .rdata$zzz     0xc010a4ac       0x44 ../lib/tlsf/tlsf.o

.eh_frame       0xc010b000      0x600
 .eh_frame      0xc010b000      0x278 machdep.o
 .eh_frame      0xc010b278      0x1b8 task.o

.data           0xc010b440     0x2200
 *(.data)
 .data          0xc010b440     0x2000 entry.o
                0xc010d440                tmp_stack
 .data          0xc010d440        0x0 ide.o
 .data          0xc010d440        0x0 floppy.o
 .data          0xc010d440        0x0 pci.o
 .data          0xc010d440        0x0 vm86.o
 .data          0xc010d440        0x0 kbd.o
 .data          0xc010d440        0x0 timer.o
 .data          0xc010d440       0x40 machdep.o
 .data          0xc010d480        0x0 task.o
 .data          0xc010d480        0x0 mktime.o
 .data          0xc010d480        0x0 sem.o
 .data          0xc010d480        0x0 page.o
 .data          0xc010d480        0x8 startup.o
                0xc010d480                PTD
                0xc010d484                PT
 .data          0xc010d488        0x0 frame.o
 .data          0xc010d488        0x0 kmalloc.o
 .data          0xc010d488        0x0 dosfs.o
 .data          0xc010d488        0x0 pe.o
 .data          0xc010d488        0x0 elf.o
 .data          0xc010d488        0x0 printk.o
 .data          0xc010d488        0x0 bitmap.o
 .data          0xc010d488        0x0 ../lib/softfloat.o
 .data          0xc010d488        0x0 ../lib/string.o
 .data          0xc010d488        0x0 ../lib/memcpy.o
 .data          0xc010d488        0x0 ../lib/memset.o
 .data          0xc010d488        0x0 ../lib/snprintf.o
 .data          0xc010d488        0x0 ../lib/tlsf/tlsf.o

.drectve        0xc010e000      0x200
 .drectve       0xc010e000       0xac machdep.o
 .drectve       0xc010e0ac       0x8c task.o
                0xc010e138                . = ALIGN (0x4)
                0xc010e138                _edata = .

.bss            0xc010e140     0x16bc
 *(.bss)
 .bss           0xc010e140        0x0 entry.o
 .bss           0xc010e140        0x0 ide.o
 .bss           0xc010e140        0x0 floppy.o
 .bss           0xc010e140     0x1060 pci.o
 .bss           0xc010f1a0        0x0 vm86.o
 .bss           0xc010f1a0       0x40 kbd.o
 .bss           0xc010f1e0        0xc timer.o
                0xc010f1e0                g_load_avg
                0xc010f1e4                g_timer_ticks
 *fill*         0xc010f1ec       0x14 
 .bss           0xc010f200      0x4a0 machdep.o
 .bss           0xc010f6a0        0x4 task.o
 .bss           0xc010f6a4        0x0 mktime.o
 .bss           0xc010f6a4        0x0 sem.o
 .bss           0xc010f6a4       0x18 page.o
 *fill*         0xc010f6bc        0x4 
 .bss           0xc010f6c0       0xc0 startup.o
                0xc010f6c0                g_volinfo
                0xc010f700                g_ram_zone
                0xc010f740                g_intr_vector
 .bss           0xc010f780       0x60 frame.o
 .bss           0xc010f7e0        0x4 kmalloc.o
 .bss           0xc010f7e4        0x0 dosfs.o
 .bss           0xc010f7e4        0x0 pe.o
 .bss           0xc010f7e4        0x0 elf.o
 .bss           0xc010f7e4        0x0 printk.o
 .bss           0xc010f7e4        0x0 bitmap.o
 .bss           0xc010f7e4        0x0 ../lib/softfloat.o
 .bss           0xc010f7e4        0x0 ../lib/string.o
 .bss           0xc010f7e4        0x0 ../lib/memcpy.o
 .bss           0xc010f7e4        0x0 ../lib/memset.o
 .bss           0xc010f7e4        0x0 ../lib/snprintf.o
 .bss           0xc010f7e4        0x0 ../lib/tlsf/tlsf.o
 *(COMMON)
 COMMON         0xc010f7e4       0x18 machdep.o
                0xc010f7e4                g_task_own_fpu
                0xc010f7e8                g_startup_time
                0xc010f7ec                task0
                0xc010f7f0                g_task_running
                0xc010f7f4                g_resched
                0xc010f7f8                g_task_head
                0xc010f7fc                . = ALIGN (0x4)
                0xc010f7fc                _end = .
OUTPUT(eposkrnl.out pei-i386)

.debug_info     0x00000000    0x14400
 .debug_info    0x00000000     0x1496 ide.o
 .debug_info    0x00001496      0xc16 pci.o
 .debug_info    0x000020ac      0xb6b vm86.o
 .debug_info    0x00002c17      0x771 kbd.o
 .debug_info    0x00003388      0x87d timer.o
 .debug_info    0x00003c05     0x358c machdep.o
 .debug_info    0x00007191      0xa06 task.o
 .debug_info    0x00007b97      0x235 mktime.o
 .debug_info    0x00007dcc      0x214 sem.o
 .debug_info    0x00007fe0      0x89e page.o
 .debug_info    0x0000887e      0xcc6 startup.o
 .debug_info    0x00009544      0x5b8 frame.o
 .debug_info    0x00009afc      0x411 kmalloc.o
 .debug_info    0x00009f0d     0x211c dosfs.o
 .debug_info    0x0000c029      0xfc0 pe.o
 .debug_info    0x0000cfe9      0x285 printk.o
 .debug_info    0x0000d26e     0x16bf bitmap.o
 .debug_info    0x0000e92d      0x618 ../lib/softfloat.o
 .debug_info    0x0000ef45      0x6d9 ../lib/string.o
 .debug_info    0x0000f61e      0x39a ../lib/memcpy.o
 .debug_info    0x0000f9b8      0x225 ../lib/memset.o
 .debug_info    0x0000fbdd      0xb50 ../lib/snprintf.o
 .debug_info    0x0001072d     0x3c85 ../lib/tlsf/tlsf.o

.debug_abbrev   0x00000000     0x3200
 .debug_abbrev  0x00000000      0x1b9 ide.o
 .debug_abbrev  0x000001b9      0x22d pci.o
 .debug_abbrev  0x000003e6      0x267 vm86.o
 .debug_abbrev  0x0000064d      0x1de kbd.o
 .debug_abbrev  0x0000082b      0x275 timer.o
 .debug_abbrev  0x00000aa0      0x4d9 machdep.o
 .debug_abbrev  0x00000f79      0x366 task.o
 .debug_abbrev  0x000012df       0xc1 mktime.o
 .debug_abbrev  0x000013a0       0x75 sem.o
 .debug_abbrev  0x00001415      0x267 page.o
 .debug_abbrev  0x0000167c      0x259 startup.o
 .debug_abbrev  0x000018d5      0x19c frame.o
 .debug_abbrev  0x00001a71      0x129 kmalloc.o
 .debug_abbrev  0x00001b9a      0x3cf dosfs.o
 .debug_abbrev  0x00001f69      0x1e2 pe.o
 .debug_abbrev  0x0000214b       0xdb printk.o
 .debug_abbrev  0x00002226      0x332 bitmap.o
 .debug_abbrev  0x00002558      0x164 ../lib/softfloat.o
 .debug_abbrev  0x000026bc      0x182 ../lib/string.o
 .debug_abbrev  0x0000283e       0xb3 ../lib/memcpy.o
 .debug_abbrev  0x000028f1       0x85 ../lib/memset.o
 .debug_abbrev  0x00002976      0x2f1 ../lib/snprintf.o
 .debug_abbrev  0x00002c67      0x51f ../lib/tlsf/tlsf.o

.debug_loclists
                0x00000000     0x9000
 .debug_loclists
                0x00000000      0x660 ide.o
 .debug_loclists
                0x00000660      0x571 pci.o
 .debug_loclists
                0x00000bd1      0x9cf vm86.o
 .debug_loclists
                0x000015a0      0x17a kbd.o
 .debug_loclists
                0x0000171a      0x25c timer.o
 .debug_loclists
                0x00001976       0x63 mktime.o
 .debug_loclists
                0x000019d9      0x543 page.o
 .debug_loclists
                0x00001f1c       0xfd startup.o
 .debug_loclists
                0x00002019      0x174 frame.o
 .debug_loclists
                0x0000218d       0x47 kmalloc.o
 .debug_loclists
                0x000021d4      0xcdd dosfs.o
 .debug_loclists
                0x00002eb1      0x1ca pe.o
 .debug_loclists
                0x0000307b       0x5a printk.o
 .debug_loclists
                0x000030d5      0xdd0 bitmap.o
 .debug_loclists
                0x00003ea5      0x7fe ../lib/softfloat.o
 .debug_loclists
                0x000046a3      0x622 ../lib/string.o
 .debug_loclists
                0x00004cc5      0xb65 ../lib/memcpy.o
 .debug_loclists
                0x0000582a      0x15f ../lib/memset.o
 .debug_loclists
                0x00005989     0x1082 ../lib/snprintf.o
 .debug_loclists
                0x00006a0b     0x24dc ../lib/tlsf/tlsf.o

.debug_aranges  0x00000000      0x400
 .debug_aranges
                0x00000000       0x20 ide.o
 .debug_aranges
                0x00000020       0x20 pci.o
 .debug_aranges
                0x00000040       0x20 vm86.o
 .debug_aranges
                0x00000060       0x20 kbd.o
 .debug_aranges
                0x00000080       0x20 timer.o
 .debug_aranges
                0x000000a0       0x20 machdep.o
 .debug_aranges
                0x000000c0       0x20 task.o
 .debug_aranges
                0x000000e0       0x20 mktime.o
 .debug_aranges
                0x00000100       0x20 sem.o
 .debug_aranges
                0x00000120       0x20 page.o
 .debug_aranges
                0x00000140       0x20 startup.o
 .debug_aranges
                0x00000160       0x20 frame.o
 .debug_aranges
                0x00000180       0x20 kmalloc.o
 .debug_aranges
                0x000001a0       0x20 dosfs.o
 .debug_aranges
                0x000001c0       0x20 pe.o
 .debug_aranges
                0x000001e0       0x20 printk.o
 .debug_aranges
                0x00000200       0x20 bitmap.o
 .debug_aranges
                0x00000220       0x20 ../lib/softfloat.o
 .debug_aranges
                0x00000240       0x20 ../lib/string.o
 .debug_aranges
                0x00000260       0x20 ../lib/memcpy.o
 .debug_aranges
                0x00000280       0x20 ../lib/memset.o
 .debug_aranges
                0x000002a0       0x20 ../lib/snprintf.o
 .debug_aranges
                0x000002c0       0x20 ../lib/tlsf/tlsf.o

.debug_rnglists
                0x00000000     0x1200
 .debug_rnglists
                0x00000000      0x10a ide.o
 .debug_rnglists
                0x0000010a       0xd9 pci.o
 .debug_rnglists
                0x000001e3      0x1c7 vm86.o
 .debug_rnglists
                0x000003aa       0x29 kbd.o
 .debug_rnglists
                0x000003d3       0x13 timer.o
 .debug_rnglists
                0x000003e6       0x17 page.o
 .debug_rnglists
                0x000003fd       0x17 frame.o
 .debug_rnglists
                0x00000414      0x1a7 dosfs.o
 .debug_rnglists
                0x000005bb       0x16 pe.o
 .debug_rnglists
                0x000005d1      0x491 bitmap.o
 .debug_rnglists
                0x00000a62       0xad ../lib/softfloat.o
 .debug_rnglists
                0x00000b0f       0x29 ../lib/string.o
 .debug_rnglists
                0x00000b38       0x4a ../lib/memcpy.o
 .debug_rnglists
                0x00000b82       0x72 ../lib/snprintf.o
 .debug_rnglists
                0x00000bf4      0x4f9 ../lib/tlsf/tlsf.o

.debug_line     0x00000000     0x9600
 .debug_line    0x00000000      0x97b ide.o
 .debug_line    0x0000097b        0x0 floppy.o
 .debug_line    0x0000097b      0x505 pci.o
 .debug_line    0x00000e80      0xbe7 vm86.o
 .debug_line    0x00001a67      0x2a8 kbd.o
 .debug_line    0x00001d0f      0x316 timer.o
 .debug_line    0x00002025      0x640 machdep.o
 .debug_line    0x00002665      0x1f5 task.o
 .debug_line    0x0000285a       0xca mktime.o
 .debug_line    0x00002924       0x52 sem.o
 .debug_line    0x00002976      0x613 page.o
 .debug_line    0x00002f89      0x259 startup.o
 .debug_line    0x000031e2      0x299 frame.o
 .debug_line    0x0000347b       0xfd kmalloc.o
 .debug_line    0x00003578     0x1961 dosfs.o
 .debug_line    0x00004ed9      0x2bd pe.o
 .debug_line    0x00005196        0x0 elf.o
 .debug_line    0x00005196       0xa8 printk.o
 .debug_line    0x0000523e      0xd8d bitmap.o
 .debug_line    0x00005fcb      0x4ed ../lib/softfloat.o
 .debug_line    0x000064b8      0x49b ../lib/string.o
 .debug_line    0x00006953      0x7f4 ../lib/memcpy.o
 .debug_line    0x00007147      0x1b3 ../lib/memset.o
 .debug_line    0x000072fa      0x930 ../lib/snprintf.o
 .debug_line    0x00007c2a     0x183b ../lib/tlsf/tlsf.o

.debug_str      0x00000000      0x400
 .debug_str     0x00000000        0x0 ide.o
 .debug_str     0x00000000        0x0 floppy.o
 .debug_str     0x00000000        0xf pci.o
 .debug_str     0x0000000f        0xc vm86.o
 .debug_str     0x0000001b        0x0 kbd.o
 .debug_str     0x0000001b        0x0 timer.o
 .debug_str     0x0000001b       0x25 machdep.o
 .debug_str     0x00000040       0x10 task.o
 .debug_str     0x00000050        0x0 mktime.o
 .debug_str     0x00000050        0x0 sem.o
 .debug_str     0x00000050        0xd page.o
 .debug_str     0x0000005d        0x0 startup.o
 .debug_str     0x0000005d        0x8 frame.o
 .debug_str     0x00000065        0xc kmalloc.o
 .debug_str     0x00000071       0xb5 dosfs.o
 .debug_str     0x00000126       0x28 pe.o
 .debug_str     0x0000014e        0x0 elf.o
 .debug_str     0x0000014e        0x0 printk.o
 .debug_str     0x0000014e       0x1c bitmap.o
 .debug_str     0x0000016a        0x0 ../lib/softfloat.o
 .debug_str     0x0000016a        0x0 ../lib/string.o
 .debug_str     0x0000016a       0x17 ../lib/memcpy.o
 .debug_str     0x00000181        0x0 ../lib/memset.o
 .debug_str     0x00000181       0x16 ../lib/snprintf.o
 .debug_str     0x00000197       0x6e ../lib/tlsf/tlsf.o

.debug_line_str
                0x00000000     0x1200
 .debug_line_str
                0x00000000       0xa7 ide.o
 .debug_line_str
                0x000000a7       0x42 floppy.o
 .debug_line_str
                0x000000e9       0x9e pci.o
 .debug_line_str
                0x00000187       0xb4 vm86.o
 .debug_line_str
                0x0000023b       0xbc kbd.o
 .debug_line_str
                0x000002f7       0xda timer.o
 .debug_line_str
                0x000003d1       0xb6 mktime.o
 .debug_line_str
                0x00000487       0x84 sem.o
 .debug_line_str
                0x0000050b       0xd4 page.o
 .debug_line_str
                0x000005df       0xe7 startup.o
 .debug_line_str
                0x000006c6       0xc7 frame.o
 .debug_line_str
                0x0000078d       0xce kmalloc.o
 .debug_line_str
                0x0000085b       0xc6 dosfs.o
 .debug_line_str
                0x00000921       0xc6 pe.o
 .debug_line_str
                0x000009e7       0x3f elf.o
 .debug_line_str
                0x00000a26       0xc1 printk.o
 .debug_line_str
                0x00000ae7       0xad bitmap.o
 .debug_line_str
                0x00000b94       0xb8 ../lib/softfloat.o
 .debug_line_str
                0x00000c4c       0xb2 ../lib/string.o
 .debug_line_str
                0x00000cfe       0xb2 ../lib/memcpy.o
 .debug_line_str
                0x00000db0       0xc6 ../lib/memset.o
 .debug_line_str
                0x00000e76       0xdd ../lib/snprintf.o
 .debug_line_str
                0x00000f53       0xd1 ../lib/tlsf/tlsf.o

.debug_frame    0x00000000     0x2600
 .debug_frame   0x00000000       0xc0 ide.o
 .debug_frame   0x000000c0       0xfc pci.o
 .debug_frame   0x000001bc       0xac vm86.o
 .debug_frame   0x00000268       0x48 kbd.o
 .debug_frame   0x000002b0       0xc4 timer.o
 .debug_frame   0x00000374       0x30 mktime.o
 .debug_frame   0x000003a4       0x54 sem.o
 .debug_frame   0x000003f8      0x214 page.o
 .debug_frame   0x0000060c      0x1c8 startup.o
 .debug_frame   0x000007d4      0x188 frame.o
 .debug_frame   0x0000095c       0xd0 kmalloc.o
 .debug_frame   0x00000a2c      0x9d8 dosfs.o
 .debug_frame   0x00001404      0x1d0 pe.o
 .debug_frame   0x000015d4       0x68 printk.o
 .debug_frame   0x0000163c      0x348 bitmap.o
 .debug_frame   0x00001984      0x178 ../lib/softfloat.o
 .debug_frame   0x00001afc      0x1d0 ../lib/string.o
 .debug_frame   0x00001ccc       0xb0 ../lib/memcpy.o
 .debug_frame   0x00001d7c       0x4c ../lib/memset.o
 .debug_frame   0x00001dc8      0x150 ../lib/snprintf.o
 .debug_frame   0x00001f18      0x524 ../lib/tlsf/tlsf.o

.debug_loc      0x00000000     0x1e00
 .debug_loc     0x00000000     0x155b machdep.o
 .debug_loc     0x0000155b      0x769 task.o

.debug_ranges   0x00000000      0x200
 .debug_ranges  0x00000000      0x130 machdep.o
 .debug_ranges  0x00000130       0xb0 task.o
