
Allocating common symbols
Common symbol       size              file

g_task_own_fpu      0x4               task.o
g_startup_time      0x4               machdep.o
task0               0x4               task.o
g_task_running      0x4               task.o
g_resched           0x4               task.o
g_intr_vector       0x40              startup.o
g_ram_zone          0x40              startup.o
g_volinfo           0x34              startup.o
g_task_head         0x4               task.o

Memory Configuration

Name             Origin             Length             Attributes
*default*        0x00000000         0xffffffff

Linker script and memory map

                0x00400000                __image_base__ = 0x400000
                0x00000000                __dll__ = 0x0
                0x00400000                ___ImageBase = 0x400000
                0x00001000                __section_alignment__ = 0x1000
                0x00000200                __file_alignment__ = 0x200
                0x00000004                __major_os_version__ = 0x4
                0x00000000                __minor_os_version__ = 0x0
                0x00000001                __major_image_version__ = 0x1
                0x00000000                __minor_image_version__ = 0x0
                0x00000004                __major_subsystem_version__ = 0x4
                0x00000000                __minor_subsystem_version__ = 0x0
                0x00000003                __subsystem__ = 0x3
                0x00200000                __size_of_stack_reserve__ = 0x200000
                0x00001000                __size_of_stack_commit__ = 0x1000
                0x00100000                __size_of_heap_reserve__ = 0x100000
                0x00001000                __size_of_heap_commit__ = 0x1000
                0x00000000                __loader_flags__ = 0x0
                0x00000000                __dll_characteristics__ = 0x0
LOAD entry.o
LOAD ide.o
LOAD floppy.o
LOAD pci.o
LOAD vm86.o
LOAD kbd.o
LOAD timer.o
LOAD machdep.o
LOAD task.o
LOAD mktime.o
LOAD sem.o
LOAD page.o
LOAD startup.o
LOAD frame.o
LOAD kmalloc.o
LOAD dosfs.o
LOAD pe.o
LOAD elf.o
LOAD printk.o
LOAD bitmap.o
LOAD ../lib/softfloat.o
LOAD ../lib/string.o
LOAD ../lib/memcpy.o
LOAD ../lib/memset.o
LOAD ../lib/snprintf.o
LOAD ../lib/tlsf/tlsf.o
                0xc0100000                . = 0xc0100000

.text           0xc0100000     0x8c00
 *(.text)
 .text          0xc0100000      0x95c entry.o
                0xc0100000                entry
                0xc0100036                exception_divide_error
                0xc010003c                exception_debug
                0xc0100042                exception_nmi
                0xc0100048                exception_breakpoint
                0xc010004e                exception_overflow
                0xc0100054                exception_bounds_check
                0xc010005a                exception_inval_opcode
                0xc0100060                exception_copr_not_avail
                0xc0100066                exception_double_fault
                0xc010006a                exception_copr_seg_overrun
                0xc0100070                exception_inval_tss
                0xc0100074                exception_segment_not_present
                0xc0100078                exception_stack_fault
                0xc010007c                exception_general_protection
                0xc0100080                exception_page_fault
                0xc0100084                exception_intel_reserved
                0xc010008a                exception_copr_error
                0xc0100090                exception_alignment_check
                0xc0100094                exception_machine_check
                0xc010009a                exception_simd_fp
                0xc0100117                int0x82_syscall
                0xc0100173                ret_from_syscall
                0xc01001ad                hwint00
                0xc0100222                hwint01
                0xc0100297                hwint02
                0xc010030c                hwint03
                0xc0100381                hwint04
                0xc01003f6                hwint05
                0xc010046b                hwint06
                0xc01004e0                hwint07
                0xc0100555                hwint08
                0xc01005cc                hwint09
                0xc0100643                hwint10
                0xc01006ba                hwint11
                0xc0100731                hwint12
                0xc01007a8                hwint13
                0xc010081f                hwint14
                0xc0100896                hwint15
                0xc010090d                lgdt
                0xc0100933                lidt
                0xc010093b                sys_vm86
 .text          0xc010095c      0x20c ide.o
                0xc0100994                ide_init
                0xc01009e8                ide_read_sector
                0xc0100ac0                ide_write_sector
 .text          0xc0100b68        0x0 floppy.o
 .text          0xc0100b68      0x2d8 pci.o
                0xc0100b68                pci_get_bar_addr
                0xc0100bb8                pci_get_bar_size
                0xc0100c58                pci_get_intr_line
                0xc0100ca4                pci_init
 .text          0xc0100e40      0xa5c vm86.o
                0xc0100e40                vm86_init
                0xc0100efc                vm86_emulate
 .text          0xc010189c      0x2b8 kbd.o
                0xc010189c                isr_keyboard
                0xc0101b30                sys_getchar
 .text          0xc0101b54      0x328 timer.o
                0xc0101bd4                isr_timer
                0xc0101d28                calibrate_delay
                0xc0101e34                sys_sleep
                0xc0101e4c                sys_nanosleep
 .text          0xc0101e7c     0x14c8 machdep.o
                0xc0101e7c                enable_irq
                0xc0101eb4                disable_irq
                0xc0101eec                switch_to
                0xc0101f18                sys_putchar
                0xc0102044                sys_beep
                0xc0102084                exception
                0xc01022ec                cstart
                0xc0102dd0                sys_time
                0xc0102de8                sys_getpriority
                0xc0102e20                sys_setpriority
                0xc0102e80                syscall
 .text          0xc0103344      0x54c task.o
                0xc0103344                schedule
                0xc0103408                sleep_on
                0xc0103470                wake_up
                0xc0103498                sys_task_create
                0xc010371c                sys_task_exit
                0xc010376c                sys_task_wait
                0xc0103818                sys_task_getid
                0xc010382c                sys_task_yield
                0xc0103840                init_task
 .text          0xc0103890       0xa0 mktime.o
                0xc0103890                mktime
 .text          0xc0103930       0x20 sem.o
                0xc0103930                sys_sem_create
                0xc0103938                sys_sem_destroy
                0xc0103940                sys_sem_wait
                0xc0103948                sys_sem_signal
 .text          0xc0103950      0x4dc page.o
                0xc0103950                init_vmspace
                0xc0103994                page_alloc_in_addr
                0xc0103aac                page_alloc
                0xc0103bcc                page_free
                0xc0103c60                page_prot
                0xc0103ca4                page_map
                0xc0103ce0                page_unmap
                0xc0103d10                do_page_fault
 .text          0xc0103e2c      0x2f0 startup.o
                0xc0103e2c                isr_default
                0xc0103e30                DFS_ReadSector
                0xc0103e7c                DFS_WriteSector
                0xc0103ec8                start_user_task
                0xc0104058                mi_startup
 .text          0xc010411c      0x2b8 frame.o
                0xc010411c                init_frame
                0xc0104234                frame_alloc_in_addr
                0xc01042cc                frame_alloc
                0xc0104368                frame_free
 .text          0xc01043d4       0xc0 kmalloc.o
                0xc01043d4                kmalloc
                0xc01043f8                krealloc
                0xc0104424                kfree
                0xc0104448                kmemalign
                0xc0104474                init_kmalloc
 .text          0xc0104494     0x2030 dosfs.o
                0xc0104494                ldiv
                0xc01044b0                div
                0xc01044cc                DFS_GetPtnStart
                0xc01045a8                DFS_GetVolInfo
                0xc0104764                DFS_GetFAT
                0xc0104984                DFS_SetFAT
                0xc0104da0                DFS_CanonicalToDir
                0xc0104e14                DFS_GetFreeFAT
                0xc0104e74                DFS_GetNext
                0xc0104ff0                DFS_OpenDir
                0xc010526c                DFS_GetFreeDirEnt
                0xc01053e4                DFS_OpenFile
                0xc0105894                DFS_ReadFile
                0xc0105be8                DFS_Seek
                0xc0105dd4                DFS_UnlinkFile
                0xc0105ef8                DFS_WriteFile
 .text          0xc01064c4      0x360 pe.o
                0xc01064c4                load_aout
 .text          0xc0106824        0x0 elf.o
 .text          0xc0106824       0x58 printk.o
                0xc0106824                printk
 .text          0xc010687c      0x464 bitmap.o
                0xc010687c                bitmap_buf_size
                0xc0106890                bitmap_size
                0xc0106898                bitmap_set
                0xc01068c8                bitmap_mark
                0xc01068e8                bitmap_reset
                0xc0106908                bitmap_flip
                0xc0106928                bitmap_test
                0xc010694c                bitmap_set_multiple
                0xc010698c                bitmap_set_all
                0xc01069b8                bitmap_create_in_buf
                0xc01069e4                bitmap_count
                0xc0106a34                bitmap_contains
                0xc0106aa8                bitmap_any
                0xc0106b08                bitmap_none
                0xc0106b64                bitmap_all
                0xc0106bc0                bitmap_scan
                0xc0106c84                bitmap_scan_and_flip
 .text          0xc0106ce0      0x204 ../lib/softfloat.o
                0xc0106ce0                __udivmoddi4
                0xc0106d98                __divdi3
                0xc0106e00                __moddi3
                0xc0106e74                __udivdi3
                0xc0106ea8                __umoddi3
 .text          0xc0106ee4      0x2a0 ../lib/string.o
                0xc0106ee4                memcmp
                0xc0106f0c                memmove
                0xc0106f5c                memchr
                0xc0106f84                strcat
                0xc0106fa8                strcmp
                0xc0106fd4                strncmp
                0xc0107020                strchr
                0xc0107044                strrchr
                0xc0107068                strstr
                0xc0107108                strcpy
                0xc0107128                strlen
                0xc0107140                strncpy
 .text          0xc0107184      0x530 ../lib/memcpy.o
                0xc0107184                memcpy
 .text          0xc01076b4       0x9c ../lib/memset.o
                0xc01076b4                memset
 .text          0xc0107750      0x940 ../lib/snprintf.o
                0xc01079a0                vsnprintf
                0xc0108058                snprintf
 .text          0xc0108090      0x9b4 ../lib/tlsf/tlsf.o
                0xc010840c                tlsf_check
                0xc0108510                tlsf_walk_pool
                0xc010857c                tlsf_block_size
                0xc0108590                tlsf_check_pool
                0xc01085c8                tlsf_size
                0xc01085d0                tlsf_align_size
                0xc01085d8                tlsf_block_size_min
                0xc01085e0                tlsf_block_size_max
                0xc01085e8                tlsf_pool_overhead
                0xc01085f0                tlsf_alloc_overhead
                0xc01085f8                tlsf_add_pool
                0xc0108648                tlsf_remove_pool
                0xc0108690                tlsf_create
                0xc01086dc                tlsf_create_with_pool
                0xc0108758                tlsf_destroy
                0xc010875c                tlsf_get_pool
                0xc0108768                tlsf_malloc
                0xc0108794                tlsf_memalign
                0xc0108874                tlsf_free
                0xc01088e8                tlsf_realloc
                0xc0108a44                . = ALIGN (0x4)

.rodata
 *(.rodata)

.rdata          0xc0108a60     0x1000
 *(.rdata)
 .rdata         0xc0108a60       0x3c ide.o
 .rdata         0xc0108a9c      0x240 vm86.o
 *fill*         0xc0108cdc        0x4 
 .rdata         0xc0108ce0      0x5a0 kbd.o
 .rdata         0xc0109280       0x44 timer.o
 .rdata         0xc01092c4      0x1ac machdep.o
 *fill*         0xc0109470       0x10 
 .rdata         0xc0109480       0x40 mktime.o
 .rdata         0xc01094c0       0x54 page.o
 .rdata         0xc0109514      0x144 startup.o
 .rdata         0xc0109658       0x24 frame.o
 .rdata         0xc010967c       0x8c pe.o
 .rdata         0xc0109708       0x20 ../lib/memcpy.o
 .rdata         0xc0109728      0x1dc ../lib/snprintf.o

.eh_frame       0xc010a000     0x2000
 .eh_frame      0xc010a000       0xe0 ide.o
 .eh_frame      0xc010a0e0      0x100 pci.o
 .eh_frame      0xc010a1e0       0x70 vm86.o
 .eh_frame      0xc010a250       0x4c kbd.o
 .eh_frame      0xc010a29c       0xf8 timer.o
 .eh_frame      0xc010a394      0x250 machdep.o
 .eh_frame      0xc010a5e4      0x1a4 task.o
 .eh_frame      0xc010a788       0x40 mktime.o
 .eh_frame      0xc010a7c8       0x68 sem.o
 .eh_frame      0xc010a830      0x1bc page.o
 .eh_frame      0xc010a9ec       0xe0 startup.o
 .eh_frame      0xc010aacc      0x120 frame.o
 .eh_frame      0xc010abec       0xb0 kmalloc.o
 .eh_frame      0xc010ac9c      0x4e8 dosfs.o
 .eh_frame      0xc010b184       0x70 pe.o
 .eh_frame      0xc010b1f4       0x4c printk.o
 .eh_frame      0xc010b240      0x310 bitmap.o
 .eh_frame      0xc010b550      0x108 ../lib/softfloat.o
 .eh_frame      0xc010b658      0x1f8 ../lib/string.o
 .eh_frame      0xc010b850       0x70 ../lib/memcpy.o
 .eh_frame      0xc010b8c0       0x64 ../lib/memset.o
 .eh_frame      0xc010b924       0xb8 ../lib/snprintf.o
 .eh_frame      0xc010b9dc      0x4f4 ../lib/tlsf/tlsf.o

.data           0xc010bee0     0x2200
 *(.data)
 .data          0xc010bee0     0x2000 entry.o
                0xc010dee0                tmp_stack
 .data          0xc010dee0        0x0 ide.o
 .data          0xc010dee0        0x0 floppy.o
 .data          0xc010dee0        0x0 pci.o
 .data          0xc010dee0        0x0 vm86.o
 .data          0xc010dee0        0x0 kbd.o
 .data          0xc010dee0        0x0 timer.o
 .data          0xc010dee0       0x40 machdep.o
 .data          0xc010df20        0x0 task.o
 .data          0xc010df20        0x0 mktime.o
 .data          0xc010df20        0x0 sem.o
 .data          0xc010df20        0x0 page.o
 .data          0xc010df20        0x8 startup.o
                0xc010df20                PTD
                0xc010df24                PT
 .data          0xc010df28        0x0 frame.o
 .data          0xc010df28        0x0 kmalloc.o
 .data          0xc010df28        0x0 dosfs.o
 .data          0xc010df28        0x0 pe.o
 .data          0xc010df28        0x0 elf.o
 .data          0xc010df28        0x0 printk.o
 .data          0xc010df28        0x0 bitmap.o
 .data          0xc010df28        0x0 ../lib/softfloat.o
 .data          0xc010df28        0x0 ../lib/string.o
 .data          0xc010df28        0x0 ../lib/memcpy.o
 .data          0xc010df28        0x0 ../lib/memset.o
 .data          0xc010df28        0x0 ../lib/snprintf.o
 .data          0xc010df28        0x0 ../lib/tlsf/tlsf.o

.drectve        0xc010e000      0x200
 .drectve       0xc010e000       0x20 machdep.o
 .drectve       0xc010e020       0x8c task.o
 .drectve       0xc010e0ac       0x54 startup.o
                0xc010e100                . = ALIGN (0x4)
                0xc010e100                _edata = .

.bss            0xc010e100     0x16b4
 *(.bss)
 .bss           0xc010e100        0x0 entry.o
 .bss           0xc010e100        0x0 ide.o
 .bss           0xc010e100        0x0 floppy.o
 .bss           0xc010e100     0x1060 pci.o
 .bss           0xc010f160        0x0 vm86.o
 .bss           0xc010f160       0x40 kbd.o
 .bss           0xc010f1a0        0xc timer.o
                0xc010f1a0                g_load_avg
                0xc010f1a4                g_timer_ticks
 *fill*         0xc010f1ac       0x14 
 .bss           0xc010f1c0      0x4a0 machdep.o
 .bss           0xc010f660        0x4 task.o
 .bss           0xc010f664        0x0 mktime.o
 .bss           0xc010f664        0x0 sem.o
 .bss           0xc010f664       0x18 page.o
 .bss           0xc010f67c        0x0 startup.o
 *fill*         0xc010f67c        0x4 
 .bss           0xc010f680       0x60 frame.o
 .bss           0xc010f6e0        0x4 kmalloc.o
 .bss           0xc010f6e4        0x0 dosfs.o
 .bss           0xc010f6e4        0x0 pe.o
 .bss           0xc010f6e4        0x0 elf.o
 .bss           0xc010f6e4        0x0 printk.o
 .bss           0xc010f6e4        0x0 bitmap.o
 .bss           0xc010f6e4        0x0 ../lib/softfloat.o
 .bss           0xc010f6e4        0x0 ../lib/string.o
 .bss           0xc010f6e4        0x0 ../lib/memcpy.o
 .bss           0xc010f6e4        0x0 ../lib/memset.o
 .bss           0xc010f6e4        0x0 ../lib/snprintf.o
 .bss           0xc010f6e4        0x0 ../lib/tlsf/tlsf.o
 *(COMMON)
 COMMON         0xc010f6e4        0x4 machdep.o
                0xc010f6e4                g_startup_time
 COMMON         0xc010f6e8       0x14 task.o
                0xc010f6e8                g_task_own_fpu
                0xc010f6ec                task0
                0xc010f6f0                g_task_running
                0xc010f6f4                g_resched
                0xc010f6f8                g_task_head
 *fill*         0xc010f6fc        0x4 
 COMMON         0xc010f700       0xb4 startup.o
                0xc010f700                g_intr_vector
                0xc010f740                g_ram_zone
                0xc010f780                g_volinfo
                0xc010f7b4                . = ALIGN (0x4)
                0xc010f7b4                _end = .
OUTPUT(eposkrnl.out pei-i386)

.debug_info     0x00000000    0x12600
 .debug_info    0x00000000      0xe84 ide.o
 .debug_info    0x00000e84      0xad3 pci.o
 .debug_info    0x00001957      0xada vm86.o
 .debug_info    0x00002431      0x72c kbd.o
 .debug_info    0x00002b5d      0x958 timer.o
 .debug_info    0x000034b5     0x356d machdep.o
 .debug_info    0x00006a22      0x994 task.o
 .debug_info    0x000073b6      0x1f7 mktime.o
 .debug_info    0x000075ad      0x1e1 sem.o
 .debug_info    0x0000778e      0x8c4 page.o
 .debug_info    0x00008052      0xe5b startup.o
 .debug_info    0x00008ead      0x602 frame.o
 .debug_info    0x000094af      0x3fc kmalloc.o
 .debug_info    0x000098ab     0x26d2 dosfs.o
 .debug_info    0x0000bf7d     0x1146 pe.o
 .debug_info    0x0000d0c3      0x24a printk.o
 .debug_info    0x0000d30d      0xdc6 bitmap.o
 .debug_info    0x0000e0d3      0x37c ../lib/softfloat.o
 .debug_info    0x0000e44f      0x5c4 ../lib/string.o
 .debug_info    0x0000ea13      0x2f7 ../lib/memcpy.o
 .debug_info    0x0000ed0a      0x1b1 ../lib/memset.o
 .debug_info    0x0000eebb      0x9d6 ../lib/snprintf.o
 .debug_info    0x0000f891     0x2c9e ../lib/tlsf/tlsf.o

.debug_abbrev   0x00000000     0x2e00
 .debug_abbrev  0x00000000      0x1ae ide.o
 .debug_abbrev  0x000001ae      0x1aa pci.o
 .debug_abbrev  0x00000358      0x1e7 vm86.o
 .debug_abbrev  0x0000053f      0x190 kbd.o
 .debug_abbrev  0x000006cf      0x22a timer.o
 .debug_abbrev  0x000008f9      0x4bd machdep.o
 .debug_abbrev  0x00000db6      0x345 task.o
 .debug_abbrev  0x000010fb       0xb5 mktime.o
 .debug_abbrev  0x000011b0       0x64 sem.o
 .debug_abbrev  0x00001214      0x227 page.o
 .debug_abbrev  0x0000143b      0x217 startup.o
 .debug_abbrev  0x00001652      0x17a frame.o
 .debug_abbrev  0x000017cc       0xfe kmalloc.o
 .debug_abbrev  0x000018ca      0x332 dosfs.o
 .debug_abbrev  0x00001bfc      0x1e2 pe.o
 .debug_abbrev  0x00001dde       0xfa printk.o
 .debug_abbrev  0x00001ed8      0x2e7 bitmap.o
 .debug_abbrev  0x000021bf      0x131 ../lib/softfloat.o
 .debug_abbrev  0x000022f0      0x17d ../lib/string.o
 .debug_abbrev  0x0000246d       0xab ../lib/memcpy.o
 .debug_abbrev  0x00002518       0x85 ../lib/memset.o
 .debug_abbrev  0x0000259d      0x226 ../lib/snprintf.o
 .debug_abbrev  0x000027c3      0x4b6 ../lib/tlsf/tlsf.o

.debug_loc      0x00000000     0xea00
 .debug_loc     0x00000000      0xcfc ide.o
 .debug_loc     0x00000cfc      0x90b pci.o
 .debug_loc     0x00001607     0x101b vm86.o
 .debug_loc     0x00002622      0x135 kbd.o
 .debug_loc     0x00002757      0x446 timer.o
 .debug_loc     0x00002b9d     0x152b machdep.o
 .debug_loc     0x000040c8      0x757 task.o
 .debug_loc     0x0000481f       0xfb mktime.o
 .debug_loc     0x0000491a      0x9a2 page.o
 .debug_loc     0x000052bc      0x29b startup.o
 .debug_loc     0x00005557      0x43a frame.o
 .debug_loc     0x00005991      0x188 kmalloc.o
 .debug_loc     0x00005b19     0x2c85 dosfs.o
 .debug_loc     0x0000879e      0x367 pe.o
 .debug_loc     0x00008b05       0xdf printk.o
 .debug_loc     0x00008be4      0xae5 bitmap.o
 .debug_loc     0x000096c9      0x514 ../lib/softfloat.o
 .debug_loc     0x00009bdd      0x9e4 ../lib/string.o
 .debug_loc     0x0000a5c1      0x979 ../lib/memcpy.o
 .debug_loc     0x0000af3a      0x23e ../lib/memset.o
 .debug_loc     0x0000b178     0x1562 ../lib/snprintf.o
 .debug_loc     0x0000c6da     0x21b5 ../lib/tlsf/tlsf.o

.debug_aranges  0x00000000      0x400
 .debug_aranges
                0x00000000       0x20 ide.o
 .debug_aranges
                0x00000020       0x20 pci.o
 .debug_aranges
                0x00000040       0x20 vm86.o
 .debug_aranges
                0x00000060       0x20 kbd.o
 .debug_aranges
                0x00000080       0x20 timer.o
 .debug_aranges
                0x000000a0       0x20 machdep.o
 .debug_aranges
                0x000000c0       0x20 task.o
 .debug_aranges
                0x000000e0       0x20 mktime.o
 .debug_aranges
                0x00000100       0x20 sem.o
 .debug_aranges
                0x00000120       0x20 page.o
 .debug_aranges
                0x00000140       0x20 startup.o
 .debug_aranges
                0x00000160       0x20 frame.o
 .debug_aranges
                0x00000180       0x20 kmalloc.o
 .debug_aranges
                0x000001a0       0x20 dosfs.o
 .debug_aranges
                0x000001c0       0x20 pe.o
 .debug_aranges
                0x000001e0       0x20 printk.o
 .debug_aranges
                0x00000200       0x20 bitmap.o
 .debug_aranges
                0x00000220       0x20 ../lib/softfloat.o
 .debug_aranges
                0x00000240       0x20 ../lib/string.o
 .debug_aranges
                0x00000260       0x20 ../lib/memcpy.o
 .debug_aranges
                0x00000280       0x20 ../lib/memset.o
 .debug_aranges
                0x000002a0       0x20 ../lib/snprintf.o
 .debug_aranges
                0x000002c0       0x20 ../lib/tlsf/tlsf.o

.debug_line     0x00000000     0x2e00
 .debug_line    0x00000000      0x1e0 ide.o
 .debug_line    0x000001e0        0x0 floppy.o
 .debug_line    0x000001e0      0x10c pci.o
 .debug_line    0x000002ec      0x44f vm86.o
 .debug_line    0x0000073b       0xfb kbd.o
 .debug_line    0x00000836      0x13e timer.o
 .debug_line    0x00000974      0x65d machdep.o
 .debug_line    0x00000fd1      0x1df task.o
 .debug_line    0x000011b0       0x7f mktime.o
 .debug_line    0x0000122f       0x3a sem.o
 .debug_line    0x00001269      0x1f9 page.o
 .debug_line    0x00001462      0x134 startup.o
 .debug_line    0x00001596       0xeb frame.o
 .debug_line    0x00001681       0x9b kmalloc.o
 .debug_line    0x0000171c      0x6a1 dosfs.o
 .debug_line    0x00001dbd      0x109 pe.o
 .debug_line    0x00001ec6        0x0 elf.o
 .debug_line    0x00001ec6       0x88 printk.o
 .debug_line    0x00001f4e      0x1fb bitmap.o
 .debug_line    0x00002149       0xaa ../lib/softfloat.o
 .debug_line    0x000021f3      0x120 ../lib/string.o
 .debug_line    0x00002313      0x165 ../lib/memcpy.o
 .debug_line    0x00002478       0xbf ../lib/memset.o
 .debug_line    0x00002537      0x296 ../lib/snprintf.o
 .debug_line    0x000027cd      0x454 ../lib/tlsf/tlsf.o

.debug_ranges   0x00000000     0x1200
 .debug_ranges  0x00000000      0x180 pci.o
 .debug_ranges  0x00000180      0x280 vm86.o
 .debug_ranges  0x00000400       0x40 kbd.o
 .debug_ranges  0x00000440       0x30 timer.o
 .debug_ranges  0x00000470      0x150 machdep.o
 .debug_ranges  0x000005c0       0xb0 task.o
 .debug_ranges  0x00000670       0x38 page.o
 .debug_ranges  0x000006a8       0x18 startup.o
 .debug_ranges  0x000006c0       0x18 frame.o
 .debug_ranges  0x000006d8      0x370 dosfs.o
 .debug_ranges  0x00000a48       0x20 pe.o
 .debug_ranges  0x00000a68      0x2d0 bitmap.o
 .debug_ranges  0x00000d38       0x30 ../lib/softfloat.o
 .debug_ranges  0x00000d68       0x40 ../lib/string.o
 .debug_ranges  0x00000da8       0x48 ../lib/memcpy.o
 .debug_ranges  0x00000df0       0xa0 ../lib/snprintf.o
 .debug_ranges  0x00000e90      0x1d8 ../lib/tlsf/tlsf.o

.debug_str      0x00000000      0x400
 .debug_str     0x00000000        0xf pci.o
 .debug_str     0x0000000f        0xc vm86.o
 .debug_str     0x0000001b       0x25 machdep.o
 .debug_str     0x00000040       0x10 task.o
 .debug_str     0x00000050        0xd page.o
 .debug_str     0x0000005d        0x8 frame.o
 .debug_str     0x00000065        0xc kmalloc.o
 .debug_str     0x00000071       0xb5 dosfs.o
 .debug_str     0x00000126       0x28 pe.o
 .debug_str     0x0000014e       0x1c bitmap.o
 .debug_str     0x0000016a       0x17 ../lib/memcpy.o
 .debug_str     0x00000181       0x16 ../lib/snprintf.o
 .debug_str     0x00000197       0x6e ../lib/tlsf/tlsf.o
