
Allocating common symbols
Common symbol       size              file

g_task_own_fpu      0x4               task.o
g_startup_time      0x4               machdep.o
task0               0x4               task.o
g_task_running      0x4               task.o
g_resched           0x4               task.o
g_intr_vector       0x40              startup.o
g_ram_zone          0x40              startup.o
g_volinfo           0x34              startup.o
g_task_head         0x4               task.o

Memory Configuration

Name             Origin             Length             Attributes
*default*        0x00000000         0xffffffff

Linker script and memory map

                0x00400000                __image_base__ = 0x400000
                0x00000000                __dll__ = 0x0
                0x00400000                ___ImageBase = 0x400000
                0x00001000                __section_alignment__ = 0x1000
                0x00000200                __file_alignment__ = 0x200
                0x00000004                __major_os_version__ = 0x4
                0x00000000                __minor_os_version__ = 0x0
                0x00000001                __major_image_version__ = 0x1
                0x00000000                __minor_image_version__ = 0x0
                0x00000004                __major_subsystem_version__ = 0x4
                0x00000000                __minor_subsystem_version__ = 0x0
                0x00000003                __subsystem__ = 0x3
                0x00200000                __size_of_stack_reserve__ = 0x200000
                0x00001000                __size_of_stack_commit__ = 0x1000
                0x00100000                __size_of_heap_reserve__ = 0x100000
                0x00001000                __size_of_heap_commit__ = 0x1000
                0x00000000                __loader_flags__ = 0x0
                0x00000000                __dll_characteristics__ = 0x0
LOAD entry.o
LOAD ide.o
LOAD floppy.o
LOAD pci.o
LOAD vm86.o
LOAD kbd.o
LOAD timer.o
LOAD machdep.o
LOAD task.o
LOAD mktime.o
LOAD sem.o
LOAD page.o
LOAD startup.o
LOAD frame.o
LOAD kmalloc.o
LOAD dosfs.o
LOAD pe.o
LOAD elf.o
LOAD printk.o
LOAD bitmap.o
LOAD ../lib/softfloat.o
LOAD ../lib/string.o
LOAD ../lib/memcpy.o
LOAD ../lib/memset.o
LOAD ../lib/snprintf.o
LOAD ../lib/tlsf/tlsf.o
                0xc0100000                . = 0xc0100000

.text           0xc0100000     0x9c00
 *(.text)
 .text          0xc0100000      0x974 entry.o
                0xc0100000                entry
                0xc0100036                exception_divide_error
                0xc010003c                exception_debug
                0xc0100042                exception_nmi
                0xc0100048                exception_breakpoint
                0xc010004e                exception_overflow
                0xc0100054                exception_bounds_check
                0xc010005a                exception_inval_opcode
                0xc0100060                exception_copr_not_avail
                0xc0100066                exception_double_fault
                0xc010006a                exception_copr_seg_overrun
                0xc0100070                exception_inval_tss
                0xc0100074                exception_segment_not_present
                0xc0100078                exception_stack_fault
                0xc010007c                exception_general_protection
                0xc0100080                exception_page_fault
                0xc0100084                exception_intel_reserved
                0xc010008a                exception_copr_error
                0xc0100090                exception_alignment_check
                0xc0100094                exception_machine_check
                0xc010009a                exception_simd_fp
                0xc0100129                int0x82_syscall
                0xc0100185                ret_from_syscall
                0xc01001bf                hwint00
                0xc0100234                hwint01
                0xc01002a9                hwint02
                0xc010031e                hwint03
                0xc0100393                hwint04
                0xc0100408                hwint05
                0xc010047d                hwint06
                0xc01004f2                hwint07
                0xc0100567                hwint08
                0xc01005de                hwint09
                0xc0100655                hwint10
                0xc01006cc                hwint11
                0xc0100743                hwint12
                0xc01007ba                hwint13
                0xc0100831                hwint14
                0xc01008a8                hwint15
                0xc010091f                lgdt
                0xc0100945                lidt
                0xc010094d                sys_vm86
 .text          0xc0100974      0x20c ide.o
                0xc01009ac                ide_init
                0xc0100a00                ide_read_sector
                0xc0100ad8                ide_write_sector
 .text          0xc0100b80        0x0 floppy.o
 .text          0xc0100b80      0x2d8 pci.o
                0xc0100b80                pci_get_bar_addr
                0xc0100bd0                pci_get_bar_size
                0xc0100c70                pci_get_intr_line
                0xc0100cbc                pci_init
 .text          0xc0100e58      0xba0 vm86.o
                0xc0100e58                vm86_init
                0xc0100f14                vm86_emulate
                0xc01018b4                vm86_call
 .text          0xc01019f8      0x2c8 kbd.o
                0xc01019f8                isr_keyboard
                0xc0101c9c                sys_getchar
 .text          0xc0101cc0      0x374 timer.o
                0xc0101d3c                isr_timer
                0xc0101e90                calibrate_delay
                0xc0101f9c                sys_sleep
                0xc0101fb4                sys_nanosleep
 .text          0xc0102034     0x16ac machdep.o
                0xc0102034                enable_irq
                0xc010206c                disable_irq
                0xc01020a4                switch_to
                0xc01020d0                sys_putchar
                0xc01021fc                sys_beep
                0xc010223c                syscall
                0xc0102660                do_page_fault
                0xc01026f8                exception
                0xc0102bf4                cstart
 .text          0xc01036e0      0x550 task.o
                0xc01036e0                schedule
                0xc01037a4                sleep_on
                0xc010380c                wake_up
                0xc0103834                sys_task_create
                0xc0103ab8                sys_task_exit
                0xc0103b08                sys_task_wait
                0xc0103bb8                sys_task_getid
                0xc0103bcc                sys_task_yield
                0xc0103be0                init_task
 .text          0xc0103c30       0xa0 mktime.o
                0xc0103c30                mktime
 .text          0xc0103cd0       0x20 sem.o
                0xc0103cd0                sys_sem_create
                0xc0103cd8                sys_sem_destroy
                0xc0103ce0                sys_sem_wait
                0xc0103ce8                sys_sem_signal
 .text          0xc0103cf0      0x3c0 page.o
                0xc0103cf0                init_vmspace
                0xc0103d34                page_alloc_in_addr
                0xc0103e4c                page_alloc
                0xc0103f6c                page_free
                0xc0104000                page_prot
                0xc0104044                page_map
                0xc0104080                page_unmap
 .text          0xc01040b0      0x2f0 startup.o
                0xc01040b0                isr_default
                0xc01040b4                DFS_ReadSector
                0xc0104100                DFS_WriteSector
                0xc010414c                start_user_task
                0xc01042dc                mi_startup
 .text          0xc01043a0      0x2b8 frame.o
                0xc01043a0                init_frame
                0xc01044b8                frame_alloc_in_addr
                0xc0104550                frame_alloc
                0xc01045ec                frame_free
 .text          0xc0104658       0xc0 kmalloc.o
                0xc0104658                kmalloc
                0xc010467c                krealloc
                0xc01046a8                kfree
                0xc01046cc                kmemalign
                0xc01046f8                init_kmalloc
 .text          0xc0104718     0x2024 dosfs.o
                0xc0104718                ldiv
                0xc0104734                div
                0xc0104750                DFS_GetPtnStart
                0xc010482c                DFS_GetVolInfo
                0xc01049e8                DFS_GetFAT
                0xc0104c08                DFS_SetFAT
                0xc0104ff4                DFS_CanonicalToDir
                0xc0105068                DFS_GetFreeFAT
                0xc01050c8                DFS_GetNext
                0xc010525c                DFS_OpenDir
                0xc01054d8                DFS_GetFreeDirEnt
                0xc0105658                DFS_OpenFile
                0xc0105b04                DFS_ReadFile
                0xc0105e60                DFS_Seek
                0xc0106040                DFS_UnlinkFile
                0xc0106164                DFS_WriteFile
                0xc0106738                DFS_Close
 .text          0xc010673c      0x360 pe.o
                0xc010673c                load_aout
 .text          0xc0106a9c        0x0 elf.o
 .text          0xc0106a9c       0x58 printk.o
                0xc0106a9c                printk
 .text          0xc0106af4      0x464 bitmap.o
                0xc0106af4                bitmap_buf_size
                0xc0106b08                bitmap_size
                0xc0106b10                bitmap_set
                0xc0106b40                bitmap_mark
                0xc0106b60                bitmap_reset
                0xc0106b80                bitmap_flip
                0xc0106ba0                bitmap_test
                0xc0106bc4                bitmap_set_multiple
                0xc0106c04                bitmap_set_all
                0xc0106c30                bitmap_create_in_buf
                0xc0106c5c                bitmap_count
                0xc0106cac                bitmap_contains
                0xc0106d20                bitmap_any
                0xc0106d80                bitmap_none
                0xc0106ddc                bitmap_all
                0xc0106e38                bitmap_scan
                0xc0106efc                bitmap_scan_and_flip
 .text          0xc0106f58      0x204 ../lib/softfloat.o
                0xc0106f58                __udivmoddi4
                0xc0107010                __divdi3
                0xc0107078                __moddi3
                0xc01070ec                __udivdi3
                0xc0107120                __umoddi3
 .text          0xc010715c      0x358 ../lib/string.o
                0xc010715c                memcmp
                0xc0107184                memmove
                0xc01071d4                memchr
                0xc01071fc                strcat
                0xc0107220                strcmp
                0xc010724c                strncmp
                0xc0107298                strchr
                0xc01072bc                strrchr
                0xc01072e0                strstr
                0xc0107380                strcpy
                0xc01073a0                strlen
                0xc01073b8                strncpy
                0xc01073fc                strcasecmp
                0xc0107444                strncasecmp
 .text          0xc01074b4      0x530 ../lib/memcpy.o
                0xc01074b4                memcpy
 .text          0xc01079e4       0x9c ../lib/memset.o
                0xc01079e4                memset
 .text          0xc0107a80     0x1680 ../lib/snprintf.o
                0xc01089e4                vsnprintf
                0xc01090d4                snprintf
 .text          0xc0109100      0x9b4 ../lib/tlsf/tlsf.o
                0xc010947c                tlsf_check
                0xc0109580                tlsf_walk_pool
                0xc01095ec                tlsf_block_size
                0xc0109600                tlsf_check_pool
                0xc0109638                tlsf_size
                0xc0109640                tlsf_align_size
                0xc0109648                tlsf_block_size_min
                0xc0109650                tlsf_block_size_max
                0xc0109658                tlsf_pool_overhead
                0xc0109660                tlsf_alloc_overhead
                0xc0109668                tlsf_add_pool
                0xc01096b8                tlsf_remove_pool
                0xc0109700                tlsf_create
                0xc010974c                tlsf_create_with_pool
                0xc01097c8                tlsf_destroy
                0xc01097cc                tlsf_get_pool
                0xc01097d8                tlsf_malloc
                0xc0109804                tlsf_memalign
                0xc01098e4                tlsf_free
                0xc0109958                tlsf_realloc
                0xc0109ab4                . = ALIGN (0x4)

.rodata
 *(.rodata)

.rdata          0xc0109ac0     0x1400
 *(.rdata)
 .rdata         0xc0109ac0       0x3c ide.o
 .rdata         0xc0109afc      0x26c vm86.o
 *fill*         0xc0109d68       0x18 
 .rdata         0xc0109d80      0x5a0 kbd.o
 .rdata         0xc010a320       0x44 timer.o
 .rdata         0xc010a364      0x390 machdep.o
 *fill*         0xc010a6f4        0xc 
 .rdata         0xc010a700       0x40 mktime.o
 .rdata         0xc010a740      0x144 startup.o
 .rdata         0xc010a884       0x24 frame.o
 .rdata         0xc010a8a8       0x8c pe.o
 *fill*         0xc010a934        0xc 
 .rdata         0xc010a940      0x100 ../lib/string.o
 .rdata         0xc010aa40       0x20 ../lib/memcpy.o
 .rdata         0xc010aa60      0x328 ../lib/snprintf.o

.eh_frame       0xc010b000     0x2000
 .eh_frame      0xc010b000       0xe0 ide.o
 .eh_frame      0xc010b0e0      0x100 pci.o
 .eh_frame      0xc010b1e0       0xc8 vm86.o
 .eh_frame      0xc010b2a8       0x4c kbd.o
 .eh_frame      0xc010b2f4      0x104 timer.o
 .eh_frame      0xc010b3f8      0x248 machdep.o
 .eh_frame      0xc010b640      0x1a4 task.o
 .eh_frame      0xc010b7e4       0x40 mktime.o
 .eh_frame      0xc010b824       0x68 sem.o
 .eh_frame      0xc010b88c      0x184 page.o
 .eh_frame      0xc010ba10       0xe0 startup.o
 .eh_frame      0xc010baf0      0x120 frame.o
 .eh_frame      0xc010bc10       0xb0 kmalloc.o
 .eh_frame      0xc010bcc0      0x4d8 dosfs.o
 .eh_frame      0xc010c198       0x70 pe.o
 .eh_frame      0xc010c208       0x4c printk.o
 .eh_frame      0xc010c254      0x310 bitmap.o
 .eh_frame      0xc010c564      0x108 ../lib/softfloat.o
 .eh_frame      0xc010c66c      0x268 ../lib/string.o
 .eh_frame      0xc010c8d4       0x70 ../lib/memcpy.o
 .eh_frame      0xc010c944       0x64 ../lib/memset.o
 .eh_frame      0xc010c9a8      0x130 ../lib/snprintf.o
 .eh_frame      0xc010cad8      0x4f4 ../lib/tlsf/tlsf.o

.data           0xc010cfe0     0x2200
 *(.data)
 .data          0xc010cfe0     0x2000 entry.o
                0xc010efe0                tmp_stack
 .data          0xc010efe0        0x0 ide.o
 .data          0xc010efe0        0x0 floppy.o
 .data          0xc010efe0        0x0 pci.o
 .data          0xc010efe0        0x0 vm86.o
 .data          0xc010efe0        0x0 kbd.o
 .data          0xc010efe0        0x0 timer.o
 .data          0xc010efe0       0x40 machdep.o
 .data          0xc010f020        0x0 task.o
 .data          0xc010f020        0x0 mktime.o
 .data          0xc010f020        0x0 sem.o
 .data          0xc010f020        0x0 page.o
 .data          0xc010f020        0x8 startup.o
                0xc010f020                PTD
                0xc010f024                PT
 .data          0xc010f028        0x0 frame.o
 .data          0xc010f028        0x0 kmalloc.o
 .data          0xc010f028        0x0 dosfs.o
 .data          0xc010f028        0x0 pe.o
 .data          0xc010f028        0x0 elf.o
 .data          0xc010f028        0x0 printk.o
 .data          0xc010f028        0x0 bitmap.o
 .data          0xc010f028        0x0 ../lib/softfloat.o
 .data          0xc010f028        0x0 ../lib/string.o
 .data          0xc010f028        0x0 ../lib/memcpy.o
 .data          0xc010f028        0x0 ../lib/memset.o
 .data          0xc010f028        0x0 ../lib/snprintf.o
 .data          0xc010f028        0x0 ../lib/tlsf/tlsf.o

.drectve        0xc0110000      0x200
 .drectve       0xc0110000       0x20 machdep.o
 .drectve       0xc0110020       0x8c task.o
 .drectve       0xc01100ac       0x54 startup.o
                0xc0110100                . = ALIGN (0x4)
                0xc0110100                _edata = .

.bss            0xc0110100     0x16b4
 *(.bss)
 .bss           0xc0110100        0x0 entry.o
 .bss           0xc0110100        0x0 ide.o
 .bss           0xc0110100        0x0 floppy.o
 .bss           0xc0110100     0x1060 pci.o
 .bss           0xc0111160        0x0 vm86.o
 .bss           0xc0111160       0x40 kbd.o
 .bss           0xc01111a0        0xc timer.o
                0xc01111a0                g_load_avg
                0xc01111a4                g_timer_ticks
 *fill*         0xc01111ac       0x14 
 .bss           0xc01111c0      0x4a0 machdep.o
 .bss           0xc0111660        0x4 task.o
 .bss           0xc0111664        0x0 mktime.o
 .bss           0xc0111664        0x0 sem.o
 .bss           0xc0111664       0x18 page.o
 .bss           0xc011167c        0x0 startup.o
 *fill*         0xc011167c        0x4 
 .bss           0xc0111680       0x60 frame.o
 .bss           0xc01116e0        0x4 kmalloc.o
 .bss           0xc01116e4        0x0 dosfs.o
 .bss           0xc01116e4        0x0 pe.o
 .bss           0xc01116e4        0x0 elf.o
 .bss           0xc01116e4        0x0 printk.o
 .bss           0xc01116e4        0x0 bitmap.o
 .bss           0xc01116e4        0x0 ../lib/softfloat.o
 .bss           0xc01116e4        0x0 ../lib/string.o
 .bss           0xc01116e4        0x0 ../lib/memcpy.o
 .bss           0xc01116e4        0x0 ../lib/memset.o
 .bss           0xc01116e4        0x0 ../lib/snprintf.o
 .bss           0xc01116e4        0x0 ../lib/tlsf/tlsf.o
 *(COMMON)
 COMMON         0xc01116e4        0x4 machdep.o
                0xc01116e4                g_startup_time
 COMMON         0xc01116e8       0x14 task.o
                0xc01116e8                g_task_own_fpu
                0xc01116ec                task0
                0xc01116f0                g_task_running
                0xc01116f4                g_resched
                0xc01116f8                g_task_head
 *fill*         0xc01116fc        0x4 
 COMMON         0xc0111700       0xb4 startup.o
                0xc0111700                g_intr_vector
                0xc0111740                g_ram_zone
                0xc0111780                g_volinfo
                0xc01117b4                . = ALIGN (0x4)
                0xc01117b4                _end = .
OUTPUT(eposkrnl.out pei-i386)

.debug_info     0x00000000    0x12c00
 .debug_info    0x00000000      0xe84 ide.o
 .debug_info    0x00000e84      0xad1 pci.o
 .debug_info    0x00001955      0xc33 vm86.o
 .debug_info    0x00002588      0x746 kbd.o
 .debug_info    0x00002cce      0x9a8 timer.o
 .debug_info    0x00003676     0x37a1 machdep.o
 .debug_info    0x00006e17      0x994 task.o
 .debug_info    0x000077ab      0x1f5 mktime.o
 .debug_info    0x000079a0      0x1e1 sem.o
 .debug_info    0x00007b81      0x563 page.o
 .debug_info    0x000080e4      0xe5b startup.o
 .debug_info    0x00008f3f      0x602 frame.o
 .debug_info    0x00009541      0x3fa kmalloc.o
 .debug_info    0x0000993b     0x26ea dosfs.o
 .debug_info    0x0000c025     0x1146 pe.o
 .debug_info    0x0000d16b      0x24a printk.o
 .debug_info    0x0000d3b5      0xdc4 bitmap.o
 .debug_info    0x0000e179      0x37a ../lib/softfloat.o
 .debug_info    0x0000e4f3      0x6cb ../lib/string.o
 .debug_info    0x0000ebbe      0x2f5 ../lib/memcpy.o
 .debug_info    0x0000eeb3      0x1af ../lib/memset.o
 .debug_info    0x0000f062      0xec3 ../lib/snprintf.o
 .debug_info    0x0000ff25     0x2c9c ../lib/tlsf/tlsf.o

.debug_abbrev   0x00000000     0x2e00
 .debug_abbrev  0x00000000      0x1ae ide.o
 .debug_abbrev  0x000001ae      0x1aa pci.o
 .debug_abbrev  0x00000358      0x253 vm86.o
 .debug_abbrev  0x000005ab      0x197 kbd.o
 .debug_abbrev  0x00000742      0x239 timer.o
 .debug_abbrev  0x0000097b      0x455 machdep.o
 .debug_abbrev  0x00000dd0      0x345 task.o
 .debug_abbrev  0x00001115       0xb5 mktime.o
 .debug_abbrev  0x000011ca       0x64 sem.o
 .debug_abbrev  0x0000122e      0x1c5 page.o
 .debug_abbrev  0x000013f3      0x217 startup.o
 .debug_abbrev  0x0000160a      0x17a frame.o
 .debug_abbrev  0x00001784       0xfe kmalloc.o
 .debug_abbrev  0x00001882      0x33f dosfs.o
 .debug_abbrev  0x00001bc1      0x1e2 pe.o
 .debug_abbrev  0x00001da3       0xfa printk.o
 .debug_abbrev  0x00001e9d      0x2e7 bitmap.o
 .debug_abbrev  0x00002184      0x131 ../lib/softfloat.o
 .debug_abbrev  0x000022b5      0x184 ../lib/string.o
 .debug_abbrev  0x00002439       0xab ../lib/memcpy.o
 .debug_abbrev  0x000024e4       0x85 ../lib/memset.o
 .debug_abbrev  0x00002569      0x21d ../lib/snprintf.o
 .debug_abbrev  0x00002786      0x4b6 ../lib/tlsf/tlsf.o

.debug_loc      0x00000000    0x10400
 .debug_loc     0x00000000      0xcfc ide.o
 .debug_loc     0x00000cfc      0x90b pci.o
 .debug_loc     0x00001607     0x124b vm86.o
 .debug_loc     0x00002852      0x1d1 kbd.o
 .debug_loc     0x00002a23      0x487 timer.o
 .debug_loc     0x00002eaa     0x14df machdep.o
 .debug_loc     0x00004389      0x757 task.o
 .debug_loc     0x00004ae0       0xfb mktime.o
 .debug_loc     0x00004bdb      0x829 page.o
 .debug_loc     0x00005404      0x29b startup.o
 .debug_loc     0x0000569f      0x43a frame.o
 .debug_loc     0x00005ad9      0x188 kmalloc.o
 .debug_loc     0x00005c61     0x2d5b dosfs.o
 .debug_loc     0x000089bc      0x367 pe.o
 .debug_loc     0x00008d23       0xdf printk.o
 .debug_loc     0x00008e02      0xae5 bitmap.o
 .debug_loc     0x000098e7      0x514 ../lib/softfloat.o
 .debug_loc     0x00009dfb      0xc06 ../lib/string.o
 .debug_loc     0x0000aa01      0x979 ../lib/memcpy.o
 .debug_loc     0x0000b37a      0x23e ../lib/memset.o
 .debug_loc     0x0000b5b8     0x2b75 ../lib/snprintf.o
 .debug_loc     0x0000e12d     0x21a0 ../lib/tlsf/tlsf.o

.debug_aranges  0x00000000      0x400
 .debug_aranges
                0x00000000       0x20 ide.o
 .debug_aranges
                0x00000020       0x20 pci.o
 .debug_aranges
                0x00000040       0x20 vm86.o
 .debug_aranges
                0x00000060       0x20 kbd.o
 .debug_aranges
                0x00000080       0x20 timer.o
 .debug_aranges
                0x000000a0       0x20 machdep.o
 .debug_aranges
                0x000000c0       0x20 task.o
 .debug_aranges
                0x000000e0       0x20 mktime.o
 .debug_aranges
                0x00000100       0x20 sem.o
 .debug_aranges
                0x00000120       0x20 page.o
 .debug_aranges
                0x00000140       0x20 startup.o
 .debug_aranges
                0x00000160       0x20 frame.o
 .debug_aranges
                0x00000180       0x20 kmalloc.o
 .debug_aranges
                0x000001a0       0x20 dosfs.o
 .debug_aranges
                0x000001c0       0x20 pe.o
 .debug_aranges
                0x000001e0       0x20 printk.o
 .debug_aranges
                0x00000200       0x20 bitmap.o
 .debug_aranges
                0x00000220       0x20 ../lib/softfloat.o
 .debug_aranges
                0x00000240       0x20 ../lib/string.o
 .debug_aranges
                0x00000260       0x20 ../lib/memcpy.o
 .debug_aranges
                0x00000280       0x20 ../lib/memset.o
 .debug_aranges
                0x000002a0       0x20 ../lib/snprintf.o
 .debug_aranges
                0x000002c0       0x20 ../lib/tlsf/tlsf.o

.debug_line     0x00000000     0x3200
 .debug_line    0x00000000      0x1e0 ide.o
 .debug_line    0x000001e0        0x0 floppy.o
 .debug_line    0x000001e0      0x10c pci.o
 .debug_line    0x000002ec      0x48d vm86.o
 .debug_line    0x00000779       0xfa kbd.o
 .debug_line    0x00000873      0x145 timer.o
 .debug_line    0x000009b8      0x696 machdep.o
 .debug_line    0x0000104e      0x1e0 task.o
 .debug_line    0x0000122e       0x7f mktime.o
 .debug_line    0x000012ad       0x3a sem.o
 .debug_line    0x000012e7      0x1a8 page.o
 .debug_line    0x0000148f      0x134 startup.o
 .debug_line    0x000015c3       0xeb frame.o
 .debug_line    0x000016ae       0x9b kmalloc.o
 .debug_line    0x00001749      0x6a4 dosfs.o
 .debug_line    0x00001ded      0x109 pe.o
 .debug_line    0x00001ef6        0x0 elf.o
 .debug_line    0x00001ef6       0x88 printk.o
 .debug_line    0x00001f7e      0x1fb bitmap.o
 .debug_line    0x00002179       0xaa ../lib/softfloat.o
 .debug_line    0x00002223      0x14e ../lib/string.o
 .debug_line    0x00002371      0x167 ../lib/memcpy.o
 .debug_line    0x000024d8       0xbf ../lib/memset.o
 .debug_line    0x00002597      0x654 ../lib/snprintf.o
 .debug_line    0x00002beb      0x454 ../lib/tlsf/tlsf.o

.debug_ranges   0x00000000     0x1200
 .debug_ranges  0x00000000      0x180 pci.o
 .debug_ranges  0x00000180      0x280 vm86.o
 .debug_ranges  0x00000400       0x60 kbd.o
 .debug_ranges  0x00000460       0x30 timer.o
 .debug_ranges  0x00000490      0x178 machdep.o
 .debug_ranges  0x00000608       0xb0 task.o
 .debug_ranges  0x000006b8       0x18 startup.o
 .debug_ranges  0x000006d0       0x18 frame.o
 .debug_ranges  0x000006e8      0x370 dosfs.o
 .debug_ranges  0x00000a58       0x20 pe.o
 .debug_ranges  0x00000a78      0x2d0 bitmap.o
 .debug_ranges  0x00000d48       0x30 ../lib/softfloat.o
 .debug_ranges  0x00000d78       0x40 ../lib/string.o
 .debug_ranges  0x00000db8       0x48 ../lib/memcpy.o
 .debug_ranges  0x00000e00      0x1b0 ../lib/snprintf.o
 .debug_ranges  0x00000fb0      0x1d8 ../lib/tlsf/tlsf.o

.debug_str      0x00000000      0x400
 .debug_str     0x00000000        0xf pci.o
 .debug_str     0x0000000f        0xc vm86.o
 .debug_str     0x0000001b       0x25 machdep.o
 .debug_str     0x00000040       0x10 task.o
 .debug_str     0x00000050        0xd page.o
 .debug_str     0x0000005d        0x8 frame.o
 .debug_str     0x00000065        0xc kmalloc.o
 .debug_str     0x00000071       0xb5 dosfs.o
 .debug_str     0x00000126       0x28 pe.o
 .debug_str     0x0000014e       0x1c bitmap.o
 .debug_str     0x0000016a       0x17 ../lib/memcpy.o
 .debug_str     0x00000181       0x53 ../lib/snprintf.o
 .debug_str     0x000001d4       0x6e ../lib/tlsf/tlsf.o
