
Allocating common symbols
Common symbol       size              file

tid2                0x4               main.o
ary1                0x320             main.o
ary2                0x320             main.o
g_heap              0x4               lib/malloc.o
tid1                0x4               main.o

Discarded input sections

 .drectve       0x00000000       0x54 main.o
 .drectve       0x00000000       0x18 lib/malloc.o

Memory Configuration

Name             Origin             Length             Attributes
*default*        0x00000000         0xffffffff

Linker script and memory map

                0x00400000                __image_base__ = 0x400000
                0x00000000                __dll__ = 0x0
                0x00400000                ___ImageBase = 0x400000
                0x00001000                __section_alignment__ = 0x1000
                0x00000200                __file_alignment__ = 0x200
                0x00000004                __major_os_version__ = 0x4
                0x00000000                __minor_os_version__ = 0x0
                0x00000001                __major_image_version__ = 0x1
                0x00000000                __minor_image_version__ = 0x0
                0x00000004                __major_subsystem_version__ = 0x4
                0x00000000                __minor_subsystem_version__ = 0x0
                0x00000003                __subsystem__ = 0x3
                0x00200000                __size_of_stack_reserve__ = 0x200000
                0x00001000                __size_of_stack_commit__ = 0x1000
                0x00100000                __size_of_heap_reserve__ = 0x100000
                0x00001000                __size_of_heap_commit__ = 0x1000
                0x00000000                __loader_flags__ = 0x0
                0x00000000                __dll_characteristics__ = 0x0
LOAD lib/crt0.o
LOAD lib/setjmp.o
LOAD lib/syscall-wrapper.o
LOAD vm86call.o
LOAD graphics.o
LOAD main.o
LOAD lib/sysconf.o
LOAD lib/math.o
LOAD lib/stdio.o
LOAD lib/stdlib.o
LOAD lib/qsort.o
LOAD ../lib/softfloat.o
LOAD ../lib/string.o
LOAD ../lib/memcpy.o
LOAD ../lib/memset.o
LOAD ../lib/snprintf.o
LOAD lib/malloc.o
LOAD ../lib/tlsf/tlsf.o
                0x00000380                . = SIZEOF_HEADERS
                0x00001000                . = ALIGN (__section_alignment__)

.text           0x00401000     0x7200
 *(.init)
 *(.text)
 .text          0x00401000        0x8 lib/crt0.o
                0x00401000                start
 .text          0x00401008       0x38 lib/setjmp.o
                0x00401008                setjmp
                0x00401022                longjmp
 .text          0x00401040       0xa0 lib/syscall-wrapper.o
                0x00401040                task_exit
                0x00401048                task_create
                0x00401050                task_getid
                0x00401058                task_yield
                0x00401060                task_wait
                0x00401068                reboot
                0x00401070                mmap
                0x00401078                munmap
                0x00401080                sleep
                0x00401088                nanosleep
                0x00401090                beep
                0x00401098                vm86
                0x004010a0                putchar
                0x004010a8                getchar
                0x004010b0                recv
                0x004010b8                send
                0x004010c0                ioctl
                0x004010c8                time
                0x004010d0                getpriority
                0x004010d8                setpriority
 .text          0x004010e0      0x240 vm86call.o
                0x004010e0                vm86call
 .text          0x00401320      0xdec graphics.o
                0x004015ba                list_graphic_modes
                0x00401809                init_graphic
                0x00401b02                exit_graphic
                0x00401b4f                setPixel
                0x00401f40                line
 .text          0x0040210c      0xb24 main.o
                0x0040210c                __main
                0x00402168                main
                0x0040236b                tsk_1
                0x004023e1                tsk_2
                0x0040245d                sort_bubble1
                0x00402608                sort_bubble2
                0x004027c5                tsk_3
 .text          0x00402c30       0x1c lib/sysconf.o
                0x00402c30                sysconf
 .text          0x00402c4c      0x694 lib/math.o
                0x00402c4c                fabs
                0x00402c85                floor
                0x00402d00                ceil
                0x00402d63                sin
                0x00402d9a                cos
                0x00402dd1                sqrt
                0x00402e08                log2
                0x00402e4e                atan2
                0x00402e94                tan
                0x00402ecd                cot
                0x00402f08                pow
                0x00402faf                exp
                0x0040301f                log
                0x0040305f                atan
 .text          0x004032e0      0x1cc lib/stdio.o
                0x004032e0                printf
                0x0040334d                fprintf
                0x004033ba                vprintf
                0x0040341b                vfprintf
                0x00403435                vsprintf
                0x0040345e                sprintf
                0x00403493                fputc
 .text          0x004034ac      0x694 lib/stdlib.o
                0x004034ac                exit
                0x004034bf                ldiv
                0x00403500                div
                0x00403638                rand_r
                0x00403661                rand
                0x00403675                srand
                0x00403732                strtol
                0x00403912                strtoul
                0x00403acf                atol
                0x00403af2                strdup
 .text          0x00403b40      0x710 lib/qsort.o
                0x00403c5d                qsort
 .text          0x00404250      0x2dc ../lib/softfloat.o
                0x00404250                __udivmoddi4
                0x0040435b                __divdi3
                0x004043f6                __moddi3
                0x00404495                __udivdi3
                0x004044dd                __umoddi3
 .text          0x0040452c      0x424 ../lib/string.o
                0x0040452c                memcmp
                0x00404573                memmove
                0x004045ec                memchr
                0x0040462b                strcat
                0x00404669                strcmp
                0x004046b5                strncmp
                0x0040470a                strchr
                0x00404733                strrchr
                0x00404768                strstr
                0x004047ce                strcpy
                0x004047fa                strlen
                0x00404822                strncpy
                0x0040487b                strcasecmp
                0x004048d9                strncasecmp
 .text          0x00404950      0x944 ../lib/memcpy.o
                0x00404950                memcpy
 .text          0x00405294       0x94 ../lib/memset.o
                0x00405294                memset
 .text          0x00405328     0x18e4 ../lib/snprintf.o
                0x00405328                vsnprintf
                0x00406bd8                snprintf
 .text          0x00406c0c       0xc0 lib/malloc.o
                0x00406c0c                malloc
                0x00406c28                calloc
                0x00406c69                memalign
                0x00406c8c                realloc
                0x00406caf                free
 .text          0x00406ccc     0x1374 ../lib/tlsf/tlsf.o
                0x004077e4                tlsf_check
                0x0040799a                tlsf_walk_pool
                0x00407a3c                tlsf_block_size
                0x00407a70                tlsf_check_pool
                0x00407aa3                tlsf_size
                0x00407aad                tlsf_align_size
                0x00407ab7                tlsf_block_size_min
                0x00407ac1                tlsf_block_size_max
                0x00407acb                tlsf_pool_overhead
                0x00407ad7                tlsf_alloc_overhead
                0x00407ae1                tlsf_add_pool
                0x00407bcf                tlsf_remove_pool
                0x00407c45                tlsf_create
                0x00407c6c                tlsf_create_with_pool
                0x00407cb3                tlsf_destroy
                0x00407cb8                tlsf_get_pool
                0x00407cc7                tlsf_malloc
                0x00407d19                tlsf_memalign
                0x00407e61                tlsf_free
                0x00407eca                tlsf_realloc
 *(SORT(.text$*))
 *(.text.*)
 *(.gnu.linkonce.t.*)
 *(.glue_7t)
 *(.glue_7)
                0x00408040                ___CTOR_LIST__ = .
                0x00408040                __CTOR_LIST__ = .
                0x00408040        0x4 LONG 0xffffffff
 *(.ctors)
 *(.ctor)
 *(SORT(.ctors.*))
                0x00408044        0x4 LONG 0x0
                0x00408048                ___DTOR_LIST__ = .
                0x00408048                __DTOR_LIST__ = .
                0x00408048        0x4 LONG 0xffffffff
 *(.dtors)
 *(.dtor)
 *(SORT(.dtors.*))
                0x0040804c        0x4 LONG 0x0
 *(.fini)
 *(.gcc_exc)
                0x00408050                PROVIDE (etext, .)
 *(.gcc_except_table)

.data           0x00409000      0x200
                0x00409000                __data_start__ = .
 *(.data)
 .data          0x00409000        0x0 lib/crt0.o
 .data          0x00409000        0x0 lib/setjmp.o
 .data          0x00409000        0x0 lib/syscall-wrapper.o
 .data          0x00409000        0x0 vm86call.o
 .data          0x00409000        0x4 graphics.o
 .data          0x00409004        0x0 main.o
 .data          0x00409004        0x0 lib/sysconf.o
 .data          0x00409004        0x0 lib/math.o
 .data          0x00409004        0x0 lib/stdio.o
 .data          0x00409004        0x4 lib/stdlib.o
 .data          0x00409008        0x0 lib/qsort.o
 .data          0x00409008        0x0 ../lib/softfloat.o
 *fill*         0x00409008       0x18 
 .data          0x00409020      0x100 ../lib/string.o
 .data          0x00409120        0x0 ../lib/memcpy.o
 .data          0x00409120        0x0 ../lib/memset.o
 .data          0x00409120        0x0 ../lib/snprintf.o
 .data          0x00409120        0x0 lib/malloc.o
 .data          0x00409120        0x0 ../lib/tlsf/tlsf.o
 *(.data2)
 *(SORT(.data$*))
 *(.jcr)
                0x00409120                __data_end__ = .
 *(.data_cygwin_nocopy)

.rdata          0x0040a000      0x800
 *(.rdata)
 .rdata         0x0040a000       0x2c vm86call.o
 .rdata         0x0040a02c      0x264 graphics.o
 *fill*         0x0040a290       0x10 
 .rdata         0x0040a2a0       0xc0 lib/math.o
 .rdata         0x0040a360       0xa0 ../lib/memcpy.o
 .rdata         0x0040a400      0x338 ../lib/snprintf.o
 .rdata         0x0040a738       0x18 ../lib/tlsf/tlsf.o
 *(SORT(.rdata$*))
                0x0040a750                __rt_psrelocs_start = .
 *(.rdata_runtime_pseudo_reloc)
                0x0040a750                __rt_psrelocs_end = .
                0x00000000                __rt_psrelocs_size = (__rt_psrelocs_end - __rt_psrelocs_start)
                0x0040a750                ___RUNTIME_PSEUDO_RELOC_LIST_END__ = .
                0x0040a750                __RUNTIME_PSEUDO_RELOC_LIST_END__ = .
                0x0040a750                ___RUNTIME_PSEUDO_RELOC_LIST__ = (. - __rt_psrelocs_size)
                0x0040a750                __RUNTIME_PSEUDO_RELOC_LIST__ = (. - __rt_psrelocs_size)

.eh_frame       0x0040b000     0x1800
 *(.eh_frame*)
 .eh_frame      0x0040b000       0x40 vm86call.o
 .eh_frame      0x0040b040      0x1ac graphics.o
 .eh_frame      0x0040b1ec       0xf4 main.o
 .eh_frame      0x0040b2e0       0x38 lib/sysconf.o
 .eh_frame      0x0040b318      0x1e4 lib/math.o
 .eh_frame      0x0040b4fc       0xf8 lib/stdio.o
 .eh_frame      0x0040b5f4      0x21c lib/stdlib.o
 .eh_frame      0x0040b810       0x80 lib/qsort.o
 .eh_frame      0x0040b890       0xc4 ../lib/softfloat.o
 .eh_frame      0x0040b954      0x1d8 ../lib/string.o
 .eh_frame      0x0040bb2c       0x38 ../lib/memcpy.o
 .eh_frame      0x0040bb64       0x44 ../lib/memset.o
 .eh_frame      0x0040bba8      0x19c ../lib/snprintf.o
 .eh_frame      0x0040bd44       0xb8 lib/malloc.o
 .eh_frame      0x0040bdfc      0x860 ../lib/tlsf/tlsf.o

.pdata
 *(.pdata)

.bss            0x0040d000      0x9a8
                0x0040d000                __bss_start__ = .
 *(.bss)
 .bss           0x0040d000        0x0 lib/crt0.o
 .bss           0x0040d000        0x0 lib/setjmp.o
 .bss           0x0040d000        0x0 lib/syscall-wrapper.o
 .bss           0x0040d000        0x0 vm86call.o
 .bss           0x0040d000      0x340 graphics.o
                0x0040d000                g_graphic_dev
 .bss           0x0040d340        0x0 main.o
 .bss           0x0040d340        0x0 lib/sysconf.o
 .bss           0x0040d340        0x0 lib/math.o
 .bss           0x0040d340        0x0 lib/stdio.o
 .bss           0x0040d340        0x0 lib/stdlib.o
 .bss           0x0040d340        0x0 lib/qsort.o
 .bss           0x0040d340        0x0 ../lib/softfloat.o
 .bss           0x0040d340        0x0 ../lib/string.o
 .bss           0x0040d340        0x0 ../lib/memcpy.o
 .bss           0x0040d340        0x0 ../lib/memset.o
 .bss           0x0040d340        0x0 ../lib/snprintf.o
 .bss           0x0040d340        0x0 lib/malloc.o
 .bss           0x0040d340        0x0 ../lib/tlsf/tlsf.o
 *(COMMON)
 COMMON         0x0040d340      0x664 main.o
                0x0040d340                tid2
                0x0040d360                ary1
                0x0040d680                ary2
                0x0040d9a0                tid1
 COMMON         0x0040d9a4        0x4 lib/malloc.o
                0x0040d9a4                g_heap
                0x0040d9a8                __bss_end__ = .

.edata
 *(.edata)

/DISCARD/
 *(.debug$S)
 *(.debug$T)
 *(.debug$F)
 *(.drectve)
 *(.note.GNU-stack)
 *(.gnu.lto_*)

.idata          0x0040e000      0x200
 SORT(*)(.idata$2)
 SORT(*)(.idata$3)
                0x0040e000        0x4 LONG 0x0
                0x0040e004        0x4 LONG 0x0
                0x0040e008        0x4 LONG 0x0
                0x0040e00c        0x4 LONG 0x0
                0x0040e010        0x4 LONG 0x0
 SORT(*)(.idata$4)
                0x0040e014                __IAT_start__ = .
 SORT(*)(.idata$5)
                0x0040e014                __IAT_end__ = .
 SORT(*)(.idata$6)
 SORT(*)(.idata$7)

.CRT            0x0040f000        0x0
                0x0040f000                ___crt_xc_start__ = .
 *(SORT(.CRT$XC*))
                0x0040f000                ___crt_xc_end__ = .
                0x0040f000                ___crt_xi_start__ = .
 *(SORT(.CRT$XI*))
                0x0040f000                ___crt_xi_end__ = .
                0x0040f000                ___crt_xl_start__ = .
 *(SORT(.CRT$XL*))
                0x0040f000                ___crt_xp_start__ = .
 *(SORT(.CRT$XP*))
                0x0040f000                ___crt_xp_end__ = .
                0x0040f000                ___crt_xt_start__ = .
 *(SORT(.CRT$XT*))
                0x0040f000                ___crt_xt_end__ = .

.tls            0x0040f000        0x0
                0x0040f000                ___tls_start__ = .
 *(.tls)
 *(.tls$)
 *(SORT(.tls$*))
                0x0040f000                ___tls_end__ = .

.endjunk        0x0040f000        0x0
                0x0040f000                PROVIDE (end, .)
                0x0040f000                PROVIDE (_end, .)
                0x0040f000                __end__ = .

.rsrc
 *(.rsrc)
 *(SORT(.rsrc$*))

.reloc
 *(.reloc)

.stab
 *(.stab)

.stabstr
 *(.stabstr)

.debug_aranges  0x0040f000      0x200
 *(.debug_aranges)
 .debug_aranges
                0x0040f000       0x20 vm86call.o
 .debug_aranges
                0x0040f020       0x20 graphics.o
 .debug_aranges
                0x0040f040       0x20 main.o
 .debug_aranges
                0x0040f060       0x20 lib/sysconf.o
 .debug_aranges
                0x0040f080       0x20 lib/math.o
 .debug_aranges
                0x0040f0a0       0x20 lib/stdio.o
 .debug_aranges
                0x0040f0c0       0x20 lib/stdlib.o
 .debug_aranges
                0x0040f0e0       0x20 lib/qsort.o
 .debug_aranges
                0x0040f100       0x20 ../lib/softfloat.o
 .debug_aranges
                0x0040f120       0x20 ../lib/string.o
 .debug_aranges
                0x0040f140       0x20 ../lib/memcpy.o
 .debug_aranges
                0x0040f160       0x20 ../lib/memset.o
 .debug_aranges
                0x0040f180       0x20 ../lib/snprintf.o
 .debug_aranges
                0x0040f1a0       0x20 lib/malloc.o
 .debug_aranges
                0x0040f1c0       0x20 ../lib/tlsf/tlsf.o

.debug_pubnames
 *(.debug_pubnames)

.debug_pubtypes
 *(.debug_pubtypes)

.debug_info     0x00410000     0x6000
 *(.debug_info .gnu.linkonce.wi.*)
 .debug_info    0x00410000      0x2f6 vm86call.o
 .debug_info    0x004102f6      0xcb3 graphics.o
 .debug_info    0x00410fa9      0x63e main.o
 .debug_info    0x004115e7       0xb1 lib/sysconf.o
 .debug_info    0x00411698      0x5af lib/math.o
 .debug_info    0x00411c47      0x3f3 lib/stdio.o
 .debug_info    0x0041203a      0x641 lib/stdlib.o
 .debug_info    0x0041267b      0x3bb lib/qsort.o
 .debug_info    0x00412a36      0x2d1 ../lib/softfloat.o
 .debug_info    0x00412d07      0x5c9 ../lib/string.o
 .debug_info    0x004132d0      0x2f3 ../lib/memcpy.o
 .debug_info    0x004135c3      0x1a6 ../lib/memset.o
 .debug_info    0x00413769      0xa56 ../lib/snprintf.o
 .debug_info    0x004141bf      0x212 lib/malloc.o
 .debug_info    0x004143d1     0x1b5e ../lib/tlsf/tlsf.o

.debug_abbrev   0x00416000     0x1000
 *(.debug_abbrev)
 .debug_abbrev  0x00416000       0x96 vm86call.o
 .debug_abbrev  0x00416096      0x194 graphics.o
 .debug_abbrev  0x0041622a      0x10f main.o
 .debug_abbrev  0x00416339       0x4a lib/sysconf.o
 .debug_abbrev  0x00416383       0xf4 lib/math.o
 .debug_abbrev  0x00416477       0xec lib/stdio.o
 .debug_abbrev  0x00416563      0x171 lib/stdlib.o
 .debug_abbrev  0x004166d4       0xfc lib/qsort.o
 .debug_abbrev  0x004167d0       0xa5 ../lib/softfloat.o
 .debug_abbrev  0x00416875       0xb0 ../lib/string.o
 .debug_abbrev  0x00416925       0x9e ../lib/memcpy.o
 .debug_abbrev  0x004169c3       0x76 ../lib/memset.o
 .debug_abbrev  0x00416a39      0x141 ../lib/snprintf.o
 .debug_abbrev  0x00416b7a       0xa7 lib/malloc.o
 .debug_abbrev  0x00416c21      0x279 ../lib/tlsf/tlsf.o

.debug_line     0x00417000     0x1c00
 *(.debug_line)
 .debug_line    0x00417000       0x9d vm86call.o
 .debug_line    0x0041709d      0x2a1 graphics.o
 .debug_line    0x0041733e      0x1f4 main.o
 .debug_line    0x00417532       0x3f lib/sysconf.o
 .debug_line    0x00417571      0x121 lib/math.o
 .debug_line    0x00417692       0xc2 lib/stdio.o
 .debug_line    0x00417754      0x2a9 lib/stdlib.o
 .debug_line    0x004179fd      0x1bb lib/qsort.o
 .debug_line    0x00417bb8       0xac ../lib/softfloat.o
 .debug_line    0x00417c64      0x172 ../lib/string.o
 .debug_line    0x00417dd6      0x1df ../lib/memcpy.o
 .debug_line    0x00417fb5       0xac ../lib/memset.o
 .debug_line    0x00418061      0x647 ../lib/snprintf.o
 .debug_line    0x004186a8       0x8c lib/malloc.o
 .debug_line    0x00418734      0x3b2 ../lib/tlsf/tlsf.o

.debug_frame
 *(.debug_frame*)

.debug_str      0x00419000      0x200
 *(.debug_str)
 .debug_str     0x00419000       0x5a graphics.o
 .debug_str     0x0041905a        0xa main.o
 .debug_str     0x00419064        0x5 lib/stdio.o
 .debug_str     0x00419069        0x9 lib/qsort.o
 .debug_str     0x00419072       0x17 ../lib/memcpy.o
 .debug_str     0x00419089       0x53 ../lib/snprintf.o
 .debug_str     0x004190dc        0x6 lib/malloc.o
 .debug_str     0x004190e2       0x6e ../lib/tlsf/tlsf.o

.debug_loc      0x0041a000     0x2400
 *(.debug_loc)
 .debug_loc     0x0041a000       0x38 vm86call.o
 .debug_loc     0x0041a038      0x230 graphics.o
 .debug_loc     0x0041a268      0x170 main.o
 .debug_loc     0x0041a3d8       0x38 lib/sysconf.o
 .debug_loc     0x0041a410      0x310 lib/math.o
 .debug_loc     0x0041a720      0x188 lib/stdio.o
 .debug_loc     0x0041a8a8      0x348 lib/stdlib.o
 .debug_loc     0x0041abf0       0xa8 lib/qsort.o
 .debug_loc     0x0041ac98      0x118 ../lib/softfloat.o
 .debug_loc     0x0041adb0      0x310 ../lib/string.o
 .debug_loc     0x0041b0c0       0x38 ../lib/memcpy.o
 .debug_loc     0x0041b0f8       0x38 ../lib/memset.o
 .debug_loc     0x0041b130      0x2a0 ../lib/snprintf.o
 .debug_loc     0x0041b3d0      0x118 lib/malloc.o
 .debug_loc     0x0041b4e8      0xe00 ../lib/tlsf/tlsf.o

.debug_macinfo
 *(.debug_macinfo)

.debug_weaknames
 *(.debug_weaknames)

.debug_funcnames
 *(.debug_funcnames)

.debug_typenames
 *(.debug_typenames)

.debug_varnames
 *(.debug_varnames)

.debug_macro
 *(.debug_macro)

.debug_ranges   0x0041d000      0x200
 *(.debug_ranges)
 .debug_ranges  0x0041d000       0x18 main.o

.debug_types
 *(.debug_types .gnu.linkonce.wt.*)
OUTPUT(a.out pei-i386)
